Archive member included to satisfy reference by file (symbol)

app/libapp.a(activity.c.obj)  (--whole-archive)
app/libapp.a(kscan.c.obj)     (--whole-archive)
app/libapp.a(matrix_transform.c.obj)
                              (--whole-archive)
app/libapp.a(hid.c.obj)       (--whole-archive)
app/libapp.a(sensors.c.obj)   (--whole-archive)
app/libapp.a(event_manager.c.obj)
                              (--whole-archive)
app/libapp.a(ext_power_generic.c.obj)
                              (--whole-archive)
app/libapp.a(activity_state_changed.c.obj)
                              (--whole-archive)
app/libapp.a(position_state_changed.c.obj)
                              (--whole-archive)
app/libapp.a(layer_state_changed.c.obj)
                              (--whole-archive)
app/libapp.a(keycode_state_changed.c.obj)
                              (--whole-archive)
app/libapp.a(modifiers_state_changed.c.obj)
                              (--whole-archive)
app/libapp.a(sensor_event.c.obj)
                              (--whole-archive)
app/libapp.a(ble_active_profile_changed.c.obj)
                              (--whole-archive)
app/libapp.a(battery_state_changed.c.obj)
                              (--whole-archive)
app/libapp.a(usb_conn_state_changed.c.obj)
                              (--whole-archive)
app/libapp.a(behavior_key_press.c.obj)
                              (--whole-archive)
app/libapp.a(behavior_reset.c.obj)
                              (--whole-archive)
app/libapp.a(behavior_hold_tap.c.obj)
                              (--whole-archive)
app/libapp.a(behavior_sticky_key.c.obj)
                              (--whole-archive)
app/libapp.a(behavior_momentary_layer.c.obj)
                              (--whole-archive)
app/libapp.a(behavior_mod_morph.c.obj)
                              (--whole-archive)
app/libapp.a(behavior_outputs.c.obj)
                              (--whole-archive)
app/libapp.a(behavior_toggle_layer.c.obj)
                              (--whole-archive)
app/libapp.a(behavior_to_layer.c.obj)
                              (--whole-archive)
app/libapp.a(behavior_transparent.c.obj)
                              (--whole-archive)
app/libapp.a(behavior_none.c.obj)
                              (--whole-archive)
app/libapp.a(behavior_sensor_rotate_key_press.c.obj)
                              (--whole-archive)
app/libapp.a(behavior_ext_power.c.obj)
                              (--whole-archive)
app/libapp.a(combo.c.obj)     (--whole-archive)
app/libapp.a(keymap.c.obj)    (--whole-archive)
app/libapp.a(behavior_bt.c.obj)
                              (--whole-archive)
app/libapp.a(ble.c.obj)       (--whole-archive)
app/libapp.a(battery.c.obj)   (--whole-archive)
app/libapp.a(central.c.obj)   (--whole-archive)
app/libapp.a(usb.c.obj)       (--whole-archive)
app/libapp.a(hog.c.obj)       (--whole-archive)
app/libapp.a(endpoints.c.obj)
                              (--whole-archive)
app/libapp.a(hid_listener.c.obj)
                              (--whole-archive)
app/libapp.a(main.c.obj)      (--whole-archive)
zephyr/libzephyr.a(crc32_sw.c.obj)
                              (--whole-archive)
zephyr/libzephyr.a(crc16_sw.c.obj)
                              (--whole-archive)
zephyr/libzephyr.a(crc8_sw.c.obj)
                              (--whole-archive)
zephyr/libzephyr.a(crc7_sw.c.obj)
                              (--whole-archive)
zephyr/libzephyr.a(dec.c.obj)
                              (--whole-archive)
zephyr/libzephyr.a(fdtable.c.obj)
                              (--whole-archive)
zephyr/libzephyr.a(hex.c.obj)
                              (--whole-archive)
zephyr/libzephyr.a(mempool.c.obj)
                              (--whole-archive)
zephyr/libzephyr.a(notify.c.obj)
                              (--whole-archive)
zephyr/libzephyr.a(printk.c.obj)
                              (--whole-archive)
zephyr/libzephyr.a(onoff.c.obj)
                              (--whole-archive)
zephyr/libzephyr.a(rb.c.obj)  (--whole-archive)
zephyr/libzephyr.a(sem.c.obj)
                              (--whole-archive)
zephyr/libzephyr.a(thread_entry.c.obj)
                              (--whole-archive)
zephyr/libzephyr.a(timeutil.c.obj)
                              (--whole-archive)
zephyr/libzephyr.a(work_q.c.obj)
                              (--whole-archive)
zephyr/libzephyr.a(heap.c.obj)
                              (--whole-archive)
zephyr/libzephyr.a(heap-validate.c.obj)
                              (--whole-archive)
zephyr/libzephyr.a(prf.c.obj)
                              (--whole-archive)
zephyr/libzephyr.a(configs.c.obj)
                              (--whole-archive)
zephyr/libzephyr.a(soc.c.obj)
                              (--whole-archive)
zephyr/libzephyr.a(stm32cube_hal.c.obj)
                              (--whole-archive)
zephyr/libzephyr.a(log_list.c.obj)
                              (--whole-archive)
zephyr/libzephyr.a(log_core.c.obj)
[...]
Memory Configuration

Name             Origin             Length             Attributes
FLASH            0x0000000008000000 0x0000000000040000 xr
SRAM             0x0000000020000000 0x000000000000a000 xw
IDT_LIST         0x000000002000a000 0x0000000000000800 xw
*default*        0x0000000000000000 0xffffffffffffffff

Linker script and memory map

LOAD zephyr/CMakeFiles/zephyr_final.dir/misc/empty_file.c.obj
LOAD zephyr/CMakeFiles/zephyr_final.dir/isr_tables.c.obj
                0x0000000000000004                _region_min_align = 0x4

.rel.plt        0x0000000008000000        0x0
 *(SORT_BY_ALIGNMENT(.rel.plt))
                [!provide]                        PROVIDE (__rel_iplt_start = .)
 *(SORT_BY_ALIGNMENT(.rel.iplt))
 .rel.iplt      0x0000000008000000        0x0 zephyr/CMakeFiles/zephyr_final.dir/isr_tables.c.obj
                [!provide]                        PROVIDE (__rel_iplt_end = .)

.rela.plt       0x0000000000000000        0x0
 *(SORT_BY_ALIGNMENT(.rela.plt))
                [!provide]                        PROVIDE (__rela_iplt_start = .)
 *(SORT_BY_ALIGNMENT(.rela.iplt))
                [!provide]                        PROVIDE (__rela_iplt_end = .)

.rel.dyn
 *(SORT_BY_ALIGNMENT(.rel.*))

.rela.dyn
 *(SORT_BY_ALIGNMENT(.rela.*))

/DISCARD/
 *(SORT_BY_ALIGNMENT(.plt))
 *(SORT_BY_ALIGNMENT(.iplt))
 *(SORT_BY_ALIGNMENT(.got.plt))
 *(SORT_BY_ALIGNMENT(.igot.plt))
 *(SORT_BY_ALIGNMENT(.got))
 *(SORT_BY_ALIGNMENT(.igot))
 *(SORT_BY_ALIGNMENT(.irq_info*))
 *(SORT_BY_ALIGNMENT(.intList*))
 *(SORT_BY_ALIGNMENT(.note.GNU-stack))
                0x0000000008000000                _image_rom_start = 0x8000000

rom_start       0x0000000008000000      0x188
                0x0000000000000000                . = 0x0
                0x0000000000000000                . = ALIGN (0x4)
                0x0000000000000000                . = ALIGN (0x80)
                0x0000000000000000                . = ALIGN (0x200)
                0x0000000008000000                _vector_start = .
 *(SORT_BY_ALIGNMENT(.exc_vector_table))
 *(SORT_BY_ALIGNMENT(.exc_vector_table.*))
 .exc_vector_table._vector_table_section
                0x0000000008000000       0x40 zephyr/arch/arch/arm/core/aarch32/cortex_m/libarch__arm__core__aarch32__cortex_m.a(vector_table.S.obj)
                0x0000000008000000                _vector_table
 *(SORT_BY_ALIGNMENT(.gnu.linkonce.irq_vector_table*))
 .gnu.linkonce.irq_vector_table*
                0x0000000008000040      0x148 zephyr/CMakeFiles/zephyr_final.dir/isr_tables.c.obj
                0x0000000008000040                _irq_vector_table
 *(SORT_BY_ALIGNMENT(.vectors))
                0x0000000008000188                _vector_end = .
 *(SORT_BY_ALIGNMENT(.openocd_dbg))
 *(SORT_BY_ALIGNMENT(.openocd_dbg.*))

text            0x0000000008000188    0x22542
                0x0000000008000188                _image_text_start = .
 *(SORT_BY_ALIGNMENT(.text))
 .text          0x0000000008000188       0x30 /home/laujonat/.local/zephyr-sdk-0.11.4/arm-zephyr-eabi/bin/../lib/gcc/arm-zephyr-eabi/9.2.0/thumb/v7e-m+fp/hard/libgcc.a(_aeabi_uldivmod.o)
                0x0000000008000188                __aeabi_uldivmod
 .text          0x00000000080001b8      0x2c4 /home/laujonat/.local/zephyr-sdk-0.11.4/arm-zephyr-eabi/bin/../lib/gcc/arm-zephyr-eabi/9.2.0/thumb/v7e-m+fp/hard/libgcc.a(_udivmoddi4.o)
                0x00000000080001b8                __udivmoddi4
 .text          0x000000000800047c        0x4 /home/laujonat/.local/zephyr-sdk-0.11.4/arm-zephyr-eabi/bin/../lib/gcc/arm-zephyr-eabi/9.2.0/thumb/v7e-m+fp/hard/libgcc.a(_dvmd_tls.o)
                0x000000000800047c                __aeabi_ldiv0
                0x000000000800047c                __aeabi_idiv0
 *(SORT_BY_ALIGNMENT(.text.*))
 .text.activity_expiry_function
                0x0000000008000480       0x38 app/libapp.a(activity.c.obj)
                0x0000000008000480                activity_expiry_function
 .text.activity_init
                0x00000000080004b8       0x34 app/libapp.a(activity.c.obj)
                0x00000000080004b8                activity_init
 .text.raise_event
                0x00000000080004ec       0x14 app/libapp.a(activity.c.obj)
                0x00000000080004ec                raise_event
 .text.set_state
                0x0000000008000500       0x1c app/libapp.a(activity.c.obj)
                0x0000000008000500                set_state
 .text.activity_event_listener
                0x000000000800051c       0x20 app/libapp.a(activity.c.obj)
                0x000000000800051c                activity_event_listener
 .text.activity_work_handler
                0x000000000800053c       0x2c app/libapp.a(activity.c.obj)
                0x000000000800053c                activity_work_handler
 .text.zmk_kscan_process_msgq
                0x0000000008000568       0xa8 app/libapp.a(kscan.c.obj)
                0x0000000008000568                zmk_kscan_process_msgq
 .text.zmk_kscan_callback
                0x0000000008000610       0x58 app/libapp.a(kscan.c.obj)
 .text.zmk_kscan_init
                0x0000000008000668       0x70 app/libapp.a(kscan.c.obj)
                0x0000000008000668                zmk_kscan_init
 .text.zmk_matrix_transform_row_column_to_position
                0x00000000080006d8       0x14 app/libapp.a(matrix_transform.c.obj)
                0x00000000080006d8                zmk_matrix_transform_row_column_to_position
 .text.zmk_hid_register_mod
                0x00000000080006ec       0x90 app/libapp.a(hid.c.obj)
                0x00000000080006ec                zmk_hid_register_mod
 .text.zmk_hid_unregister_mod
                0x000000000800077c      0x100 app/libapp.a(hid.c.obj)
                0x000000000800077c                zmk_hid_unregister_mod
 .text.zmk_hid_implicit_modifiers_press
                0x000000000800087c       0x4c app/libapp.a(hid.c.obj)
                0x000000000800087c                zmk_hid_implicit_modifiers_press
 .text.zmk_hid_implicit_modifiers_release
                0x00000000080008c8       0x4c app/libapp.a(hid.c.obj)
                0x00000000080008c8                zmk_hid_implicit_modifiers_release
 .text.zmk_hid_keyboard_press
                0x0000000008000914       0x40 app/libapp.a(hid.c.obj)
                0x0000000008000914                zmk_hid_keyboard_press
 .text.zmk_hid_keyboard_release
                0x0000000008000954       0x3c app/libapp.a(hid.c.obj)
                0x0000000008000954                zmk_hid_keyboard_release
 .text.zmk_hid_keyboard_clear
                0x0000000008000990       0x14 app/libapp.a(hid.c.obj)
                0x0000000008000990                zmk_hid_keyboard_clear
 .text.zmk_hid_consumer_press
                0x00000000080009a4       0x30 app/libapp.a(hid.c.obj)
                0x00000000080009a4                zmk_hid_consumer_press
 .text.zmk_hid_consumer_release
                0x00000000080009d4       0x30 app/libapp.a(hid.c.obj)
                0x00000000080009d4                zmk_hid_consumer_release
 .text.zmk_hid_consumer_clear
                0x0000000008000a04       0x14 app/libapp.a(hid.c.obj)
                0x0000000008000a04                zmk_hid_consumer_clear
 .text.zmk_hid_get_keyboard_report
                0x0000000008000a18        0x8 app/libapp.a(hid.c.obj)
                0x0000000008000a18                zmk_hid_get_keyboard_report
 .text.zmk_hid_get_consumer_report
                0x0000000008000a20        0x8 app/libapp.a(hid.c.obj)
                0x0000000008000a20                zmk_hid_get_consumer_report
 .text.zmk_event_manager_handle_from
                0x0000000008000a28       0xe4 app/libapp.a(event_manager.c.obj)
                0x0000000008000a28                zmk_event_manager_handle_from
 .text.zmk_event_manager_raise_at
                0x0000000008000b0c       0x70 app/libapp.a(event_manager.c.obj)
                0x0000000008000b0c                zmk_event_manager_raise_at
 .text.new_zmk_activity_state_changed
                0x0000000008000b7c       0x18 app/libapp.a(activity_state_changed.c.obj)
                0x0000000008000b7c                new_zmk_activity_state_changed
 .text.new_zmk_position_state_changed
                0x0000000008000b94       0x2c app/libapp.a(position_state_changed.c.obj)
                0x0000000008000b94                new_zmk_position_state_changed
 .text.as_zmk_position_state_changed
                0x0000000008000bc0       0x14 app/libapp.a(position_state_changed.c.obj)
                0x0000000008000bc0                as_zmk_position_state_changed
 .text.new_zmk_layer_state_changed
                0x0000000008000bd4       0x2c app/libapp.a(layer_state_changed.c.obj)
                0x0000000008000bd4                new_zmk_layer_state_changed
 .text.new_zmk_keycode_state_changed
                0x0000000008000c00       0x38 app/libapp.a(keycode_state_changed.c.obj)
                0x0000000008000c00                new_zmk_keycode_state_changed
 .text.as_zmk_keycode_state_changed
                0x0000000008000c38       0x14 app/libapp.a(keycode_state_changed.c.obj)
                0x0000000008000c38                as_zmk_keycode_state_changed
 .text.new_zmk_ble_active_profile_changed
                0x0000000008000c4c       0x2c app/libapp.a(ble_active_profile_changed.c.obj)
                0x0000000008000c4c                new_zmk_ble_active_profile_changed
 .text.new_zmk_battery_state_changed
                0x0000000008000c78       0x18 app/libapp.a(battery_state_changed.c.obj)
                0x0000000008000c78                new_zmk_battery_state_changed
 .text.new_zmk_usb_conn_state_changed
                0x0000000008000c90       0x18 app/libapp.a(usb_conn_state_changed.c.obj)
                0x0000000008000c90                new_zmk_usb_conn_state_changed
 .text.on_keymap_binding_pressed
                0x0000000008000ca8       0xbc app/libapp.a(behavior_key_press.c.obj)
 .text.on_keymap_binding_released
                0x0000000008000d64       0xbc app/libapp.a(behavior_key_press.c.obj)
 .text.capture_event
                0x0000000008000e20       0x28 app/libapp.a(behavior_hold_tap.c.obj)
 .text.find_hold_tap
                0x0000000008000e48       0x28 app/libapp.a(behavior_hold_tap.c.obj)
 .text.store_hold_tap
                0x0000000008000e70       0x50 app/libapp.a(behavior_hold_tap.c.obj)
 .text.find_captured_keydown_event
                0x0000000008000ec0       0x38 app/libapp.a(behavior_hold_tap.c.obj)
 .text.keycode_state_changed_listener
                0x0000000008000ef8       0x9c app/libapp.a(behavior_hold_tap.c.obj)
 .text.release_captured_events
                0x0000000008000f94       0xe0 app/libapp.a(behavior_hold_tap.c.obj)
 .text.decide_hold_tap
                0x0000000008001074      0x16c app/libapp.a(behavior_hold_tap.c.obj)
 .text.position_state_changed_listener
                0x00000000080011e0      0x1a0 app/libapp.a(behavior_hold_tap.c.obj)
 .text.on_hold_tap_binding_released
                0x0000000008001380      0x15c app/libapp.a(behavior_hold_tap.c.obj)
 .text.on_hold_tap_binding_pressed
                0x00000000080014dc      0x114 app/libapp.a(behavior_hold_tap.c.obj)
 .text.behavior_hold_tap_init
                0x00000000080015f0       0x48 app/libapp.a(behavior_hold_tap.c.obj)
 .text.store_sticky_key
                0x0000000008001638       0x58 app/libapp.a(behavior_sticky_key.c.obj)
 .text.find_sticky_key
                0x0000000008001690       0x34 app/libapp.a(behavior_sticky_key.c.obj)
 .text.behavior_sticky_key_init
                0x00000000080016c4       0x48 app/libapp.a(behavior_sticky_key.c.obj)
 .text.on_sticky_key_binding_pressed
                0x000000000800170c      0x14c app/libapp.a(behavior_sticky_key.c.obj)
 .text.sticky_key_keycode_state_changed_listener
                0x0000000008001858      0x1d8 app/libapp.a(behavior_sticky_key.c.obj)
 .text.on_sticky_key_binding_released
                0x0000000008001a30      0x13c app/libapp.a(behavior_sticky_key.c.obj)
 .text.mo_keymap_binding_released
                0x0000000008001b6c       0x5c app/libapp.a(behavior_momentary_layer.c.obj)
 .text.mo_keymap_binding_pressed
                0x0000000008001bc8       0x5c app/libapp.a(behavior_momentary_layer.c.obj)
 .text.on_keymap_binding_pressed
                0x0000000008001c24       0x68 app/libapp.a(behavior_outputs.c.obj)
 .text.tog_keymap_binding_released
                0x0000000008001c8c       0x54 app/libapp.a(behavior_toggle_layer.c.obj)
 .text.tog_keymap_binding_pressed
                0x0000000008001ce0       0x5c app/libapp.a(behavior_toggle_layer.c.obj)
 .text.to_keymap_binding_released
                0x0000000008001d3c       0x54 app/libapp.a(behavior_to_layer.c.obj)
 .text.to_keymap_binding_pressed
                0x0000000008001d90       0x5c app/libapp.a(behavior_to_layer.c.obj)
 .text.on_sensor_binding_triggered
                0x0000000008001dec      0x198 app/libapp.a(behavior_sensor_rotate_key_press.c.obj)
 .text.on_keymap_binding_pressed
                0x0000000008001f84       0xe0 app/libapp.a(behavior_ext_power.c.obj)
 .text.zmk_keymap_layer_active
                0x0000000008002064       0x10 app/libapp.a(keymap.c.obj)
                0x0000000008002064                zmk_keymap_layer_active
 .text.zmk_keymap_layer_activate
                0x0000000008002074       0x94 app/libapp.a(keymap.c.obj)
                0x0000000008002074                zmk_keymap_layer_activate
 .text.zmk_keymap_layer_deactivate
                0x0000000008002108       0x9c app/libapp.a(keymap.c.obj)
                0x0000000008002108                zmk_keymap_layer_deactivate
 .text.zmk_keymap_apply_position_state
                0x00000000080021a4      0x140 app/libapp.a(keymap.c.obj)
                0x00000000080021a4                zmk_keymap_apply_position_state
 .text.zmk_keymap_position_state_changed
                0x00000000080022e4       0xc4 app/libapp.a(keymap.c.obj)
                0x00000000080022e4                zmk_keymap_position_state_changed
 .text.on_keymap_binding_pressed
                0x00000000080023a8       0x6c app/libapp.a(behavior_bt.c.obj)
 .text.raise_profile_changed_event
                0x0000000008002414       0x34 app/libapp.a(ble.c.obj)
 .text.ble_save_profile_work
                0x0000000008002448       0x18 app/libapp.a(ble.c.obj)
 .text.ble_save_profile
                0x0000000008002460       0x24 app/libapp.a(ble.c.obj)
 .text.ble_profiles_handle_set
                0x0000000008002484      0x2e4 app/libapp.a(ble.c.obj)
 .text.is_conn_active_profile
                0x0000000008002768       0x30 app/libapp.a(ble.c.obj)
 .text.le_param_updated
                0x0000000008002798       0xe4 app/libapp.a(ble.c.obj)
 .text.auth_cancel
                0x000000000800287c       0xe8 app/libapp.a(ble.c.obj)
 .text.security_changed
                0x0000000008002964      0x110 app/libapp.a(ble.c.obj)
 .text.disconnected
                0x0000000008002a74      0x16c app/libapp.a(ble.c.obj)
 .text.zmk_ble_active_profile_is_open
                0x0000000008002be0       0x3c app/libapp.a(ble.c.obj)
                0x0000000008002be0                zmk_ble_active_profile_is_open
 .text.auth_pairing_accept
                0x0000000008002c1c       0xa8 app/libapp.a(ble.c.obj)
 .text.set_profile_address
                0x0000000008002cc4      0x140 app/libapp.a(ble.c.obj)
                0x0000000008002cc4                set_profile_address
 .text.zmk_ble_active_profile_addr
                0x0000000008002e04       0x1c app/libapp.a(ble.c.obj)
                0x0000000008002e04                zmk_ble_active_profile_addr
 .text.update_advertising
                0x0000000008002e20      0x340 app/libapp.a(ble.c.obj)
                0x0000000008002e20                update_advertising
 .text.zmk_ble_clear_bonds
                0x0000000008003160       0xc4 app/libapp.a(ble.c.obj)
                0x0000000008003160                zmk_ble_clear_bonds
 .text.zmk_ble_prof_select
                0x0000000008003224       0x5c app/libapp.a(ble.c.obj)
                0x0000000008003224                zmk_ble_prof_select
 .text.zmk_ble_prof_next
                0x0000000008003280       0x5c app/libapp.a(ble.c.obj)
                0x0000000008003280                zmk_ble_prof_next
 .text.zmk_ble_prof_prev
                0x00000000080032dc       0x5c app/libapp.a(ble.c.obj)
                0x00000000080032dc                zmk_ble_prof_prev
 .text.auth_pairing_complete
                0x0000000008003338      0x128 app/libapp.a(ble.c.obj)
 .text.connected
                0x0000000008003460      0x230 app/libapp.a(ble.c.obj)
 .text.zmk_ble_ready
                0x0000000008003690       0x6c app/libapp.a(ble.c.obj)
 .text.zmk_ble_init
                0x00000000080036fc      0x144 app/libapp.a(ble.c.obj)
 .text.zmk_ble_set_peripheral_addr
                0x0000000008003840       0x24 app/libapp.a(ble.c.obj)
                0x0000000008003840                zmk_ble_set_peripheral_addr
 .text.zmk_battery_update
                0x0000000008003864       0xfc app/libapp.a(battery.c.obj)
 .text.zmk_battery_work
                0x0000000008003960       0x4c app/libapp.a(battery.c.obj)
 .text.zmk_battery_timer
                0x00000000080039ac       0x38 app/libapp.a(battery.c.obj)
 .text.zmk_battery_init
                0x00000000080039e4       0xa4 app/libapp.a(battery.c.obj)
 .text.peripheral_event_work_callback
                0x0000000008003a88       0x60 app/libapp.a(central.c.obj)
                0x0000000008003a88                peripheral_event_work_callback
 .text.split_central_process_connection
                0x0000000008003ae8      0x130 app/libapp.a(central.c.obj)
 .text.split_central_notify_func
                0x0000000008003c18      0x128 app/libapp.a(central.c.obj)
 .text.split_central_subscribe
                0x0000000008003d40       0xa0 app/libapp.a(central.c.obj)
 .text.split_central_discovery_func
                0x0000000008003de0      0x1a0 app/libapp.a(central.c.obj)
 .text.start_scan
                0x0000000008003f80       0x88 app/libapp.a(central.c.obj)
 .text.zmk_split_bt_central_init
                0x0000000008004008       0x14 app/libapp.a(central.c.obj)
                0x0000000008004008                zmk_split_bt_central_init
 .text.split_central_connected
                0x000000000800401c      0x120 app/libapp.a(central.c.obj)
 .text.split_central_eir_found
                0x000000000800413c      0x2a0 app/libapp.a(central.c.obj)
 .text.split_central_disconnected
                0x00000000080043dc       0xf0 app/libapp.a(central.c.obj)
 .text.split_central_device_found
                0x00000000080044cc       0xf8 app/libapp.a(central.c.obj)
 .text.in_ready_cb
                0x00000000080045c4       0x10 app/libapp.a(usb.c.obj)
 .text.zmk_usb_init
                0x00000000080045d4       0xa0 app/libapp.a(usb.c.obj)
 .text.zmk_usb_hid_send_report
                0x0000000008004674       0x60 app/libapp.a(usb.c.obj)
                0x0000000008004674                zmk_usb_hid_send_report
 .text.zmk_usb_get_conn_state
                0x00000000080046d4       0x2c app/libapp.a(usb.c.obj)
                0x00000000080046d4                zmk_usb_get_conn_state
 .text.usb_status_cb
                0x0000000008004700       0x10 app/libapp.a(usb.c.obj)
                0x0000000008004700                usb_status_cb
 .text.read_hids_report_map
                0x0000000008004710       0x20 app/libapp.a(hog.c.obj)
 .text.zmk_hog_init
                0x0000000008004730       0x1c app/libapp.a(hog.c.obj)
                0x0000000008004730                zmk_hog_init
 .text.destination_connection
                0x000000000800474c       0xb4 app/libapp.a(hog.c.obj)
                0x000000000800474c                destination_connection
 .text.send_keyboard_report_callback
                0x0000000008004800       0x80 app/libapp.a(hog.c.obj)
                0x0000000008004800                send_keyboard_report_callback
 .text.send_consumer_report_callback
                0x0000000008004880       0x88 app/libapp.a(hog.c.obj)
                0x0000000008004880                send_consumer_report_callback
 .text.zmk_hog_send_keyboard_report
                0x0000000008004908       0xcc app/libapp.a(hog.c.obj)
                0x0000000008004908                zmk_hog_send_keyboard_report
 .text.zmk_hog_send_consumer_report
                0x00000000080049d4       0xcc app/libapp.a(hog.c.obj)
                0x00000000080049d4                zmk_hog_send_consumer_report
 .text.endpoints_save_preferred
                0x0000000008004aa0       0x24 app/libapp.a(endpoints.c.obj)
 .text.get_selected_endpoint
                0x0000000008004ac4       0xd8 app/libapp.a(endpoints.c.obj)
 .text.send_keyboard_report
                0x0000000008004b9c       0xb8 app/libapp.a(endpoints.c.obj)
 .text.send_consumer_report
                0x0000000008004c54       0xb8 app/libapp.a(endpoints.c.obj)
 .text.zmk_endpoints_init
                0x0000000008004d0c       0x64 app/libapp.a(endpoints.c.obj)
 .text.endpoints_save_preferred_work
                0x0000000008004d70       0x18 app/libapp.a(endpoints.c.obj)
 .text.zmk_endpoints_send_report
                0x0000000008004d88       0x7c app/libapp.a(endpoints.c.obj)
                0x0000000008004d88                zmk_endpoints_send_report
 .text.update_current_endpoint
                0x0000000008004e04       0x50 app/libapp.a(endpoints.c.obj)
 .text.zmk_endpoints_select
                0x0000000008004e54       0x58 app/libapp.a(endpoints.c.obj)
                0x0000000008004e54                zmk_endpoints_select
 .text.zmk_endpoints_toggle
                0x0000000008004eac       0x18 app/libapp.a(endpoints.c.obj)
                0x0000000008004eac                zmk_endpoints_toggle
 .text.endpoints_handle_set
                0x0000000008004ec4       0xd4 app/libapp.a(endpoints.c.obj)
 .text.hid_listener_keycode_pressed
                0x0000000008004f98       0xd8 app/libapp.a(hid_listener.c.obj)
 .text.hid_listener_keycode_released
                0x0000000008005070       0xd8 app/libapp.a(hid_listener.c.obj)
 .text.main     0x0000000008005148       0x3c app/libapp.a(main.c.obj)
                0x0000000008005148                main
 .text.crc8_ccitt
                0x0000000008005184       0x30 zephyr/libzephyr.a(crc8_sw.c.obj)
                0x0000000008005184                crc8_ccitt
 .text.u8_to_dec
                0x00000000080051b4       0x50 zephyr/libzephyr.a(dec.c.obj)
                0x00000000080051b4                u8_to_dec
 .text.print_digits
                0x0000000008005204       0xd8 zephyr/libzephyr.a(printk.c.obj)
 .text.char_out
                0x00000000080052dc       0x14 zephyr/libzephyr.a(printk.c.obj)
 .text.__printk_hook_install
                0x00000000080052f0        0xc zephyr/libzephyr.a(printk.c.obj)
                0x00000000080052f0                __printk_hook_install
 .text.vprintk  0x00000000080052fc       0x20 zephyr/libzephyr.a(printk.c.obj)
                0x00000000080052fc                vprintk
 .text.vsnprintk
                0x000000000800531c       0x2c zephyr/libzephyr.a(printk.c.obj)
                0x000000000800531c                vsnprintk
 .text._ldiv5   0x0000000008005348       0x8c zephyr/libzephyr.a(prf.c.obj)
 .text._to_float
                0x00000000080053d4      0x3c8 zephyr/libzephyr.a(prf.c.obj)
 .text.z_prf    0x000000000800579c      0x7b0 zephyr/libzephyr.a(prf.c.obj)
                0x000000000800579c                z_prf
 .text.stm32f3_init
                0x0000000008005f4c       0x2c zephyr/libzephyr.a(soc.c.obj)
 .text.is_rodata
                0x0000000008005f78       0x20 zephyr/libzephyr.a(log_core.c.obj)
 .text.thread_set
                0x0000000008005f98       0x28 zephyr/libzephyr.a(log_core.c.obj)
 .text.log_process_thread_timer_expiry_fn
                0x0000000008005fc0       0x10 zephyr/libzephyr.a(log_core.c.obj)
 .text.enable_logger
                0x0000000008005fd0       0x5c zephyr/libzephyr.a(log_core.c.obj)
 .text.log_core_init
                0x000000000800602c       0x3c zephyr/libzephyr.a(log_core.c.obj)
                0x000000000800602c                log_core_init
 .text.dropped_notify
                0x0000000008006068       0x58 zephyr/libzephyr.a(log_core.c.obj)
                0x0000000008006068                dropped_notify
 .text.log_dropped
                0x00000000080060c0       0x20 zephyr/libzephyr.a(log_core.c.obj)
                0x00000000080060c0                log_dropped
 .text.log_source_name_get
                0x00000000080060e0       0x20 zephyr/libzephyr.a(log_core.c.obj)
                0x00000000080060e0                log_source_name_get
 .text.log_backend_enable
                0x0000000008006100       0x3c zephyr/libzephyr.a(log_core.c.obj)
                0x0000000008006100                log_backend_enable
 .text.log_init
                0x000000000800613c       0x64 zephyr/libzephyr.a(log_core.c.obj)
                0x000000000800613c                log_init
 .text.log_strdup
                0x00000000080061a0       0x60 zephyr/libzephyr.a(log_core.c.obj)
                0x00000000080061a0                log_strdup
 .text.log_is_strdup
                0x0000000008006200       0x24 zephyr/libzephyr.a(log_core.c.obj)
                0x0000000008006200                log_is_strdup
 .text.detect_missed_strdup
                0x0000000008006224       0xa8 zephyr/libzephyr.a(log_core.c.obj)
 .text.msg_process
                0x00000000080062cc       0x64 zephyr/libzephyr.a(log_core.c.obj)
 .text.z_impl_log_process
                0x0000000008006330       0x78 zephyr/libzephyr.a(log_core.c.obj)
                0x0000000008006330                z_impl_log_process
 .text.log_3    0x00000000080063a8      0x110 zephyr/libzephyr.a(log_core.c.obj)
                0x00000000080063a8                log_3
 .text.z_impl_log_panic
                0x00000000080064b8       0x58 zephyr/libzephyr.a(log_core.c.obj)
                0x00000000080064b8                z_impl_log_panic
 .text.log_process_thread_func
                0x0000000008006510       0x30 zephyr/libzephyr.a(log_core.c.obj)
 .text.log_1    0x0000000008006540      0x100 zephyr/libzephyr.a(log_core.c.obj)
                0x0000000008006540                log_1
 .text.log_2    0x0000000008006640      0x108 zephyr/libzephyr.a(log_core.c.obj)
                0x0000000008006640                log_2
 .text.log_n    0x0000000008006748       0xd8 zephyr/libzephyr.a(log_core.c.obj)
                0x0000000008006748                log_n
 .text.log_0    0x0000000008006820       0xf0 zephyr/libzephyr.a(log_core.c.obj)
                0x0000000008006820                log_0
 .text.log_free
                0x0000000008006910       0x38 zephyr/libzephyr.a(log_core.c.obj)
                0x0000000008006910                log_free
 .text.cont_free
                0x0000000008006948       0x20 zephyr/libzephyr.a(log_msg.c.obj)
 .text.log_msg_pool_init
                0x0000000008006968       0x18 zephyr/libzephyr.a(log_msg.c.obj)
                0x0000000008006968                log_msg_pool_init
 .text.log_msg_no_space_handle
                0x0000000008006980       0x30 zephyr/libzephyr.a(log_msg.c.obj)
                0x0000000008006980                log_msg_no_space_handle
 .text.log_msg_chunk_alloc
                0x00000000080069b0       0x38 zephyr/libzephyr.a(log_msg.c.obj)
                0x00000000080069b0                log_msg_chunk_alloc
 .text.msg_free
                0x00000000080069e8       0x80 zephyr/libzephyr.a(log_msg.c.obj)
 .text.print_formatted
                0x0000000008006a68       0x28 zephyr/libzephyr.a(log_output.c.obj)
 .text.timestamp_print
                0x0000000008006a90       0x8c zephyr/libzephyr.a(log_output.c.obj)
 .text.color_print
                0x0000000008006b1c       0x2c zephyr/libzephyr.a(log_output.c.obj)
 .text.newline_print
                0x0000000008006b48       0x28 zephyr/libzephyr.a(log_output.c.obj)
 .text.hexdump_line_print
                0x0000000008006b70       0xbc zephyr/libzephyr.a(log_output.c.obj)
 .text.ids_print
                0x0000000008006c2c       0x5c zephyr/libzephyr.a(log_output.c.obj)
 .text.hexdump_print
                0x0000000008006c88       0x54 zephyr/libzephyr.a(log_output.c.obj)
 .text.raw_string_print
                0x0000000008006cdc       0x5c zephyr/libzephyr.a(log_output.c.obj)
 .text.log_output_dropped_process
                0x0000000008006d38       0x58 zephyr/libzephyr.a(log_output.c.obj)
                0x0000000008006d38                log_output_dropped_process
 .text.log_output_timestamp_freq_set
                0x0000000008006d90       0x2c zephyr/libzephyr.a(log_output.c.obj)
                0x0000000008006d90                log_output_timestamp_freq_set
 .text.char_out
                0x0000000008006dbc       0x24 zephyr/libzephyr.a(log_backend_uart.c.obj)
 .text.log_backend_uart_init
                0x0000000008006de0       0x18 zephyr/libzephyr.a(log_backend_uart.c.obj)
 .text.panic    0x0000000008006df8       0x10 zephyr/libzephyr.a(log_backend_uart.c.obj)
 .text.dropped  0x0000000008006e08       0x10 zephyr/libzephyr.a(log_backend_uart.c.obj)
 .text.put      0x0000000008006e18       0x20 zephyr/libzephyr.a(log_backend_uart.c.obj)
 .text.read_pnp_id
                0x0000000008006e38       0x20 zephyr/libzephyr.a(dis.c.obj)
 .text.blvl_ccc_cfg_changed
                0x0000000008006e58       0x44 zephyr/libzephyr.a(bas.c.obj)
 .text.read_blvl
                0x0000000008006e9c       0x28 zephyr/libzephyr.a(bas.c.obj)
 .text.bt_bas_set_battery_level
                0x0000000008006ec4       0x50 zephyr/libzephyr.a(bas.c.obj)
                0x0000000008006ec4                bt_bas_set_battery_level
 .text.nvs_init
                0x0000000008006f14      0x1f0 zephyr/libzephyr.a(nvs.c.obj)
                0x0000000008006f14                nvs_init
 .text.nvs_write
                0x0000000008007104      0x194 zephyr/libzephyr.a(nvs.c.obj)
                0x0000000008007104                nvs_write
 .text.nvs_read_hist
                0x0000000008007298      0x100 zephyr/libzephyr.a(nvs.c.obj)
                0x0000000008007298                nvs_read_hist
 .text.usb_handle_request
                0x0000000008007398       0x28 zephyr/libzephyr.a(usb_device.c.obj)
 .text.usb_register_request_handler
                0x00000000080073c0       0x10 zephyr/libzephyr.a(usb_device.c.obj)
 .text.usb_register_descriptors
                0x00000000080073d0        0xc zephyr/libzephyr.a(usb_device.c.obj)
 .text.usb_get_descriptor
                0x00000000080073dc       0x58 zephyr/libzephyr.a(usb_device.c.obj)
 .text.is_device_configured
                0x0000000008007434       0x14 zephyr/libzephyr.a(usb_device.c.obj)
 .text.is_interface_valid
                0x0000000008007448       0x24 zephyr/libzephyr.a(usb_device.c.obj)
 .text.is_ep_valid
                0x000000000800746c       0x68 zephyr/libzephyr.a(usb_device.c.obj)
 .text.usb_register_custom_req_handler
                0x00000000080074d4        0xc zephyr/libzephyr.a(usb_device.c.obj)
 .text.usb_register_status_callback
                0x00000000080074e0        0xc zephyr/libzephyr.a(usb_device.c.obj)
 .text.foreach_ep
                0x00000000080074ec       0x64 zephyr/libzephyr.a(usb_device.c.obj)
 .text.class_handler
                0x0000000008007550       0x60 zephyr/libzephyr.a(usb_device.c.obj)
 .text.custom_handler
                0x00000000080075b0       0x68 zephyr/libzephyr.a(usb_device.c.obj)
 .text.vendor_handler
                0x0000000008007618       0x58 zephyr/libzephyr.a(usb_device.c.obj)
 .text.set_endpoint
                0x0000000008007670      0x108 zephyr/libzephyr.a(usb_device.c.obj)
 .text.usb_set_configuration
                0x0000000008007778       0x78 zephyr/libzephyr.a(usb_device.c.obj)
 .text.usb_handle_std_device_req
                0x00000000080077f0       0x6c zephyr/libzephyr.a(usb_device.c.obj)
 .text.reset_endpoint
                0x000000000800785c       0x7c zephyr/libzephyr.a(usb_device.c.obj)
 .text.usb_set_interface
                0x00000000080078d8       0x64 zephyr/libzephyr.a(usb_device.c.obj)
 .text.usb_handle_std_endpoint_req
                0x000000000800793c      0x120 zephyr/libzephyr.a(usb_device.c.obj)
 .text.usb_handle_standard_request
                0x0000000008007a5c       0x70 zephyr/libzephyr.a(usb_device.c.obj)
 .text.composite_setup_ep_cb
                0x0000000008007acc       0x64 zephyr/libzephyr.a(usb_device.c.obj)
 .text.forward_status_cb
                0x0000000008007b30       0x84 zephyr/libzephyr.a(usb_device.c.obj)
 .text.usb_write
                0x0000000008007bb4       0x6c zephyr/libzephyr.a(usb_device.c.obj)
                0x0000000008007bb4                usb_write
 .text.usb_data_to_host
                0x0000000008007c20       0x58 zephyr/libzephyr.a(usb_device.c.obj)
 .text.usb_handle_control_transfer
                0x0000000008007c78      0x170 zephyr/libzephyr.a(usb_device.c.obj)
 .text.usb_set_config
                0x0000000008007de8       0x38 zephyr/libzephyr.a(usb_device.c.obj)
                0x0000000008007de8                usb_set_config
 .text.usb_device_init
                0x0000000008007e20       0x54 zephyr/libzephyr.a(usb_device.c.obj)
 .text.usb_enable
                0x0000000008007e74       0xd4 zephyr/libzephyr.a(usb_device.c.obj)
                0x0000000008007e74                usb_enable
 .text.usb_get_cfg_data
                0x0000000008007f48       0x48 zephyr/libzephyr.a(usb_descriptor.c.obj)
 .text.usb_update_sn_string_descriptor
                0x0000000008007f90       0x74 zephyr/libzephyr.a(usb_descriptor.c.obj)
                0x0000000008007f90                usb_update_sn_string_descriptor
 .text.usb_fix_ascii_sn_string_descriptor
                0x0000000008008004       0x60 zephyr/libzephyr.a(usb_descriptor.c.obj)
 .text.usb_fix_descriptor
                0x0000000008008064      0x17c zephyr/libzephyr.a(usb_descriptor.c.obj)
 .text.usb_get_device_descriptor
                0x00000000080081e0       0x44 zephyr/libzephyr.a(usb_descriptor.c.obj)
                0x00000000080081e0                usb_get_device_descriptor
 .text.usb_ep_get_transfer
                0x0000000008008224       0x2c zephyr/libzephyr.a(usb_transfer.c.obj)
 .text.usb_transfer_work
                0x0000000008008250      0x1bc zephyr/libzephyr.a(usb_transfer.c.obj)
 .text.usb_cancel_transfer
                0x000000000800840c       0x64 zephyr/libzephyr.a(usb_transfer.c.obj)
                0x000000000800840c                usb_cancel_transfer
 .text.usb_cancel_transfers
                0x0000000008008470       0x84 zephyr/libzephyr.a(usb_transfer.c.obj)
                0x0000000008008470                usb_cancel_transfers
 .text.usb_transfer_init
                0x00000000080084f4       0x40 zephyr/libzephyr.a(usb_transfer.c.obj)
                0x00000000080084f4                usb_transfer_init
 .text.get_flash_area_from_id
                0x0000000008008534       0x34 zephyr/libzephyr.a(flash_map.c.obj)
 .text.flash_area_open
                0x0000000008008568       0x28 zephyr/libzephyr.a(flash_map.c.obj)
                0x0000000008008568                flash_area_open
 .text.flash_area_get_sectors
                0x0000000008008590       0x18 zephyr/libzephyr.a(flash_map.c.obj)
                0x0000000008008590                flash_area_get_sectors
 .text.settings_save_one
                0x00000000080085a8       0x4c zephyr/libzephyr.a(settings_store.c.obj)
                0x00000000080085a8                settings_save_one
 .text.settings_src_register
                0x00000000080085f4       0x20 zephyr/libzephyr.a(settings_store.c.obj)
                0x00000000080085f4                settings_src_register
 .text.settings_dst_register
                0x0000000008008614        0xc zephyr/libzephyr.a(settings_store.c.obj)
                0x0000000008008614                settings_dst_register
 .text.settings_load_subtree
                0x0000000008008620       0x54 zephyr/libzephyr.a(settings_store.c.obj)
                0x0000000008008620                settings_load_subtree
 .text.settings_load_subtree_direct
                0x0000000008008674       0x48 zephyr/libzephyr.a(settings_store.c.obj)
                0x0000000008008674                settings_load_subtree_direct
 .text.settings_store_init
                0x00000000080086bc       0x10 zephyr/libzephyr.a(settings_store.c.obj)
                0x00000000080086bc                settings_store_init
 .text.settings_init
                0x00000000080086cc       0x14 zephyr/libzephyr.a(settings.c.obj)
                0x00000000080086cc                settings_init
 .text.settings_register
                0x00000000080086e0       0x98 zephyr/libzephyr.a(settings.c.obj)
                0x00000000080086e0                settings_register
 .text.settings_parse_and_lookup
                0x0000000008008778       0xb8 zephyr/libzephyr.a(settings.c.obj)
                0x0000000008008778                settings_parse_and_lookup
 .text.settings_call_set_handler
                0x0000000008008830       0xa0 zephyr/libzephyr.a(settings.c.obj)
                0x0000000008008830                settings_call_set_handler
 .text.settings_commit_subtree
                0x00000000080088d0       0x80 zephyr/libzephyr.a(settings.c.obj)
                0x00000000080088d0                settings_commit_subtree
 .text.settings_subsys_init
                0x0000000008008950       0x24 zephyr/libzephyr.a(settings_init.c.obj)
                0x0000000008008950                settings_subsys_init
 .text.settings_nvs_load
                0x0000000008008974       0xc0 zephyr/libzephyr.a(settings_nvs.c.obj)
 .text.settings_nvs_src
                0x0000000008008a34       0x14 zephyr/libzephyr.a(settings_nvs.c.obj)
                0x0000000008008a34                settings_nvs_src
 .text.settings_nvs_dst
                0x0000000008008a48       0x14 zephyr/libzephyr.a(settings_nvs.c.obj)
                0x0000000008008a48                settings_nvs_dst
 .text.settings_backend_init
                0x0000000008008a5c       0x98 zephyr/libzephyr.a(settings_nvs.c.obj)
                0x0000000008008a5c                settings_backend_init
 .text.sys_reboot
                0x0000000008008af4       0x30 zephyr/libzephyr.a(reboot.c.obj)
                0x0000000008008af4                sys_reboot
 .text.console_out
                0x0000000008008b24       0x2c zephyr/libzephyr.a(uart_console.c.obj)
 .text.uart_console_hook_install
                0x0000000008008b50       0x18 zephyr/libzephyr.a(uart_console.c.obj)
 .text.uart_console_init
                0x0000000008008b68       0x1c zephyr/libzephyr.a(uart_console.c.obj)
 .text.__stm32_exti_isr
                0x0000000008008b84       0x40 zephyr/libzephyr.a(intc_exti_stm32.c.obj)
 .text.stm32_exti_enable
                0x0000000008008bc4       0x20 zephyr/libzephyr.a(intc_exti_stm32.c.obj)
                0x0000000008008bc4                stm32_exti_enable
 .text.stm32_exti_disable
                0x0000000008008be4       0x18 zephyr/libzephyr.a(intc_exti_stm32.c.obj)
                0x0000000008008be4                stm32_exti_disable
 .text.stm32_exti_trigger
                0x0000000008008bfc       0x70 zephyr/libzephyr.a(intc_exti_stm32.c.obj)
                0x0000000008008bfc                stm32_exti_trigger
 .text.stm32_exti_set_callback
                0x0000000008008c6c       0x24 zephyr/libzephyr.a(intc_exti_stm32.c.obj)
                0x0000000008008c6c                stm32_exti_set_callback
 .text.stm32_exti_unset_callback
                0x0000000008008c90       0x14 zephyr/libzephyr.a(intc_exti_stm32.c.obj)
                0x0000000008008c90                stm32_exti_unset_callback
 .text.stm32_clock_control_on
                0x0000000008008ca4       0x5c zephyr/libzephyr.a(clock_stm32_ll_common.c.obj)
 .text.stm32_clock_control_off
                0x0000000008008d00       0x48 zephyr/libzephyr.a(clock_stm32_ll_common.c.obj)
 .text.stm32_clock_control_get_subsys_rate
                0x0000000008008d48       0x50 zephyr/libzephyr.a(clock_stm32_ll_common.c.obj)
 .text.stm32_clock_switch_to_hsi
                0x0000000008008d98       0x44 zephyr/libzephyr.a(clock_stm32_ll_common.c.obj)
 .text.stm32_clock_control_init
                0x0000000008008ddc       0x4c zephyr/libzephyr.a(clock_stm32_ll_common.c.obj)
 .text.config_enable_default_clocks
                0x0000000008008e28       0x20 zephyr/libzephyr.a(clock_stm32f0_f3.c.obj)
                0x0000000008008e28                config_enable_default_clocks
 .text.enable_port
                0x0000000008008e48       0x40 zephyr/libzephyr.a(pinmux_stm32.c.obj)
 .text.stm32_setup_pins
                0x0000000008008e88       0x30 zephyr/libzephyr.a(pinmux_stm32.c.obj)
                0x0000000008008e88                stm32_setup_pins
 .text.usb_dc_stm32_get_ep_state
                0x0000000008008eb8       0x2c zephyr/libzephyr.a(usb_dc_stm32.c.obj)
 .text.usb_dc_stm32_clock_enable
                0x0000000008008ee4       0x64 zephyr/libzephyr.a(usb_dc_stm32.c.obj)
 .text.usb_dc_stm32_init
                0x0000000008008f48       0xe0 zephyr/libzephyr.a(usb_dc_stm32.c.obj)
 .text.usb_dc_stm32_isr
                0x0000000008009028       0x10 zephyr/libzephyr.a(usb_dc_stm32.c.obj)
 .text.usb_dc_attach
                0x0000000008009038       0x5c zephyr/libzephyr.a(usb_dc_stm32.c.obj)
                0x0000000008009038                usb_dc_attach
 .text.usb_dc_set_status_callback
                0x0000000008009094        0xc zephyr/libzephyr.a(usb_dc_stm32.c.obj)
                0x0000000008009094                usb_dc_set_status_callback
 .text.usb_dc_set_address
                0x00000000080090a0       0x50 zephyr/libzephyr.a(usb_dc_stm32.c.obj)
                0x00000000080090a0                usb_dc_set_address
 .text.usb_dc_ep_start_read
                0x00000000080090f0       0xa0 zephyr/libzephyr.a(usb_dc_stm32.c.obj)
                0x00000000080090f0                usb_dc_ep_start_read
 .text.usb_dc_ep_get_read_count
                0x0000000008009190       0x54 zephyr/libzephyr.a(usb_dc_stm32.c.obj)
                0x0000000008009190                usb_dc_ep_get_read_count
 .text.usb_dc_ep_check_cap
                0x00000000080091e4       0x78 zephyr/libzephyr.a(usb_dc_stm32.c.obj)
                0x00000000080091e4                usb_dc_ep_check_cap
 .text.usb_dc_ep_configure
                0x000000000800925c       0x88 zephyr/libzephyr.a(usb_dc_stm32.c.obj)
                0x000000000800925c                usb_dc_ep_configure
 .text.usb_dc_ep_set_stall
                0x00000000080092e4       0x60 zephyr/libzephyr.a(usb_dc_stm32.c.obj)
                0x00000000080092e4                usb_dc_ep_set_stall
 .text.usb_dc_ep_clear_stall
                0x0000000008009344       0x60 zephyr/libzephyr.a(usb_dc_stm32.c.obj)
                0x0000000008009344                usb_dc_ep_clear_stall
 .text.usb_dc_ep_enable
                0x00000000080093a4       0x7c zephyr/libzephyr.a(usb_dc_stm32.c.obj)
                0x00000000080093a4                usb_dc_ep_enable
 .text.usb_dc_ep_disable
                0x0000000008009420       0x5c zephyr/libzephyr.a(usb_dc_stm32.c.obj)
                0x0000000008009420                usb_dc_ep_disable
 .text.usb_dc_ep_write
                0x000000000800947c      0x130 zephyr/libzephyr.a(usb_dc_stm32.c.obj)
                0x000000000800947c                usb_dc_ep_write
 .text.usb_dc_ep_read_wait
                0x00000000080095ac       0xf8 zephyr/libzephyr.a(usb_dc_stm32.c.obj)
                0x00000000080095ac                usb_dc_ep_read_wait
 .text.usb_dc_ep_read_continue
                0x00000000080096a4       0x6c zephyr/libzephyr.a(usb_dc_stm32.c.obj)
                0x00000000080096a4                usb_dc_ep_read_continue
 .text.HAL_PCD_ResetCallback
                0x0000000008009710       0x50 zephyr/libzephyr.a(usb_dc_stm32.c.obj)
                0x0000000008009710                HAL_PCD_ResetCallback
 .text.HAL_PCD_SuspendCallback
                0x0000000008009760       0x18 zephyr/libzephyr.a(usb_dc_stm32.c.obj)
                0x0000000008009760                HAL_PCD_SuspendCallback
 .text.HAL_PCD_ResumeCallback
                0x0000000008009778       0x18 zephyr/libzephyr.a(usb_dc_stm32.c.obj)
                0x0000000008009778                HAL_PCD_ResumeCallback
 .text.HAL_PCD_SetupStageCallback
                0x0000000008009790       0x50 zephyr/libzephyr.a(usb_dc_stm32.c.obj)
                0x0000000008009790                HAL_PCD_SetupStageCallback
 .text.z_impl_hwinfo_get_device_id
                0x00000000080097e0       0x7c zephyr/libzephyr.a(hwinfo_stm32.c.obj)
                0x00000000080097e0                z_impl_hwinfo_get_device_id
 .text.flash_stm32_get_parameters
                0x000000000800985c        0x8 zephyr/libzephyr.a(flash_stm32.c.obj)
 .text.flash_stm32_write
                0x0000000008009864       0x7c zephyr/libzephyr.a(flash_stm32.c.obj)
 .text.flash_stm32_read
                0x00000000080098e0       0x60 zephyr/libzephyr.a(flash_stm32.c.obj)
 .text.flash_stm32_erase
                0x0000000008009940       0x78 zephyr/libzephyr.a(flash_stm32.c.obj)
 .text.flash_stm32_wait_flash_idle
                0x00000000080099b8       0x84 zephyr/libzephyr.a(flash_stm32.c.obj)
                0x00000000080099b8                flash_stm32_wait_flash_idle
 .text.flash_stm32_write_protection
                0x0000000008009a3c       0x60 zephyr/libzephyr.a(flash_stm32.c.obj)
 .text.stm32_flash_init
                0x0000000008009a9c       0x7c zephyr/libzephyr.a(flash_stm32.c.obj)
 .text.write_value
                0x0000000008009b18       0x8c zephyr/libzephyr.a(flash_stm32_v1.c.obj)
 .text.flash_stm32_block_erase_loop
                0x0000000008009ba4       0x90 zephyr/libzephyr.a(flash_stm32_v1.c.obj)
                0x0000000008009ba4                flash_stm32_block_erase_loop
 .text.flash_stm32_page_layout
                0x0000000008009c34       0x20 zephyr/libzephyr.a(flash_stm32_v1.c.obj)
                0x0000000008009c34                flash_stm32_page_layout
 .text.reset_rx
                0x0000000008009c54       0x1c zephyr/libzephyr.a(h4.c.obj)
 .text.h4_send  0x0000000008009c70       0x24 zephyr/libzephyr.a(h4.c.obj)
 .text.get_rx   0x0000000008009c94       0x34 zephyr/libzephyr.a(h4.c.obj)
 .text.rx_thread
                0x0000000008009cc8       0xd8 zephyr/libzephyr.a(h4.c.obj)
 .text.process_rx
                0x0000000008009da0      0x3ac zephyr/libzephyr.a(h4.c.obj)
 .text.bt_uart_isr
                0x000000000800a14c      0x1a0 zephyr/libzephyr.a(h4.c.obj)
 .text.bt_uart_init
                0x000000000800a2ec       0x2c zephyr/libzephyr.a(h4.c.obj)
 .text.bt_hci_transport_setup
                0x000000000800a318       0x14 zephyr/libzephyr.a(h4.c.obj)
                0x000000000800a318                bt_hci_transport_setup
 .text.h4_open  0x000000000800a32c       0x80 zephyr/libzephyr.a(h4.c.obj)
 .text.elapsed  0x000000000800a3ac       0x3c zephyr/libzephyr.a(cortex_m_systick.c.obj)
 .text.z_clock_isr
                0x000000000800a3e8       0x48 zephyr/libzephyr.a(cortex_m_systick.c.obj)
                0x000000000800a3e8                z_clock_isr
 .text.z_clock_driver_init
                0x000000000800a430       0x38 zephyr/libzephyr.a(cortex_m_systick.c.obj)
                0x000000000800a430                z_clock_driver_init
 .text.z_clock_set_timeout
                0x000000000800a468       0xf0 zephyr/libzephyr.a(cortex_m_systick.c.obj)
                0x000000000800a468                z_clock_set_timeout
 .text.z_clock_elapsed
                0x000000000800a558       0x40 zephyr/libzephyr.a(cortex_m_systick.c.obj)
                0x000000000800a558                z_clock_elapsed
 .text.sys_clock_disable
                0x000000000800a598       0x10 zephyr/libzephyr.a(cortex_m_systick.c.obj)
                0x000000000800a598                sys_clock_disable
 .text.tc_aes128_set_encrypt_key
                0x000000000800a5a8       0xbc zephyr/libzephyr.a(aes_encrypt.c.obj)
                0x000000000800a5a8                tc_aes128_set_encrypt_key
 .text.tc_aes_encrypt
                0x000000000800a664      0x74c zephyr/libzephyr.a(aes_encrypt.c.obj)
                0x000000000800a664                tc_aes_encrypt
 .text.compress
                0x000000000800adb0      0x1b0 zephyr/libzephyr.a(sha256.c.obj)
 .text.tc_sha256_init
                0x000000000800af60       0x5c zephyr/libzephyr.a(sha256.c.obj)
                0x000000000800af60                tc_sha256_init
 .text.arch_swap
                0x000000000800afbc       0x34 zephyr/arch/arch/arm/core/aarch32/libarch__arm__core__aarch32.a(swap.c.obj)
                0x000000000800afbc                arch_swap
 .text.z_arm_pendsv
                0x000000000800aff0       0x48 zephyr/arch/arch/arm/core/aarch32/libarch__arm__core__aarch32.a(swap_helper.S.obj)
                0x000000000800aff0                z_arm_pendsv
 .text.z_arm_svc
                0x000000000800b038       0x20 zephyr/arch/arch/arm/core/aarch32/libarch__arm__core__aarch32.a(swap_helper.S.obj)
                0x000000000800b038                z_arm_svc
 .text.arch_irq_enable
                0x000000000800b058       0x20 zephyr/arch/arch/arm/core/aarch32/libarch__arm__core__aarch32.a(irq_manage.c.obj)
                0x000000000800b058                arch_irq_enable
 .text.arch_irq_disable
                0x000000000800b078       0x28 zephyr/arch/arch/arm/core/aarch32/libarch__arm__core__aarch32.a(irq_manage.c.obj)
                0x000000000800b078                arch_irq_disable
 .text.z_arm_irq_priority_set
                0x000000000800b0a0       0x2c zephyr/arch/arch/arm/core/aarch32/libarch__arm__core__aarch32.a(irq_manage.c.obj)
                0x000000000800b0a0                z_arm_irq_priority_set
 .text.arch_new_thread
                0x000000000800b0cc       0x40 zephyr/arch/arch/arm/core/aarch32/libarch__arm__core__aarch32.a(thread.c.obj)
                0x000000000800b0cc                arch_new_thread
 .text.arch_switch_to_main_thread
                0x000000000800b10c       0x30 zephyr/arch/arch/arm/core/aarch32/libarch__arm__core__aarch32.a(thread.c.obj)
                0x000000000800b10c                arch_switch_to_main_thread
 .text.z_arm_cpu_idle_init
                0x000000000800b13c        0xc zephyr/arch/arch/arm/core/aarch32/libarch__arm__core__aarch32.a(cpu_idle.S.obj)
                0x000000000800b13c                z_arm_cpu_idle_init
 .text.arch_cpu_idle
                0x000000000800b148       0x1c zephyr/arch/arch/arm/core/aarch32/libarch__arm__core__aarch32.a(cpu_idle.S.obj)
                0x000000000800b148                arch_cpu_idle
 .text.esf_dump
                0x000000000800b164       0xa0 zephyr/arch/arch/arm/core/aarch32/libarch__arm__core__aarch32.a(fatal.c.obj)
 .text.z_SysNmiOnReset
                0x000000000800b204        0x8 zephyr/arch/arch/arm/core/aarch32/libarch__arm__core__aarch32.a(nmi_on_reset.S.obj)
                0x000000000800b204                z_SysNmiOnReset
 .text.z_arm_prep_c
                0x000000000800b20c       0x6c zephyr/arch/arch/arm/core/aarch32/libarch__arm__core__aarch32.a(prep_c.c.obj)
                0x000000000800b20c                z_arm_prep_c
 .text._isr_wrapper
                0x000000000800b278       0x28 zephyr/arch/arch/arm/core/aarch32/libarch__arm__core__aarch32.a(isr_wrapper.S.obj)
                0x000000000800b278                _isr_wrapper
 .text._reset_section
                0x000000000800b2a0       0x2c zephyr/arch/arch/arm/core/aarch32/cortex_m/libarch__arm__core__aarch32__cortex_m.a(reset.S.obj)
                0x000000000800b2a0                z_arm_reset
                0x000000000800b2a0                __start
 .text.__fault  0x000000000800b2cc       0x14 zephyr/arch/arch/arm/core/aarch32/cortex_m/libarch__arm__core__aarch32__cortex_m.a(fault_s.S.obj)
                0x000000000800b2cc                z_arm_bus_fault
                0x000000000800b2cc                z_arm_usage_fault
                0x000000000800b2cc                z_arm_mpu_fault
                0x000000000800b2cc                z_arm_exc_spurious
                0x000000000800b2cc                z_arm_debug_monitor
                0x000000000800b2cc                z_arm_hard_fault
 .text.usage_fault
                0x000000000800b2e0      0x174 zephyr/arch/arch/arm/core/aarch32/cortex_m/libarch__arm__core__aarch32__cortex_m.a(fault.c.obj)
 .text.debug_monitor
                0x000000000800b454       0x34 zephyr/arch/arch/arm/core/aarch32/cortex_m/libarch__arm__core__aarch32__cortex_m.a(fault.c.obj)
 .text.mem_manage_fault
                0x000000000800b488      0x18c zephyr/arch/arch/arm/core/aarch32/cortex_m/libarch__arm__core__aarch32__cortex_m.a(fault.c.obj)
 .text.bus_fault
                0x000000000800b614      0x1c0 zephyr/arch/arch/arm/core/aarch32/cortex_m/libarch__arm__core__aarch32__cortex_m.a(fault.c.obj)
 .text.hard_fault
                0x000000000800b7d4       0xe8 zephyr/arch/arch/arm/core/aarch32/cortex_m/libarch__arm__core__aarch32__cortex_m.a(fault.c.obj)
 .text.reserved_exception
                0x000000000800b8bc       0x48 zephyr/arch/arch/arm/core/aarch32/cortex_m/libarch__arm__core__aarch32__cortex_m.a(fault.c.obj)
 .text.z_arm_fault
                0x000000000800b904       0xc4 zephyr/arch/arch/arm/core/aarch32/cortex_m/libarch__arm__core__aarch32__cortex_m.a(fault.c.obj)
                0x000000000800b904                z_arm_fault
 .text.z_arm_fault_init
                0x000000000800b9c8       0x10 zephyr/arch/arch/arm/core/aarch32/cortex_m/libarch__arm__core__aarch32__cortex_m.a(fault.c.obj)
                0x000000000800b9c8                z_arm_fault_init
 .text._HandlerModeExit
                0x000000000800b9d8       0x1c zephyr/arch/arch/arm/core/aarch32/cortex_m/libarch__arm__core__aarch32__cortex_m.a(exc_exit.S.obj)
                0x000000000800b9d8                z_arm_exc_exit
                0x000000000800b9d8                z_arm_int_exit
 .text.sys_arch_reboot
                0x000000000800b9f4       0x24 zephyr/arch/arch/arm/core/aarch32/cortex_m/libarch__arm__core__aarch32__cortex_m.a(scb.c.obj)
                0x000000000800b9f4                sys_arch_reboot
 .text.z_arm_interrupt_init
                0x000000000800ba18       0x34 zephyr/arch/arch/arm/core/aarch32/cortex_m/libarch__arm__core__aarch32__cortex_m.a(irq_init.c.obj)
                0x000000000800ba18                z_arm_interrupt_init
 .text.z_impl_k_thread_abort
                0x000000000800ba4c       0x58 zephyr/arch/arch/arm/core/aarch32/cortex_m/libarch__arm__core__aarch32__cortex_m.a(thread_abort.c.obj)
                0x000000000800ba4c                z_impl_k_thread_abort
 .text.__stdout_hook_install
                0x000000000800baa4        0xc zephyr/lib/libc/minimal/liblib__libc__minimal.a(stdout_console.c.obj)
                0x000000000800baa4                __stdout_hook_install
 .text.sprintf  0x000000000800bab0       0x34 zephyr/lib/libc/minimal/liblib__libc__minimal.a(sprintf.c.obj)
                0x000000000800bab0                sprintf
 .text.pinmux_stm32_init
                0x000000000800bae4       0x14 zephyr/boards/boards/arm/proton_c/lib..__app__boards__arm__proton_c.a(pinmux.c.obj)
 .text.bt_hex_real
                0x000000000800baf8       0x50 zephyr/subsys/bluetooth/common/libsubsys__bluetooth__common.a(log.c.obj)
                0x000000000800baf8                bt_hex_real
 .text.bt_addr_le_str_real
                0x000000000800bb48       0x90 zephyr/subsys/bluetooth/common/libsubsys__bluetooth__common.a(log.c.obj)
                0x000000000800bb48                bt_addr_le_str_real
 .text.save_id  0x000000000800bbd8       0x74 zephyr/subsys/bluetooth/host/libsubsys__bluetooth__host.a(settings.c.obj)
 .text.set      0x000000000800bc4c      0x144 zephyr/subsys/bluetooth/host/libsubsys__bluetooth__host.a(settings.c.obj)
 .text.bt_settings_encode_key
                0x000000000800bd90       0x78 zephyr/subsys/bluetooth/host/libsubsys__bluetooth__host.a(settings.c.obj)
                0x000000000800bd90                bt_settings_encode_key
 .text.bt_settings_save_id
                0x000000000800be08       0x38 zephyr/subsys/bluetooth/host/libsubsys__bluetooth__host.a(settings.c.obj)
                0x000000000800be08                bt_settings_save_id
 .text.commit   0x000000000800be40       0x98 zephyr/subsys/bluetooth/host/libsubsys__bluetooth__host.a(settings.c.obj)
 .text.bt_settings_init
                0x000000000800bed8       0x40 zephyr/subsys/bluetooth/host/libsubsys__bluetooth__host.a(settings.c.obj)
                0x000000000800bed8                bt_settings_init
 .text.uuid_to_uuid128
                0x000000000800bf18       0x64 zephyr/subsys/bluetooth/host/libsubsys__bluetooth__host.a(uuid.c.obj)
 .text.bt_uuid_to_str
                0x000000000800bf7c       0xbc zephyr/subsys/bluetooth/host/libsubsys__bluetooth__host.a(uuid.c.obj)
                0x000000000800bf7c                bt_uuid_to_str
 .text.bt_adv_foreach
                0x000000000800c038       0x10 zephyr/subsys/bluetooth/host/libsubsys__bluetooth__host.a(hci_core.c.obj)
 .text.adv_new_legacy
                0x000000000800c048        0x8 zephyr/subsys/bluetooth/host/libsubsys__bluetooth__host.a(hci_core.c.obj)
 .text.le_dhkey_complete
                0x000000000800c050       0x24 zephyr/subsys/bluetooth/host/libsubsys__bluetooth__host.a(hci_core.c.obj)
 .text.read_local_ver_complete
                0x000000000800c074       0x28 zephyr/subsys/bluetooth/host/libsubsys__bluetooth__host.a(hci_core.c.obj)
 .text.le_read_supp_states_complete
                0x000000000800c09c       0x3c zephyr/subsys/bluetooth/host/libsubsys__bluetooth__host.a(hci_core.c.obj)
 .text.le_read_resolving_list_size_complete
                0x000000000800c0d8       0x10 zephyr/subsys/bluetooth/host/libsubsys__bluetooth__host.a(hci_core.c.obj)
 .text.ver_str  0x000000000800c0e8       0x3c zephyr/subsys/bluetooth/host/libsubsys__bluetooth__host.a(hci_core.c.obj)
 .text.bt_le_adv_random_addr_check
                0x000000000800c124       0x2c zephyr/subsys/bluetooth/host/libsubsys__bluetooth__host.a(hci_core.c.obj)
 .text.hci_reset_complete
                0x000000000800c150       0x3c zephyr/subsys/bluetooth/host/libsubsys__bluetooth__host.a(hci_core.c.obj)
 .text.read_local_features_complete
                0x000000000800c18c       0x14 zephyr/subsys/bluetooth/host/libsubsys__bluetooth__host.a(hci_core.c.obj)
 .text.read_supported_commands_complete
                0x000000000800c1a0       0x14 zephyr/subsys/bluetooth/host/libsubsys__bluetooth__host.a(hci_core.c.obj)
 .text.read_le_features_complete
                0x000000000800c1b4       0x14 zephyr/subsys/bluetooth/host/libsubsys__bluetooth__host.a(hci_core.c.obj)
 .text.set_data_add
                0x000000000800c1c8       0xbc zephyr/subsys/bluetooth/host/libsubsys__bluetooth__host.a(hci_core.c.obj)
 .text.le_read_buffer_size_complete
                0x000000000800c284       0x24 zephyr/subsys/bluetooth/host/libsubsys__bluetooth__host.a(hci_core.c.obj)
 .text.read_buffer_size_complete
                0x000000000800c2a8       0x28 zephyr/subsys/bluetooth/host/libsubsys__bluetooth__host.a(hci_core.c.obj)
 .text.pending_id_keys_update_set
                0x000000000800c2d0       0x28 zephyr/subsys/bluetooth/host/libsubsys__bluetooth__host.a(hci_core.c.obj)
 .text.hci_data_buf_overflow
                0x000000000800c2f8       0x38 zephyr/subsys/bluetooth/host/libsubsys__bluetooth__host.a(hci_core.c.obj)
 .text.id_find  0x000000000800c330       0x34 zephyr/subsys/bluetooth/host/libsubsys__bluetooth__host.a(hci_core.c.obj)
 .text.valid_adv_ext_param
                0x000000000800c364       0x84 zephyr/subsys/bluetooth/host/libsubsys__bluetooth__host.a(hci_core.c.obj)
 .text.update_sec_level
                0x000000000800c3e8       0x7c zephyr/subsys/bluetooth/host/libsubsys__bluetooth__host.a(hci_core.c.obj)
 .text.unpair   0x000000000800c464       0x64 zephyr/subsys/bluetooth/host/libsubsys__bluetooth__host.a(hci_core.c.obj)
 .text.find_pending_connect
                0x000000000800c4c8       0x54 zephyr/subsys/bluetooth/host/libsubsys__bluetooth__host.a(hci_core.c.obj)
 .text.le_pkey_complete
                0x000000000800c51c       0x78 zephyr/subsys/bluetooth/host/libsubsys__bluetooth__host.a(hci_core.c.obj)
 .text.pending_id_keys_update
                0x000000000800c594       0x38 zephyr/subsys/bluetooth/host/libsubsys__bluetooth__host.a(hci_core.c.obj)
 .text.hci_hardware_error
                0x000000000800c5cc       0x3c zephyr/subsys/bluetooth/host/libsubsys__bluetooth__host.a(hci_core.c.obj)
 .text.le_data_len_change
                0x000000000800c608       0x48 zephyr/subsys/bluetooth/host/libsubsys__bluetooth__host.a(hci_core.c.obj)
 .text.hci_disconn_complete_prio
                0x000000000800c650       0x58 zephyr/subsys/bluetooth/host/libsubsys__bluetooth__host.a(hci_core.c.obj)
 .text.le_conn_complete_cancel
                0x000000000800c6a8       0x6c zephyr/subsys/bluetooth/host/libsubsys__bluetooth__host.a(hci_core.c.obj)
 .text.le_adv_stop_free_conn
                0x000000000800c714       0x68 zephyr/subsys/bluetooth/host/libsubsys__bluetooth__host.a(hci_core.c.obj)
 .text.hci_cmd_done
                0x000000000800c77c      0x170 zephyr/subsys/bluetooth/host/libsubsys__bluetooth__host.a(hci_core.c.obj)
 .text.hci_cmd_status
                0x000000000800c8ec       0x28 zephyr/subsys/bluetooth/host/libsubsys__bluetooth__host.a(hci_core.c.obj)
 .text.hci_cmd_complete
                0x000000000800c914       0x2c zephyr/subsys/bluetooth/host/libsubsys__bluetooth__host.a(hci_core.c.obj)
 .text.hci_acl  0x000000000800c940       0xd8 zephyr/subsys/bluetooth/host/libsubsys__bluetooth__host.a(hci_core.c.obj)
 .text.le_phy_update_complete
                0x000000000800ca18       0x68 zephyr/subsys/bluetooth/host/libsubsys__bluetooth__host.a(hci_core.c.obj)
 .text.slave_update_conn_param
                0x000000000800ca80       0x2c zephyr/subsys/bluetooth/host/libsubsys__bluetooth__host.a(hci_core.c.obj)
 .text.le_conn_update_complete
                0x000000000800caac       0xc8 zephyr/subsys/bluetooth/host/libsubsys__bluetooth__host.a(hci_core.c.obj)
 .text.bt_dev_show_info
                0x000000000800cb74      0x120 zephyr/subsys/bluetooth/host/libsubsys__bluetooth__host.a(hci_core.c.obj)
 .text.le_adv_start_add_conn
                0x000000000800cc94       0xb8 zephyr/subsys/bluetooth/host/libsubsys__bluetooth__host.a(hci_core.c.obj)
 .text.hci_num_completed_packets
                0x000000000800cd4c      0x174 zephyr/subsys/bluetooth/host/libsubsys__bluetooth__host.a(hci_core.c.obj)
 .text.hci_le_meta_event
                0x000000000800cec0       0xb0 zephyr/subsys/bluetooth/host/libsubsys__bluetooth__host.a(hci_core.c.obj)
 .text.hci_event
                0x000000000800cf70      0x13c zephyr/subsys/bluetooth/host/libsubsys__bluetooth__host.a(hci_core.c.obj)
 .text.bt_hci_cmd_create
                0x000000000800d0ac       0x78 zephyr/subsys/bluetooth/host/libsubsys__bluetooth__host.a(hci_core.c.obj)
                0x000000000800d0ac                bt_hci_cmd_create
 .text.bt_hci_cmd_send_sync
                0x000000000800d124      0x108 zephyr/subsys/bluetooth/host/libsubsys__bluetooth__host.a(hci_core.c.obj)
                0x000000000800d124                bt_hci_cmd_send_sync
 .text.set_flow_control
                0x000000000800d22c       0xb0 zephyr/subsys/bluetooth/host/libsubsys__bluetooth__host.a(hci_core.c.obj)
 .text.common_init
                0x000000000800d2dc       0xa4 zephyr/subsys/bluetooth/host/libsubsys__bluetooth__host.a(hci_core.c.obj)
 .text.hci_le_read_max_data_len
                0x000000000800d380       0x64 zephyr/subsys/bluetooth/host/libsubsys__bluetooth__host.a(hci_core.c.obj)
 .text.le_set_event_mask
                0x000000000800d3e4       0xb4 zephyr/subsys/bluetooth/host/libsubsys__bluetooth__host.a(hci_core.c.obj)
 .text.le_init  0x000000000800d498      0x184 zephyr/subsys/bluetooth/host/libsubsys__bluetooth__host.a(hci_core.c.obj)
 .text.br_init  0x000000000800d61c       0x38 zephyr/subsys/bluetooth/host/libsubsys__bluetooth__host.a(hci_core.c.obj)
 .text.set_event_mask
                0x000000000800d654       0x74 zephyr/subsys/bluetooth/host/libsubsys__bluetooth__host.a(hci_core.c.obj)
 .text.hci_init
                0x000000000800d6c8       0x3c zephyr/subsys/bluetooth/host/libsubsys__bluetooth__host.a(hci_core.c.obj)
 .text.set_random_address
                0x000000000800d704       0x64 zephyr/subsys/bluetooth/host/libsubsys__bluetooth__host.a(hci_core.c.obj)
 .text.le_create_conn_set_random_addr
                0x000000000800d768       0x2c zephyr/subsys/bluetooth/host/libsubsys__bluetooth__host.a(hci_core.c.obj)
 .text.set_le_adv_enable_legacy
                0x000000000800d794       0x68 zephyr/subsys/bluetooth/host/libsubsys__bluetooth__host.a(hci_core.c.obj)
 .text.le_set_privacy_mode
                0x000000000800d7fc       0x84 zephyr/subsys/bluetooth/host/libsubsys__bluetooth__host.a(hci_core.c.obj)
 .text.set_le_scan_enable_legacy
                0x000000000800d880       0x84 zephyr/subsys/bluetooth/host/libsubsys__bluetooth__host.a(hci_core.c.obj)
 .text.le_adv_set_random_addr
                0x000000000800d904       0xf8 zephyr/subsys/bluetooth/host/libsubsys__bluetooth__host.a(hci_core.c.obj)
 .text.bt_read_public_addr
                0x000000000800d9fc       0xa0 zephyr/subsys/bluetooth/host/libsubsys__bluetooth__host.a(hci_core.c.obj)
 .text.bt_adv_lookup_legacy
                0x000000000800da9c        0x8 zephyr/subsys/bluetooth/host/libsubsys__bluetooth__host.a(hci_core.c.obj)
                0x000000000800da9c                bt_adv_lookup_legacy
 .text.le_scan_set_random_addr
                0x000000000800daa4       0x68 zephyr/subsys/bluetooth/host/libsubsys__bluetooth__host.a(hci_core.c.obj)
 .text.start_le_scan_legacy
                0x000000000800db0c       0xb4 zephyr/subsys/bluetooth/host/libsubsys__bluetooth__host.a(hci_core.c.obj)
 .text.le_conn_complete_adv_timeout
                0x000000000800dbc0       0x70 zephyr/subsys/bluetooth/host/libsubsys__bluetooth__host.a(hci_core.c.obj)
 .text.bt_le_create_conn_legacy
                0x000000000800dc30       0xcc zephyr/subsys/bluetooth/host/libsubsys__bluetooth__host.a(hci_core.c.obj)
                0x000000000800dc30                bt_le_create_conn_legacy
 .text.bt_le_create_conn_cancel
                0x000000000800dcfc       0x48 zephyr/subsys/bluetooth/host/libsubsys__bluetooth__host.a(hci_core.c.obj)
                0x000000000800dcfc                bt_le_create_conn_cancel
 .text.bt_unpair
                0x000000000800dd44       0x50 zephyr/subsys/bluetooth/host/libsubsys__bluetooth__host.a(hci_core.c.obj)
                0x000000000800dd44                bt_unpair
 .text.hci_encrypt_key_refresh_complete
                0x000000000800dd94       0x84 zephyr/subsys/bluetooth/host/libsubsys__bluetooth__host.a(hci_core.c.obj)
 .text.hci_encrypt_change
                0x000000000800de18       0x8c zephyr/subsys/bluetooth/host/libsubsys__bluetooth__host.a(hci_core.c.obj)
 .text.bt_id_add
                0x000000000800dea4      0x1dc zephyr/subsys/bluetooth/host/libsubsys__bluetooth__host.a(hci_core.c.obj)
                0x000000000800dea4                bt_id_add
 .text.bt_id_del
                0x000000000800e080      0x154 zephyr/subsys/bluetooth/host/libsubsys__bluetooth__host.a(hci_core.c.obj)
                0x000000000800e080                bt_id_del
 .text.bt_le_scan_update
                0x000000000800e1d4       0x98 zephyr/subsys/bluetooth/host/libsubsys__bluetooth__host.a(hci_core.c.obj)
                0x000000000800e1d4                bt_le_scan_update
 .text.hci_disconn_complete
                0x000000000800e26c       0x90 zephyr/subsys/bluetooth/host/libsubsys__bluetooth__host.a(hci_core.c.obj)
 .text.check_pending_conn
                0x000000000800e2fc       0x90 zephyr/subsys/bluetooth/host/libsubsys__bluetooth__host.a(hci_core.c.obj)
 .text.le_adv_recv
                0x000000000800e38c      0x114 zephyr/subsys/bluetooth/host/libsubsys__bluetooth__host.a(hci_core.c.obj)
 .text.le_adv_report
                0x000000000800e4a0       0xa8 zephyr/subsys/bluetooth/host/libsubsys__bluetooth__host.a(hci_core.c.obj)
 .text.bt_data_parse
                0x000000000800e548       0x80 zephyr/subsys/bluetooth/host/libsubsys__bluetooth__host.a(hci_core.c.obj)
                0x000000000800e548                bt_data_parse
 .text.id_create
                0x000000000800e5c8       0x80 zephyr/subsys/bluetooth/host/libsubsys__bluetooth__host.a(hci_core.c.obj)
 .text.bt_send  0x000000000800e648       0x14 zephyr/subsys/bluetooth/host/libsubsys__bluetooth__host.a(hci_core.c.obj)
                0x000000000800e648                bt_send
 .text.bt_hci_cmd_send
                0x000000000800e65c       0x78 zephyr/subsys/bluetooth/host/libsubsys__bluetooth__host.a(hci_core.c.obj)
                0x000000000800e65c                bt_hci_cmd_send
 .text.le_ltk_reply
                0x000000000800e6d4       0x64 zephyr/subsys/bluetooth/host/libsubsys__bluetooth__host.a(hci_core.c.obj)
 .text.le_ltk_neg_reply
                0x000000000800e738       0x58 zephyr/subsys/bluetooth/host/libsubsys__bluetooth__host.a(hci_core.c.obj)
 .text.le_ltk_request
                0x000000000800e790       0x74 zephyr/subsys/bluetooth/host/libsubsys__bluetooth__host.a(hci_core.c.obj)
 .text.le_conn_param_neg_reply
                0x000000000800e804       0x5c zephyr/subsys/bluetooth/host/libsubsys__bluetooth__host.a(hci_core.c.obj)
 .text.le_conn_param_req
                0x000000000800e860       0x88 zephyr/subsys/bluetooth/host/libsubsys__bluetooth__host.a(hci_core.c.obj)
 .text.conn_auto_initiate
                0x000000000800e8e8       0xb8 zephyr/subsys/bluetooth/host/libsubsys__bluetooth__host.a(hci_core.c.obj)
 .text.le_remote_feat_complete
                0x000000000800e9a0       0x7c zephyr/subsys/bluetooth/host/libsubsys__bluetooth__host.a(hci_core.c.obj)
 .text.report_completed_packet
                0x000000000800ea1c      0x10c zephyr/subsys/bluetooth/host/libsubsys__bluetooth__host.a(hci_core.c.obj)
 .text.send_cmd
                0x000000000800eb28      0x110 zephyr/subsys/bluetooth/host/libsubsys__bluetooth__host.a(hci_core.c.obj)
 .text.process_events
                0x000000000800ec38       0x64 zephyr/subsys/bluetooth/host/libsubsys__bluetooth__host.a(hci_core.c.obj)
 .text.hci_tx_thread
                0x000000000800ec9c       0x64 zephyr/subsys/bluetooth/host/libsubsys__bluetooth__host.a(hci_core.c.obj)
 .text.hci_event_prio
                0x000000000800ed00      0x168 zephyr/subsys/bluetooth/host/libsubsys__bluetooth__host.a(hci_core.c.obj)
                0x000000000800ed00                hci_event_prio
 .text.bt_recv  0x000000000800ee68       0x58 zephyr/subsys/bluetooth/host/libsubsys__bluetooth__host.a(hci_core.c.obj)
                0x000000000800ee68                bt_recv
 .text.bt_recv_prio
                0x000000000800eec0       0x3c zephyr/subsys/bluetooth/host/libsubsys__bluetooth__host.a(hci_core.c.obj)
                0x000000000800eec0                bt_recv_prio
 .text.bt_hci_driver_register
                0x000000000800eefc       0x30 zephyr/subsys/bluetooth/host/libsubsys__bluetooth__host.a(hci_core.c.obj)
                0x000000000800eefc                bt_hci_driver_register
 .text.bt_finalize_init
                0x000000000800ef2c       0x2c zephyr/subsys/bluetooth/host/libsubsys__bluetooth__host.a(hci_core.c.obj)
                0x000000000800ef2c                bt_finalize_init
 .text.bt_init  0x000000000800ef58       0x74 zephyr/subsys/bluetooth/host/libsubsys__bluetooth__host.a(hci_core.c.obj)
 .text.init_work
                0x000000000800efcc       0x14 zephyr/subsys/bluetooth/host/libsubsys__bluetooth__host.a(hci_core.c.obj)
 .text.bt_enable
                0x000000000800efe0      0x144 zephyr/subsys/bluetooth/host/libsubsys__bluetooth__host.a(hci_core.c.obj)
                0x000000000800efe0                bt_enable
 .text.bt_get_name
                0x000000000800f124        0x8 zephyr/subsys/bluetooth/host/libsubsys__bluetooth__host.a(hci_core.c.obj)
                0x000000000800f124                bt_get_name
 .text.bt_id_create
                0x000000000800f12c       0xa0 zephyr/subsys/bluetooth/host/libsubsys__bluetooth__host.a(hci_core.c.obj)
                0x000000000800f12c                bt_id_create
 .text.bt_setup_public_id_addr
                0x000000000800f1cc       0x28 zephyr/subsys/bluetooth/host/libsubsys__bluetooth__host.a(hci_core.c.obj)
                0x000000000800f1cc                bt_setup_public_id_addr
 .text.bt_le_adv_start_legacy
                0x000000000800f1f4      0x388 zephyr/subsys/bluetooth/host/libsubsys__bluetooth__host.a(hci_core.c.obj)
                0x000000000800f1f4                bt_le_adv_start_legacy
 .text.bt_le_adv_stop
                0x000000000800f57c       0xcc zephyr/subsys/bluetooth/host/libsubsys__bluetooth__host.a(hci_core.c.obj)
                0x000000000800f57c                bt_le_adv_stop
 .text.enh_conn_complete
                0x000000000800f648      0x210 zephyr/subsys/bluetooth/host/libsubsys__bluetooth__host.a(hci_core.c.obj)
 .text.bt_le_scan_start
                0x000000000800f858      0x124 zephyr/subsys/bluetooth/host/libsubsys__bluetooth__host.a(hci_core.c.obj)
                0x000000000800f858                bt_le_scan_start
 .text.bt_le_scan_stop
                0x000000000800f97c       0x3c zephyr/subsys/bluetooth/host/libsubsys__bluetooth__host.a(hci_core.c.obj)
                0x000000000800f97c                bt_le_scan_stop
 .text.bt_buf_get_rx
                0x000000000800f9b8       0x34 zephyr/subsys/bluetooth/host/libsubsys__bluetooth__host.a(hci_core.c.obj)
                0x000000000800f9b8                bt_buf_get_rx
 .text.bt_buf_get_cmd_complete
                0x000000000800f9ec       0x50 zephyr/subsys/bluetooth/host/libsubsys__bluetooth__host.a(hci_core.c.obj)
                0x000000000800f9ec                bt_buf_get_cmd_complete
 .text.bt_buf_get_evt
                0x000000000800fa3c       0x64 zephyr/subsys/bluetooth/host/libsubsys__bluetooth__host.a(hci_core.c.obj)
                0x000000000800fa3c                bt_buf_get_evt
 .text.bt_pub_key_gen
                0x000000000800faa0       0xf0 zephyr/subsys/bluetooth/host/libsubsys__bluetooth__host.a(hci_core.c.obj)
                0x000000000800faa0                bt_pub_key_gen
 .text.bt_pub_key_get
                0x000000000800fb90       0x24 zephyr/subsys/bluetooth/host/libsubsys__bluetooth__host.a(hci_core.c.obj)
                0x000000000800fb90                bt_pub_key_get
 .text.bt_dh_key_gen
                0x000000000800fbb4       0x8c zephyr/subsys/bluetooth/host/libsubsys__bluetooth__host.a(hci_core.c.obj)
                0x000000000800fbb4                bt_dh_key_gen
 .text.prng_reseed
                0x000000000800fc40       0x98 zephyr/subsys/bluetooth/host/libsubsys__bluetooth__host.a(crypto.c.obj)
 .text.prng_init
                0x000000000800fcd8       0x84 zephyr/subsys/bluetooth/host/libsubsys__bluetooth__host.a(crypto.c.obj)
                0x000000000800fcd8                prng_init
 .text.bt_rand  0x000000000800fd5c       0x3c zephyr/subsys/bluetooth/host/libsubsys__bluetooth__host.a(crypto.c.obj)
                0x000000000800fd5c                bt_rand
 .text.notify_disconnected
                0x000000000800fd98       0x24 zephyr/subsys/bluetooth/host/libsubsys__bluetooth__host.a(conn.c.obj)
 .text.create_param_setup
                0x000000000800fdbc       0x38 zephyr/subsys/bluetooth/host/libsubsys__bluetooth__host.a(conn.c.obj)
 .text.tx_free  0x000000000800fdf4       0x18 zephyr/subsys/bluetooth/host/libsubsys__bluetooth__host.a(conn.c.obj)
 .text.conn_tx_alloc
                0x000000000800fe0c       0x30 zephyr/subsys/bluetooth/host/libsubsys__bluetooth__host.a(conn.c.obj)
 .text.notify_connected
                0x000000000800fe3c       0x30 zephyr/subsys/bluetooth/host/libsubsys__bluetooth__host.a(conn.c.obj)
 .text.bt_conn_get_pkts
                0x000000000800fe6c        0x8 zephyr/subsys/bluetooth/host/libsubsys__bluetooth__host.a(conn.c.obj)
                0x000000000800fe6c                bt_conn_get_pkts
 .text.send_frag
                0x000000000800fe74      0x128 zephyr/subsys/bluetooth/host/libsubsys__bluetooth__host.a(conn.c.obj)
 .text.notify_le_param_updated
                0x000000000800ff9c       0x78 zephyr/subsys/bluetooth/host/libsubsys__bluetooth__host.a(conn.c.obj)
                0x000000000800ff9c                notify_le_param_updated
 .text.notify_le_phy_updated
                0x0000000008010014       0x24 zephyr/subsys/bluetooth/host/libsubsys__bluetooth__host.a(conn.c.obj)
                0x0000000008010014                notify_le_phy_updated
 .text.le_param_req
                0x0000000008010038       0x40 zephyr/subsys/bluetooth/host/libsubsys__bluetooth__host.a(conn.c.obj)
                0x0000000008010038                le_param_req
 .text.acl_conn_new
                0x0000000008010078       0x30 zephyr/subsys/bluetooth/host/libsubsys__bluetooth__host.a(conn.c.obj)
 .text.bt_conn_identity_resolved
                0x00000000080100a8       0x34 zephyr/subsys/bluetooth/host/libsubsys__bluetooth__host.a(conn.c.obj)
                0x00000000080100a8                bt_conn_identity_resolved
 .text.bt_conn_security_changed
                0x00000000080100dc       0x34 zephyr/subsys/bluetooth/host/libsubsys__bluetooth__host.a(conn.c.obj)
                0x00000000080100dc                bt_conn_security_changed
 .text.bt_conn_cb_register
                0x0000000008010110       0x10 zephyr/subsys/bluetooth/host/libsubsys__bluetooth__host.a(conn.c.obj)
                0x0000000008010110                bt_conn_cb_register
 .text.conn_cleanup
                0x0000000008010120       0x44 zephyr/subsys/bluetooth/host/libsubsys__bluetooth__host.a(conn.c.obj)
 .text.bt_conn_recv
                0x0000000008010164      0x174 zephyr/subsys/bluetooth/host/libsubsys__bluetooth__host.a(conn.c.obj)
                0x0000000008010164                bt_conn_recv
 .text.bt_conn_send_cb
                0x00000000080102d8       0xe8 zephyr/subsys/bluetooth/host/libsubsys__bluetooth__host.a(conn.c.obj)
                0x00000000080102d8                bt_conn_send_cb
 .text.bt_conn_prepare_events
                0x00000000080103c0       0x48 zephyr/subsys/bluetooth/host/libsubsys__bluetooth__host.a(conn.c.obj)
                0x00000000080103c0                bt_conn_prepare_events
 .text.bt_conn_lookup_handle
                0x0000000008010408       0x14 zephyr/subsys/bluetooth/host/libsubsys__bluetooth__host.a(conn.c.obj)
                0x0000000008010408                bt_conn_lookup_handle
 .text.bt_conn_lookup_addr_le
                0x000000000801041c       0x60 zephyr/subsys/bluetooth/host/libsubsys__bluetooth__host.a(conn.c.obj)
                0x000000000801041c                bt_conn_lookup_addr_le
 .text.bt_conn_lookup_state_le
                0x000000000801047c       0x8c zephyr/subsys/bluetooth/host/libsubsys__bluetooth__host.a(conn.c.obj)
                0x000000000801047c                bt_conn_lookup_state_le
 .text.bt_conn_exists_le
                0x0000000008010508       0xa8 zephyr/subsys/bluetooth/host/libsubsys__bluetooth__host.a(conn.c.obj)
                0x0000000008010508                bt_conn_exists_le
 .text.bt_conn_set_state
                0x00000000080105b0      0x248 zephyr/subsys/bluetooth/host/libsubsys__bluetooth__host.a(conn.c.obj)
                0x00000000080105b0                bt_conn_set_state
 .text.bt_conn_get_info
                0x00000000080107f8       0x68 zephyr/subsys/bluetooth/host/libsubsys__bluetooth__host.a(conn.c.obj)
                0x00000000080107f8                bt_conn_get_info
 .text.bt_conn_le_create
                0x0000000008010860      0x15c zephyr/subsys/bluetooth/host/libsubsys__bluetooth__host.a(conn.c.obj)
                0x0000000008010860                bt_conn_le_create
 .text.bt_le_set_auto_conn
                0x00000000080109bc       0xfc zephyr/subsys/bluetooth/host/libsubsys__bluetooth__host.a(conn.c.obj)
                0x00000000080109bc                bt_le_set_auto_conn
 .text.bt_conn_disconnect
                0x0000000008010ab8       0xa0 zephyr/subsys/bluetooth/host/libsubsys__bluetooth__host.a(conn.c.obj)
                0x0000000008010ab8                bt_conn_disconnect
 .text.send_conn_le_param_update
                0x0000000008010b58       0x68 zephyr/subsys/bluetooth/host/libsubsys__bluetooth__host.a(conn.c.obj)
 .text.conn_update_timeout
                0x0000000008010bc0       0xb8 zephyr/subsys/bluetooth/host/libsubsys__bluetooth__host.a(conn.c.obj)
 .text.bt_conn_create_pdu_timeout
                0x0000000008010c78       0x58 zephyr/subsys/bluetooth/host/libsubsys__bluetooth__host.a(conn.c.obj)
                0x0000000008010c78                bt_conn_create_pdu_timeout
 .text.bt_conn_create_frag_timeout
                0x0000000008010cd0       0x10 zephyr/subsys/bluetooth/host/libsubsys__bluetooth__host.a(conn.c.obj)
                0x0000000008010cd0                bt_conn_create_frag_timeout
 .text.create_frag
                0x0000000008010ce0       0x68 zephyr/subsys/bluetooth/host/libsubsys__bluetooth__host.a(conn.c.obj)
 .text.send_buf
                0x0000000008010d48       0x7c zephyr/subsys/bluetooth/host/libsubsys__bluetooth__host.a(conn.c.obj)
 .text.bt_conn_process_tx
                0x0000000008010dc4       0x7c zephyr/subsys/bluetooth/host/libsubsys__bluetooth__host.a(conn.c.obj)
                0x0000000008010dc4                bt_conn_process_tx
 .text.bt_conn_auth_cb_register
                0x0000000008010e40       0x50 zephyr/subsys/bluetooth/host/libsubsys__bluetooth__host.a(conn.c.obj)
                0x0000000008010e40                bt_conn_auth_cb_register
 .text.bt_conn_index
                0x0000000008010e90       0x18 zephyr/subsys/bluetooth/host/libsubsys__bluetooth__host.a(conn.c.obj)
                0x0000000008010e90                bt_conn_index
 .text.bt_conn_lookup_index
                0x0000000008010ea8       0x3c zephyr/subsys/bluetooth/host/libsubsys__bluetooth__host.a(conn.c.obj)
                0x0000000008010ea8                bt_conn_lookup_index
 .text.bt_conn_init
                0x0000000008010ee4       0x80 zephyr/subsys/bluetooth/host/libsubsys__bluetooth__host.a(conn.c.obj)
                0x0000000008010ee4                bt_conn_init
 .text.get_ident
                0x0000000008010f64       0x1c zephyr/subsys/bluetooth/host/libsubsys__bluetooth__host.a(l2cap.c.obj)
 .text.le_conn_param_rsp
                0x0000000008010f80       0x3c zephyr/subsys/bluetooth/host/libsubsys__bluetooth__host.a(l2cap.c.obj)
 .text.l2cap_accept
                0x0000000008010fbc       0x68 zephyr/subsys/bluetooth/host/libsubsys__bluetooth__host.a(l2cap.c.obj)
 .text.l2cap_rtx_timeout
                0x0000000008011024       0x4c zephyr/subsys/bluetooth/host/libsubsys__bluetooth__host.a(l2cap.c.obj)
 .text.l2cap_chan_add
                0x0000000008011070       0x70 zephyr/subsys/bluetooth/host/libsubsys__bluetooth__host.a(l2cap.c.obj)
 .text.bt_l2cap_connected
                0x00000000080110e0       0x78 zephyr/subsys/bluetooth/host/libsubsys__bluetooth__host.a(l2cap.c.obj)
                0x00000000080110e0                bt_l2cap_connected
 .text.l2cap_create_le_sig_pdu
                0x0000000008011158       0x6c zephyr/subsys/bluetooth/host/libsubsys__bluetooth__host.a(l2cap.c.obj)
 .text.le_conn_param_update_req
                0x00000000080111c4       0xc0 zephyr/subsys/bluetooth/host/libsubsys__bluetooth__host.a(l2cap.c.obj)
 .text.l2cap_recv
                0x0000000008011284      0x104 zephyr/subsys/bluetooth/host/libsubsys__bluetooth__host.a(l2cap.c.obj)
 .text.bt_l2cap_recv
                0x0000000008011388       0x90 zephyr/subsys/bluetooth/host/libsubsys__bluetooth__host.a(l2cap.c.obj)
                0x0000000008011388                bt_l2cap_recv
 .text.att_cfm_sent
                0x0000000008011418       0x14 zephyr/subsys/bluetooth/host/libsubsys__bluetooth__host.a(att.c.obj)
 .text.att_rsp_sent
                0x000000000801142c       0x14 zephyr/subsys/bluetooth/host/libsubsys__bluetooth__host.a(att.c.obj)
 .text.att_req_sent
                0x0000000008011440       0x14 zephyr/subsys/bluetooth/host/libsubsys__bluetooth__host.a(att.c.obj)
 .text.att_cb   0x0000000008011454       0x40 zephyr/subsys/bluetooth/host/libsubsys__bluetooth__host.a(att.c.obj)
 .text.chan_cb  0x0000000008011494       0x38 zephyr/subsys/bluetooth/host/libsubsys__bluetooth__host.a(att.c.obj)
 .text.att_get  0x00000000080114cc       0xb0 zephyr/subsys/bluetooth/host/libsubsys__bluetooth__host.a(att.c.obj)
 .text.att_chan_new
                0x000000000801157c       0xfc zephyr/subsys/bluetooth/host/libsubsys__bluetooth__host.a(att.c.obj)
 .text.bt_att_accept
                0x0000000008011678       0x84 zephyr/subsys/bluetooth/host/libsubsys__bluetooth__host.a(att.c.obj)
 .text.bt_att_released
                0x00000000080116fc       0x1c zephyr/subsys/bluetooth/host/libsubsys__bluetooth__host.a(att.c.obj)
 .text.chan_send
                0x0000000008011718       0xbc zephyr/subsys/bluetooth/host/libsubsys__bluetooth__host.a(att.c.obj)
 .text.chan_req_sent
                0x00000000080117d4       0x20 zephyr/subsys/bluetooth/host/libsubsys__bluetooth__host.a(att.c.obj)
 .text.read_group_cb
                0x00000000080117f4       0xb4 zephyr/subsys/bluetooth/host/libsubsys__bluetooth__host.a(att.c.obj)
 .text.read_type_cb
                0x00000000080118a8       0xac zephyr/subsys/bluetooth/host/libsubsys__bluetooth__host.a(att.c.obj)
 .text.find_type_cb
                0x0000000008011954      0x1b0 zephyr/subsys/bluetooth/host/libsubsys__bluetooth__host.a(att.c.obj)
 .text.bt_att_connected
                0x0000000008011b04       0x44 zephyr/subsys/bluetooth/host/libsubsys__bluetooth__host.a(att.c.obj)
 .text.bt_att_chan_create_pdu
                0x0000000008011b48       0xb0 zephyr/subsys/bluetooth/host/libsubsys__bluetooth__host.a(att.c.obj)
                0x0000000008011b48                bt_att_chan_create_pdu
 .text.att_indicate
                0x0000000008011bf8       0x3c zephyr/subsys/bluetooth/host/libsubsys__bluetooth__host.a(att.c.obj)
 .text.send_err_rsp
                0x0000000008011c34       0x40 zephyr/subsys/bluetooth/host/libsubsys__bluetooth__host.a(att.c.obj)
 .text.bt_att_recv
                0x0000000008011c74      0x1ac zephyr/subsys/bluetooth/host/libsubsys__bluetooth__host.a(att.c.obj)
 .text.att_write_rsp
                0x0000000008011e20       0xd0 zephyr/subsys/bluetooth/host/libsubsys__bluetooth__host.a(att.c.obj)
 .text.bt_att_create_pdu
                0x0000000008011ef0       0xa0 zephyr/subsys/bluetooth/host/libsubsys__bluetooth__host.a(att.c.obj)
                0x0000000008011ef0                bt_att_create_pdu
 .text.att_read_group_rsp
                0x0000000008011f90       0x90 zephyr/subsys/bluetooth/host/libsubsys__bluetooth__host.a(att.c.obj)
 .text.att_read_mult_req
                0x0000000008012020       0x8c zephyr/subsys/bluetooth/host/libsubsys__bluetooth__host.a(att.c.obj)
 .text.att_read_rsp
                0x00000000080120ac       0xa4 zephyr/subsys/bluetooth/host/libsubsys__bluetooth__host.a(att.c.obj)
 .text.att_read_type_rsp
                0x0000000008012150       0x94 zephyr/subsys/bluetooth/host/libsubsys__bluetooth__host.a(att.c.obj)
 .text.att_find_type_rsp
                0x00000000080121e4       0x94 zephyr/subsys/bluetooth/host/libsubsys__bluetooth__host.a(att.c.obj)
 .text.att_find_info_rsp
                0x0000000008012278       0x74 zephyr/subsys/bluetooth/host/libsubsys__bluetooth__host.a(att.c.obj)
 .text.att_mtu_req
                0x00000000080122ec       0x6c zephyr/subsys/bluetooth/host/libsubsys__bluetooth__host.a(att.c.obj)
 .text.bt_att_req_alloc
                0x0000000008012358       0x30 zephyr/subsys/bluetooth/host/libsubsys__bluetooth__host.a(att.c.obj)
                0x0000000008012358                bt_att_req_alloc
 .text.bt_att_req_free
                0x0000000008012388       0x18 zephyr/subsys/bluetooth/host/libsubsys__bluetooth__host.a(att.c.obj)
                0x0000000008012388                bt_att_req_free
 .text.att_handle_rsp
                0x00000000080123a0       0xb8 zephyr/subsys/bluetooth/host/libsubsys__bluetooth__host.a(att.c.obj)
 .text.att_error_rsp
                0x0000000008012458       0x5c zephyr/subsys/bluetooth/host/libsubsys__bluetooth__host.a(att.c.obj)
 .text.att_reset
                0x00000000080124b4       0x74 zephyr/subsys/bluetooth/host/libsubsys__bluetooth__host.a(att.c.obj)
 .text.att_timeout
                0x0000000008012528       0x5c zephyr/subsys/bluetooth/host/libsubsys__bluetooth__host.a(att.c.obj)
 .text.bt_att_chan_req_cancel
                0x0000000008012584       0x24 zephyr/subsys/bluetooth/host/libsubsys__bluetooth__host.a(att.c.obj)
 .text.db_hash_store
                0x00000000080125a8       0x4c zephyr/subsys/bluetooth/host/libsubsys__bluetooth__host.a(gatt.c.obj)
 .text.db_hash_set
                0x00000000080125f4       0x4c zephyr/subsys/bluetooth/host/libsubsys__bluetooth__host.a(gatt.c.obj)
 .text.find_cf_cfg
                0x0000000008012640       0x54 zephyr/subsys/bluetooth/host/libsubsys__bluetooth__host.a(gatt.c.obj)
 .text.find_sc_cfg
                0x0000000008012694       0x48 zephyr/subsys/bluetooth/host/libsubsys__bluetooth__host.a(gatt.c.obj)
 .text.gatt_sub_find
                0x00000000080126dc       0x54 zephyr/subsys/bluetooth/host/libsubsys__bluetooth__host.a(gatt.c.obj)
 .text.ccc_save
                0x0000000008012730       0x40 zephyr/subsys/bluetooth/host/libsubsys__bluetooth__host.a(gatt.c.obj)
 .text.find_cf_cfg_by_addr
                0x0000000008012770       0x3c zephyr/subsys/bluetooth/host/libsubsys__bluetooth__host.a(gatt.c.obj)
 .text.find_gatt_sub
                0x00000000080127ac       0x3c zephyr/subsys/bluetooth/host/libsubsys__bluetooth__host.a(gatt.c.obj)
 .text.bt_gatt_attr_write_ccc
                0x00000000080127e8       0xe0 zephyr/subsys/bluetooth/host/libsubsys__bluetooth__host.a(gatt.c.obj)
                0x00000000080127e8                bt_gatt_attr_write_ccc
 .text.parse_service
                0x00000000080128c8      0x120 zephyr/subsys/bluetooth/host/libsubsys__bluetooth__host.a(gatt.c.obj)
 .text.cf_write
                0x00000000080129e8       0xb0 zephyr/subsys/bluetooth/host/libsubsys__bluetooth__host.a(gatt.c.obj)
 .text.sc_store
                0x0000000008012a98       0x7c zephyr/subsys/bluetooth/host/libsubsys__bluetooth__host.a(gatt.c.obj)
 .text.sc_save  0x0000000008012b14       0xa0 zephyr/subsys/bluetooth/host/libsubsys__bluetooth__host.a(gatt.c.obj)
 .text.bt_gatt_store_cf
                0x0000000008012bb4       0xa0 zephyr/subsys/bluetooth/host/libsubsys__bluetooth__host.a(gatt.c.obj)
 .text.bt_gatt_clear_sc
                0x0000000008012c54       0x84 zephyr/subsys/bluetooth/host/libsubsys__bluetooth__host.a(gatt.c.obj)
 .text.sc_clear
                0x0000000008012cd8       0x64 zephyr/subsys/bluetooth/host/libsubsys__bluetooth__host.a(gatt.c.obj)
 .text.remove_peer_from_attr
                0x0000000008012d3c       0x2c zephyr/subsys/bluetooth/host/libsubsys__bluetooth__host.a(gatt.c.obj)
 .text.sc_indicate_rsp
                0x0000000008012d68       0x7c zephyr/subsys/bluetooth/host/libsubsys__bluetooth__host.a(gatt.c.obj)
 .text.sc_commit
                0x0000000008012de4       0x50 zephyr/subsys/bluetooth/host/libsubsys__bluetooth__host.a(gatt.c.obj)
 .text.sc_indicate
                0x0000000008012e34       0x74 zephyr/subsys/bluetooth/host/libsubsys__bluetooth__host.a(gatt.c.obj)
 .text.parse_characteristic
                0x0000000008012ea8      0x120 zephyr/subsys/bluetooth/host/libsubsys__bluetooth__host.a(gatt.c.obj)
 .text.disconnected_cb
                0x0000000008012fc8       0xc4 zephyr/subsys/bluetooth/host/libsubsys__bluetooth__host.a(gatt.c.obj)
 .text.gatt_send
                0x000000000801308c       0x8c zephyr/subsys/bluetooth/host/libsubsys__bluetooth__host.a(gatt.c.obj)
 .text.gatt_indicate
                0x0000000008013118       0xa0 zephyr/subsys/bluetooth/host/libsubsys__bluetooth__host.a(gatt.c.obj)
 .text.read_included_uuid
                0x00000000080131b8       0x40 zephyr/subsys/bluetooth/host/libsubsys__bluetooth__host.a(gatt.c.obj)
 .text.parse_include
                0x00000000080131f8      0x118 zephyr/subsys/bluetooth/host/libsubsys__bluetooth__host.a(gatt.c.obj)
 .text.gatt_find_info
                0x0000000008013310       0x44 zephyr/subsys/bluetooth/host/libsubsys__bluetooth__host.a(gatt.c.obj)
 .text.gatt_notify
                0x0000000008013354       0x80 zephyr/subsys/bluetooth/host/libsubsys__bluetooth__host.a(gatt.c.obj)
 .text.notify_cb
                0x00000000080133d4      0x120 zephyr/subsys/bluetooth/host/libsubsys__bluetooth__host.a(gatt.c.obj)
 .text.gatt_read_group
                0x00000000080134f4       0x60 zephyr/subsys/bluetooth/host/libsubsys__bluetooth__host.a(gatt.c.obj)
 .text.gatt_read_type
                0x0000000008013554       0x64 zephyr/subsys/bluetooth/host/libsubsys__bluetooth__host.a(gatt.c.obj)
 .text.add_subscriptions
                0x00000000080135b8       0x5c zephyr/subsys/bluetooth/host/libsubsys__bluetooth__host.a(gatt.c.obj)
 .text.gatt_find_type
                0x0000000008013614       0xb0 zephyr/subsys/bluetooth/host/libsubsys__bluetooth__host.a(gatt.c.obj)
 .text.ccc_set_direct
                0x00000000080136c4       0x60 zephyr/subsys/bluetooth/host/libsubsys__bluetooth__host.a(gatt.c.obj)
 .text.sc_set   0x0000000008013724      0x158 zephyr/subsys/bluetooth/host/libsubsys__bluetooth__host.a(gatt.c.obj)
 .text.cf_set   0x000000000801387c      0x140 zephyr/subsys/bluetooth/host/libsubsys__bluetooth__host.a(gatt.c.obj)
 .text.bt_gatt_clear_cf
                0x00000000080139bc       0x50 zephyr/subsys/bluetooth/host/libsubsys__bluetooth__host.a(gatt.c.obj)
 .text.bt_gatt_init