Archive member included to satisfy reference by file (symbol)

app/libapp.a(activity.c.obj)  (--whole-archive)
app/libapp.a(kscan.c.obj)     (--whole-archive)
app/libapp.a(matrix_transform.c.obj)
                              (--whole-archive)
app/libapp.a(hid.c.obj)       (--whole-archive)
app/libapp.a(sensors.c.obj)   (--whole-archive)
app/libapp.a(event_manager.c.obj)
                              (--whole-archive)
app/libapp.a(ext_power_generic.c.obj)
                              (--whole-archive)
app/libapp.a(activity_state_changed.c.obj)
                              (--whole-archive)
app/libapp.a(position_state_changed.c.obj)
                              (--whole-archive)
app/libapp.a(layer_state_changed.c.obj)
                              (--whole-archive)
app/libapp.a(keycode_state_changed.c.obj)
                              (--whole-archive)
app/libapp.a(modifiers_state_changed.c.obj)
                              (--whole-archive)
app/libapp.a(sensor_event.c.obj)
                              (--whole-archive)
app/libapp.a(ble_active_profile_changed.c.obj)
                              (--whole-archive)
app/libapp.a(battery_state_changed.c.obj)
                              (--whole-archive)
app/libapp.a(usb_conn_state_changed.c.obj)
                              (--whole-archive)
app/libapp.a(behavior_bt.c.obj)
                              (--whole-archive)
app/libapp.a(ble.c.obj)       (--whole-archive)
app/libapp.a(battery.c.obj)   (--whole-archive)
app/libapp.a(split_listener.c.obj)
                              (--whole-archive)
app/libapp.a(service.c.obj)   (--whole-archive)
app/libapp.a(usb.c.obj)       (--whole-archive)
app/libapp.a(hog.c.obj)       (--whole-archive)
app/libapp.a(endpoints.c.obj)
                              (--whole-archive)
app/libapp.a(hid_listener.c.obj)
                              (--whole-archive)
app/libapp.a(main.c.obj)      (--whole-archive)
zephyr/libzephyr.a(crc32_sw.c.obj)
                              (--whole-archive)
zephyr/libzephyr.a(crc16_sw.c.obj)
                              (--whole-archive)
zephyr/libzephyr.a(crc8_sw.c.obj)
                              (--whole-archive)
zephyr/libzephyr.a(crc7_sw.c.obj)
                              (--whole-archive)
zephyr/libzephyr.a(dec.c.obj)
                              (--whole-archive)
zephyr/libzephyr.a(fdtable.c.obj)
                              (--whole-archive)
zephyr/libzephyr.a(hex.c.obj)
                              (--whole-archive)
zephyr/libzephyr.a(mempool.c.obj)
                              (--whole-archive)
zephyr/libzephyr.a(notify.c.obj)
                              (--whole-archive)
zephyr/libzephyr.a(printk.c.obj)
                              (--whole-archive)
zephyr/libzephyr.a(onoff.c.obj)
                              (--whole-archive)
zephyr/libzephyr.a(rb.c.obj)  (--whole-archive)
zephyr/libzephyr.a(sem.c.obj)
                              (--whole-archive)
zephyr/libzephyr.a(thread_entry.c.obj)
                              (--whole-archive)
zephyr/libzephyr.a(timeutil.c.obj)
                              (--whole-archive)
zephyr/libzephyr.a(work_q.c.obj)
                              (--whole-archive)
zephyr/libzephyr.a(heap.c.obj)
                              (--whole-archive)
zephyr/libzephyr.a(heap-validate.c.obj)
                              (--whole-archive)
zephyr/libzephyr.a(prf.c.obj)
                              (--whole-archive)
zephyr/libzephyr.a(configs.c.obj)
                              (--whole-archive)
zephyr/libzephyr.a(soc.c.obj)
                              (--whole-archive)
zephyr/libzephyr.a(stm32cube_hal.c.obj)
                              (--whole-archive)
zephyr/libzephyr.a(log_list.c.obj)
                              (--whole-archive)
zephyr/libzephyr.a(log_core.c.obj)
                              (--whole-archive)
zephyr/libzephyr.a(log_msg.c.obj)
                              (--whole-archive)
zephyr/libzephyr.a(log_output.c.obj)
                              (--whole-archive)
zephyr/libzephyr.a(log_backend_uart.c.obj)
                              (--whole-archive)
zephyr/libzephyr.a(dis.c.obj)
                              (--whole-archive)
zephyr/libzephyr.a(bas.c.obj)
                              (--whole-archive)
zephyr/libzephyr.a(nvs.c.obj)
                              (--whole-archive)
zephyr/libzephyr.a(addr_utils.c.obj)
                              (--whole-archive)
zephyr/libzephyr.a(usb_device.c.obj)
                              (--whole-archive)
zephyr/libzephyr.a(usb_descriptor.c.obj)
                              (--whole-archive)
zephyr/libzephyr.a(usb_transfer.c.obj)
                              (--whole-archive)
zephyr/libzephyr.a(flash_map.c.obj)
                              (--whole-archive)
zephyr/libzephyr.a(flash_map_default.c.obj)
                              (--whole-archive)
zephyr/libzephyr.a(settings_store.c.obj)
                              (--whole-archive)
zephyr/libzephyr.a(settings.c.obj)
[...]
Memory Configuration

Name             Origin             Length             Attributes
FLASH            0x0000000008000000 0x0000000000040000 xr
SRAM             0x0000000020000000 0x000000000000a000 xw
IDT_LIST         0x000000002000a000 0x0000000000000800 xw
*default*        0x0000000000000000 0xffffffffffffffff

Linker script and memory map

LOAD zephyr/CMakeFiles/zephyr_prebuilt.dir/misc/empty_file.c.obj
                0x0000000000000004                _region_min_align = 0x4

.rel.plt        0x0000000008000000        0x0
 *(SORT_BY_ALIGNMENT(.rel.plt))
                [!provide]                        PROVIDE (__rel_iplt_start = .)
 *(SORT_BY_ALIGNMENT(.rel.iplt))
 .rel.iplt      0x0000000008000000        0x0 app/libapp.a(activity.c.obj)
                [!provide]                        PROVIDE (__rel_iplt_end = .)

.rela.plt       0x0000000000000000        0x0
 *(SORT_BY_ALIGNMENT(.rela.plt))
                [!provide]                        PROVIDE (__rela_iplt_start = .)
 *(SORT_BY_ALIGNMENT(.rela.iplt))
                [!provide]                        PROVIDE (__rela_iplt_end = .)

.rel.dyn
 *(SORT_BY_ALIGNMENT(.rel.*))

.rela.dyn
 *(SORT_BY_ALIGNMENT(.rela.*))

/DISCARD/
 *(SORT_BY_ALIGNMENT(.plt))
 *(SORT_BY_ALIGNMENT(.iplt))
 *(SORT_BY_ALIGNMENT(.got.plt))
 *(SORT_BY_ALIGNMENT(.igot.plt))
 *(SORT_BY_ALIGNMENT(.got))
 *(SORT_BY_ALIGNMENT(.igot))
 *(SORT_BY_ALIGNMENT(.note.GNU-stack))
                0x0000000008000000                _image_rom_start = 0x8000000

rom_start       0x0000000008000000      0x188
                0x0000000000000000                . = 0x0
                0x0000000000000000                . = ALIGN (0x4)
                0x0000000000000000                . = ALIGN (0x80)
                0x0000000000000000                . = ALIGN (0x200)
                0x0000000008000000                _vector_start = .
 *(SORT_BY_ALIGNMENT(.exc_vector_table))
 *(SORT_BY_ALIGNMENT(.exc_vector_table.*))
 .exc_vector_table._vector_table_section
                0x0000000008000000       0x40 zephyr/arch/arch/arm/core/aarch32/cortex_m/libarch__arm__core__aarch32__cortex_m.a(vector_table.S.obj)
                0x0000000008000000                _vector_table
 *(SORT_BY_ALIGNMENT(.gnu.linkonce.irq_vector_table*))
 .gnu.linkonce.irq_vector_table*
                0x0000000008000040      0x148 zephyr/arch/common/libisr_tables.a(isr_tables.c.obj)
                0x0000000008000040                _irq_vector_table
 *(SORT_BY_ALIGNMENT(.vectors))
                0x0000000008000188                _vector_end = .
 *(SORT_BY_ALIGNMENT(.openocd_dbg))
 *(SORT_BY_ALIGNMENT(.openocd_dbg.*))

text            0x0000000008000188    0x1d0f2
                0x0000000008000188                _image_text_start = .
 *(SORT_BY_ALIGNMENT(.text))
 .text          0x0000000008000188       0x30 /home/laujonat/.local/zephyr-sdk-0.11.4/arm-zephyr-eabi/bin/../lib/gcc/arm-zephyr-eabi/9.2.0/thumb/v7e-m+fp/hard/libgcc.a(_aeabi_uldivmod.o)
                0x0000000008000188                __aeabi_uldivmod
 .text          0x00000000080001b8      0x2c4 /home/laujonat/.local/zephyr-sdk-0.11.4/arm-zephyr-eabi/bin/../lib/gcc/arm-zephyr-eabi/9.2.0/thumb/v7e-m+fp/hard/libgcc.a(_udivmoddi4.o)
                0x00000000080001b8                __udivmoddi4
 .text          0x000000000800047c        0x4 /home/laujonat/.local/zephyr-sdk-0.11.4/arm-zephyr-eabi/bin/../lib/gcc/arm-zephyr-eabi/9.2.0/thumb/v7e-m+fp/hard/libgcc.a(_dvmd_tls.o)
                0x000000000800047c                __aeabi_ldiv0
                0x000000000800047c                __aeabi_idiv0
 *(SORT_BY_ALIGNMENT(.text.*))
 .text.activity_expiry_function
                0x0000000008000480       0x38 app/libapp.a(activity.c.obj)
                0x0000000008000480                activity_expiry_function
 .text.activity_init
                0x00000000080004b8       0x34 app/libapp.a(activity.c.obj)
                0x00000000080004b8                activity_init
 .text.raise_event
                0x00000000080004ec       0x14 app/libapp.a(activity.c.obj)
                0x00000000080004ec                raise_event
 .text.set_state
                0x0000000008000500       0x1c app/libapp.a(activity.c.obj)
                0x0000000008000500                set_state
 .text.activity_event_listener
                0x000000000800051c       0x20 app/libapp.a(activity.c.obj)
                0x000000000800051c                activity_event_listener
 .text.activity_work_handler
                0x000000000800053c       0x2c app/libapp.a(activity.c.obj)
                0x000000000800053c                activity_work_handler
 .text.zmk_kscan_process_msgq
                0x0000000008000568       0xa8 app/libapp.a(kscan.c.obj)
                0x0000000008000568                zmk_kscan_process_msgq
 .text.zmk_kscan_callback
                0x0000000008000610       0x58 app/libapp.a(kscan.c.obj)
 .text.zmk_kscan_init
                0x0000000008000668       0x70 app/libapp.a(kscan.c.obj)
                0x0000000008000668                zmk_kscan_init
 .text.zmk_matrix_transform_row_column_to_position
                0x00000000080006d8       0x18 app/libapp.a(matrix_transform.c.obj)
                0x00000000080006d8                zmk_matrix_transform_row_column_to_position
 .text.zmk_hid_register_mod
                0x00000000080006f0       0x90 app/libapp.a(hid.c.obj)
                0x00000000080006f0                zmk_hid_register_mod
 .text.zmk_hid_unregister_mod
                0x0000000008000780      0x100 app/libapp.a(hid.c.obj)
                0x0000000008000780                zmk_hid_unregister_mod
 .text.zmk_hid_implicit_modifiers_press
                0x0000000008000880       0x4c app/libapp.a(hid.c.obj)
                0x0000000008000880                zmk_hid_implicit_modifiers_press
 .text.zmk_hid_implicit_modifiers_release
                0x00000000080008cc       0x4c app/libapp.a(hid.c.obj)
                0x00000000080008cc                zmk_hid_implicit_modifiers_release
 .text.zmk_hid_keyboard_press
                0x0000000008000918       0x40 app/libapp.a(hid.c.obj)
                0x0000000008000918                zmk_hid_keyboard_press
 .text.zmk_hid_keyboard_release
                0x0000000008000958       0x3c app/libapp.a(hid.c.obj)
                0x0000000008000958                zmk_hid_keyboard_release
 .text.zmk_hid_keyboard_clear
                0x0000000008000994       0x14 app/libapp.a(hid.c.obj)
                0x0000000008000994                zmk_hid_keyboard_clear
 .text.zmk_hid_consumer_press
                0x00000000080009a8       0x30 app/libapp.a(hid.c.obj)
                0x00000000080009a8                zmk_hid_consumer_press
 .text.zmk_hid_consumer_release
                0x00000000080009d8       0x30 app/libapp.a(hid.c.obj)
                0x00000000080009d8                zmk_hid_consumer_release
 .text.zmk_hid_consumer_clear
                0x0000000008000a08       0x14 app/libapp.a(hid.c.obj)
                0x0000000008000a08                zmk_hid_consumer_clear
 .text.zmk_hid_get_keyboard_report
                0x0000000008000a1c        0x8 app/libapp.a(hid.c.obj)
                0x0000000008000a1c                zmk_hid_get_keyboard_report
 .text.zmk_hid_get_consumer_report
                0x0000000008000a24        0x8 app/libapp.a(hid.c.obj)
                0x0000000008000a24                zmk_hid_get_consumer_report
 .text.zmk_event_manager_handle_from
                0x0000000008000a2c       0xe4 app/libapp.a(event_manager.c.obj)
                0x0000000008000a2c                zmk_event_manager_handle_from
 .text.new_zmk_activity_state_changed
                0x0000000008000b10       0x18 app/libapp.a(activity_state_changed.c.obj)
                0x0000000008000b10                new_zmk_activity_state_changed
 .text.new_zmk_position_state_changed
                0x0000000008000b28       0x2c app/libapp.a(position_state_changed.c.obj)
                0x0000000008000b28                new_zmk_position_state_changed
 .text.as_zmk_position_state_changed
                0x0000000008000b54       0x14 app/libapp.a(position_state_changed.c.obj)
                0x0000000008000b54                as_zmk_position_state_changed
 .text.as_zmk_keycode_state_changed
                0x0000000008000b68       0x14 app/libapp.a(keycode_state_changed.c.obj)
                0x0000000008000b68                as_zmk_keycode_state_changed
 .text.new_zmk_ble_active_profile_changed
                0x0000000008000b7c       0x2c app/libapp.a(ble_active_profile_changed.c.obj)
                0x0000000008000b7c                new_zmk_ble_active_profile_changed
 .text.new_zmk_battery_state_changed
                0x0000000008000ba8       0x18 app/libapp.a(battery_state_changed.c.obj)
                0x0000000008000ba8                new_zmk_battery_state_changed
 .text.new_zmk_usb_conn_state_changed
                0x0000000008000bc0       0x18 app/libapp.a(usb_conn_state_changed.c.obj)
                0x0000000008000bc0                new_zmk_usb_conn_state_changed
 .text.on_keymap_binding_pressed
                0x0000000008000bd8       0x6c app/libapp.a(behavior_bt.c.obj)
 .text.raise_profile_changed_event
                0x0000000008000c44       0x34 app/libapp.a(ble.c.obj)
 .text.ble_save_profile_work
                0x0000000008000c78       0x18 app/libapp.a(ble.c.obj)
 .text.ble_save_profile
                0x0000000008000c90       0x24 app/libapp.a(ble.c.obj)
 .text.ble_profiles_handle_set
                0x0000000008000cb4      0x288 app/libapp.a(ble.c.obj)
 .text.is_conn_active_profile
                0x0000000008000f3c       0x30 app/libapp.a(ble.c.obj)
 .text.le_param_updated
                0x0000000008000f6c       0xe4 app/libapp.a(ble.c.obj)
 .text.auth_cancel
                0x0000000008001050       0xe8 app/libapp.a(ble.c.obj)
 .text.security_changed
                0x0000000008001138      0x110 app/libapp.a(ble.c.obj)
 .text.disconnected
                0x0000000008001248      0x16c app/libapp.a(ble.c.obj)
 .text.zmk_ble_active_profile_is_open
                0x00000000080013b4       0x3c app/libapp.a(ble.c.obj)
                0x00000000080013b4                zmk_ble_active_profile_is_open
 .text.set_profile_address
                0x00000000080013f0      0x140 app/libapp.a(ble.c.obj)
                0x00000000080013f0                set_profile_address
 .text.zmk_ble_active_profile_addr
                0x0000000008001530       0x1c app/libapp.a(ble.c.obj)
                0x0000000008001530                zmk_ble_active_profile_addr
 .text.update_advertising
                0x000000000800154c      0x340 app/libapp.a(ble.c.obj)
                0x000000000800154c                update_advertising
 .text.zmk_ble_clear_bonds
                0x000000000800188c       0xc4 app/libapp.a(ble.c.obj)
                0x000000000800188c                zmk_ble_clear_bonds
 .text.zmk_ble_prof_select
                0x0000000008001950       0x5c app/libapp.a(ble.c.obj)
                0x0000000008001950                zmk_ble_prof_select
 .text.zmk_ble_prof_next
                0x00000000080019ac       0x40 app/libapp.a(ble.c.obj)
                0x00000000080019ac                zmk_ble_prof_next
 .text.zmk_ble_prof_prev
                0x00000000080019ec       0x40 app/libapp.a(ble.c.obj)
                0x00000000080019ec                zmk_ble_prof_prev
 .text.auth_pairing_complete
                0x0000000008001a2c       0xe8 app/libapp.a(ble.c.obj)
 .text.connected
                0x0000000008001b14      0x244 app/libapp.a(ble.c.obj)
 .text.zmk_ble_ready
                0x0000000008001d58       0x6c app/libapp.a(ble.c.obj)
 .text.zmk_ble_init
                0x0000000008001dc4      0x144 app/libapp.a(ble.c.obj)
 .text.zmk_battery_update
                0x0000000008001f08       0xfc app/libapp.a(battery.c.obj)
 .text.zmk_battery_work
                0x0000000008002004       0x4c app/libapp.a(battery.c.obj)
 .text.zmk_battery_timer
                0x0000000008002050       0x38 app/libapp.a(battery.c.obj)
 .text.zmk_battery_init
                0x0000000008002088       0xa4 app/libapp.a(battery.c.obj)
 .text.split_listener
                0x000000000800212c       0x58 app/libapp.a(split_listener.c.obj)
                0x000000000800212c                split_listener
 .text.split_svc_pos_state
                0x0000000008002184       0x20 app/libapp.a(service.c.obj)
 .text.split_svc_pos_state_ccc
                0x00000000080021a4       0x3c app/libapp.a(service.c.obj)
 .text.send_position_state_callback
                0x00000000080021e0       0x78 app/libapp.a(service.c.obj)
                0x00000000080021e0                send_position_state_callback
 .text.service_init
                0x0000000008002258       0x1c app/libapp.a(service.c.obj)
                0x0000000008002258                service_init
 .text.send_position_state
                0x0000000008002274       0xcc app/libapp.a(service.c.obj)
                0x0000000008002274                send_position_state
 .text.zmk_split_bt_position_pressed
                0x0000000008002340       0x20 app/libapp.a(service.c.obj)
                0x0000000008002340                zmk_split_bt_position_pressed
 .text.zmk_split_bt_position_released
                0x0000000008002360       0x24 app/libapp.a(service.c.obj)
                0x0000000008002360                zmk_split_bt_position_released
 .text.in_ready_cb
                0x0000000008002384       0x10 app/libapp.a(usb.c.obj)
 .text.zmk_usb_init
                0x0000000008002394       0xa0 app/libapp.a(usb.c.obj)
 .text.zmk_usb_hid_send_report
                0x0000000008002434       0x60 app/libapp.a(usb.c.obj)
                0x0000000008002434                zmk_usb_hid_send_report
 .text.zmk_usb_get_conn_state
                0x0000000008002494       0x2c app/libapp.a(usb.c.obj)
                0x0000000008002494                zmk_usb_get_conn_state
 .text.usb_status_cb
                0x00000000080024c0       0x10 app/libapp.a(usb.c.obj)
                0x00000000080024c0                usb_status_cb
 .text.read_hids_report_map
                0x00000000080024d0       0x20 app/libapp.a(hog.c.obj)
 .text.zmk_hog_init
                0x00000000080024f0       0x1c app/libapp.a(hog.c.obj)
                0x00000000080024f0                zmk_hog_init
 .text.destination_connection
                0x000000000800250c       0xb4 app/libapp.a(hog.c.obj)
                0x000000000800250c                destination_connection
 .text.send_keyboard_report_callback
                0x00000000080025c0       0x80 app/libapp.a(hog.c.obj)
                0x00000000080025c0                send_keyboard_report_callback
 .text.send_consumer_report_callback
                0x0000000008002640       0x88 app/libapp.a(hog.c.obj)
                0x0000000008002640                send_consumer_report_callback
 .text.zmk_hog_send_keyboard_report
                0x00000000080026c8       0xcc app/libapp.a(hog.c.obj)
                0x00000000080026c8                zmk_hog_send_keyboard_report
 .text.zmk_hog_send_consumer_report
                0x0000000008002794       0xcc app/libapp.a(hog.c.obj)
                0x0000000008002794                zmk_hog_send_consumer_report
 .text.get_selected_endpoint
                0x0000000008002860       0xd8 app/libapp.a(endpoints.c.obj)
 .text.send_keyboard_report
                0x0000000008002938       0xb8 app/libapp.a(endpoints.c.obj)
 .text.send_consumer_report
                0x00000000080029f0       0xb8 app/libapp.a(endpoints.c.obj)
 .text.zmk_endpoints_init
                0x0000000008002aa8       0x64 app/libapp.a(endpoints.c.obj)
 .text.endpoints_save_preferred_work
                0x0000000008002b0c       0x18 app/libapp.a(endpoints.c.obj)
 .text.zmk_endpoints_send_report
                0x0000000008002b24       0x7c app/libapp.a(endpoints.c.obj)
                0x0000000008002b24                zmk_endpoints_send_report
 .text.update_current_endpoint
                0x0000000008002ba0       0x50 app/libapp.a(endpoints.c.obj)
 .text.endpoints_handle_set
                0x0000000008002bf0       0xd4 app/libapp.a(endpoints.c.obj)
 .text.hid_listener_keycode_pressed
                0x0000000008002cc4       0xd8 app/libapp.a(hid_listener.c.obj)
 .text.hid_listener_keycode_released
                0x0000000008002d9c       0xd8 app/libapp.a(hid_listener.c.obj)
 .text.main     0x0000000008002e74       0x3c app/libapp.a(main.c.obj)
                0x0000000008002e74                main
 .text.crc8_ccitt
                0x0000000008002eb0       0x30 zephyr/libzephyr.a(crc8_sw.c.obj)
                0x0000000008002eb0                crc8_ccitt
 .text.u8_to_dec
                0x0000000008002ee0       0x50 zephyr/libzephyr.a(dec.c.obj)
                0x0000000008002ee0                u8_to_dec
 .text.print_digits
                0x0000000008002f30       0xd8 zephyr/libzephyr.a(printk.c.obj)
 .text.char_out
                0x0000000008003008       0x14 zephyr/libzephyr.a(printk.c.obj)
 .text.__printk_hook_install
                0x000000000800301c        0xc zephyr/libzephyr.a(printk.c.obj)
                0x000000000800301c                __printk_hook_install
 .text.vprintk  0x0000000008003028       0x20 zephyr/libzephyr.a(printk.c.obj)
                0x0000000008003028                vprintk
 .text.vsnprintk
                0x0000000008003048       0x2c zephyr/libzephyr.a(printk.c.obj)
                0x0000000008003048                vsnprintk
 .text._ldiv5   0x0000000008003074       0x8c zephyr/libzephyr.a(prf.c.obj)
 .text._to_float
                0x0000000008003100      0x3c8 zephyr/libzephyr.a(prf.c.obj)
 .text.z_prf    0x00000000080034c8      0x7b0 zephyr/libzephyr.a(prf.c.obj)
                0x00000000080034c8                z_prf
 .text.stm32f3_init
                0x0000000008003c78       0x2c zephyr/libzephyr.a(soc.c.obj)
 .text.is_rodata
                0x0000000008003ca4       0x20 zephyr/libzephyr.a(log_core.c.obj)
 .text.thread_set
                0x0000000008003cc4       0x28 zephyr/libzephyr.a(log_core.c.obj)
 .text.log_process_thread_timer_expiry_fn
                0x0000000008003cec       0x10 zephyr/libzephyr.a(log_core.c.obj)
 .text.enable_logger
                0x0000000008003cfc       0x5c zephyr/libzephyr.a(log_core.c.obj)
 .text.log_core_init
                0x0000000008003d58       0x3c zephyr/libzephyr.a(log_core.c.obj)
                0x0000000008003d58                log_core_init
 .text.dropped_notify
                0x0000000008003d94       0x58 zephyr/libzephyr.a(log_core.c.obj)
                0x0000000008003d94                dropped_notify
 .text.log_dropped
                0x0000000008003dec       0x20 zephyr/libzephyr.a(log_core.c.obj)
                0x0000000008003dec                log_dropped
 .text.log_source_name_get
                0x0000000008003e0c       0x20 zephyr/libzephyr.a(log_core.c.obj)
                0x0000000008003e0c                log_source_name_get
 .text.log_backend_enable
                0x0000000008003e2c       0x3c zephyr/libzephyr.a(log_core.c.obj)
                0x0000000008003e2c                log_backend_enable
 .text.log_init
                0x0000000008003e68       0x64 zephyr/libzephyr.a(log_core.c.obj)
                0x0000000008003e68                log_init
 .text.log_strdup
                0x0000000008003ecc       0x60 zephyr/libzephyr.a(log_core.c.obj)
                0x0000000008003ecc                log_strdup
 .text.log_is_strdup
                0x0000000008003f2c       0x24 zephyr/libzephyr.a(log_core.c.obj)
                0x0000000008003f2c                log_is_strdup
 .text.detect_missed_strdup
                0x0000000008003f50       0xa8 zephyr/libzephyr.a(log_core.c.obj)
 .text.msg_process
                0x0000000008003ff8       0x64 zephyr/libzephyr.a(log_core.c.obj)
 .text.z_impl_log_process
                0x000000000800405c       0x78 zephyr/libzephyr.a(log_core.c.obj)
                0x000000000800405c                z_impl_log_process
 .text.log_3    0x00000000080040d4      0x110 zephyr/libzephyr.a(log_core.c.obj)
                0x00000000080040d4                log_3
 .text.z_impl_log_panic
                0x00000000080041e4       0x58 zephyr/libzephyr.a(log_core.c.obj)
                0x00000000080041e4                z_impl_log_panic
 .text.log_process_thread_func
                0x000000000800423c       0x30 zephyr/libzephyr.a(log_core.c.obj)
 .text.log_1    0x000000000800426c      0x100 zephyr/libzephyr.a(log_core.c.obj)
                0x000000000800426c                log_1
 .text.log_2    0x000000000800436c      0x108 zephyr/libzephyr.a(log_core.c.obj)
                0x000000000800436c                log_2
 .text.log_n    0x0000000008004474       0xd8 zephyr/libzephyr.a(log_core.c.obj)
                0x0000000008004474                log_n
 .text.log_0    0x000000000800454c       0xf0 zephyr/libzephyr.a(log_core.c.obj)
                0x000000000800454c                log_0
 .text.log_free
                0x000000000800463c       0x38 zephyr/libzephyr.a(log_core.c.obj)
                0x000000000800463c                log_free
 .text.cont_free
                0x0000000008004674       0x20 zephyr/libzephyr.a(log_msg.c.obj)
 .text.log_msg_pool_init
                0x0000000008004694       0x18 zephyr/libzephyr.a(log_msg.c.obj)
                0x0000000008004694                log_msg_pool_init
 .text.log_msg_no_space_handle
                0x00000000080046ac       0x30 zephyr/libzephyr.a(log_msg.c.obj)
                0x00000000080046ac                log_msg_no_space_handle
 .text.log_msg_chunk_alloc
                0x00000000080046dc       0x38 zephyr/libzephyr.a(log_msg.c.obj)
                0x00000000080046dc                log_msg_chunk_alloc
 .text.msg_free
                0x0000000008004714       0x80 zephyr/libzephyr.a(log_msg.c.obj)
 .text.print_formatted
                0x0000000008004794       0x28 zephyr/libzephyr.a(log_output.c.obj)
 .text.timestamp_print
                0x00000000080047bc       0x8c zephyr/libzephyr.a(log_output.c.obj)
 .text.color_print
                0x0000000008004848       0x2c zephyr/libzephyr.a(log_output.c.obj)
 .text.newline_print
                0x0000000008004874       0x28 zephyr/libzephyr.a(log_output.c.obj)
 .text.hexdump_line_print
                0x000000000800489c       0xbc zephyr/libzephyr.a(log_output.c.obj)
 .text.ids_print
                0x0000000008004958       0x5c zephyr/libzephyr.a(log_output.c.obj)
 .text.hexdump_print
                0x00000000080049b4       0x54 zephyr/libzephyr.a(log_output.c.obj)
 .text.raw_string_print
                0x0000000008004a08       0x5c zephyr/libzephyr.a(log_output.c.obj)
 .text.log_output_dropped_process
                0x0000000008004a64       0x58 zephyr/libzephyr.a(log_output.c.obj)
                0x0000000008004a64                log_output_dropped_process
 .text.log_output_timestamp_freq_set
                0x0000000008004abc       0x2c zephyr/libzephyr.a(log_output.c.obj)
                0x0000000008004abc                log_output_timestamp_freq_set
 .text.char_out
                0x0000000008004ae8       0x24 zephyr/libzephyr.a(log_backend_uart.c.obj)
 .text.log_backend_uart_init
                0x0000000008004b0c       0x18 zephyr/libzephyr.a(log_backend_uart.c.obj)
 .text.panic    0x0000000008004b24       0x10 zephyr/libzephyr.a(log_backend_uart.c.obj)
 .text.dropped  0x0000000008004b34       0x10 zephyr/libzephyr.a(log_backend_uart.c.obj)
 .text.put      0x0000000008004b44       0x20 zephyr/libzephyr.a(log_backend_uart.c.obj)
 .text.read_pnp_id
                0x0000000008004b64       0x20 zephyr/libzephyr.a(dis.c.obj)
 .text.blvl_ccc_cfg_changed
                0x0000000008004b84       0x44 zephyr/libzephyr.a(bas.c.obj)
 .text.read_blvl
                0x0000000008004bc8       0x28 zephyr/libzephyr.a(bas.c.obj)
 .text.bt_bas_set_battery_level
                0x0000000008004bf0       0x50 zephyr/libzephyr.a(bas.c.obj)
                0x0000000008004bf0                bt_bas_set_battery_level
 .text.nvs_init
                0x0000000008004c40      0x1f0 zephyr/libzephyr.a(nvs.c.obj)
                0x0000000008004c40                nvs_init
 .text.nvs_write
                0x0000000008004e30      0x194 zephyr/libzephyr.a(nvs.c.obj)
                0x0000000008004e30                nvs_write
 .text.nvs_read_hist
                0x0000000008004fc4      0x100 zephyr/libzephyr.a(nvs.c.obj)
                0x0000000008004fc4                nvs_read_hist
 .text.usb_handle_request
                0x00000000080050c4       0x28 zephyr/libzephyr.a(usb_device.c.obj)
 .text.usb_register_request_handler
                0x00000000080050ec       0x10 zephyr/libzephyr.a(usb_device.c.obj)
 .text.usb_register_descriptors
                0x00000000080050fc        0xc zephyr/libzephyr.a(usb_device.c.obj)
 .text.usb_get_descriptor
                0x0000000008005108       0x58 zephyr/libzephyr.a(usb_device.c.obj)
 .text.is_device_configured
                0x0000000008005160       0x14 zephyr/libzephyr.a(usb_device.c.obj)
 .text.is_interface_valid
                0x0000000008005174       0x24 zephyr/libzephyr.a(usb_device.c.obj)
 .text.is_ep_valid
                0x0000000008005198       0x68 zephyr/libzephyr.a(usb_device.c.obj)
 .text.usb_register_custom_req_handler
                0x0000000008005200        0xc zephyr/libzephyr.a(usb_device.c.obj)
 .text.usb_register_status_callback
                0x000000000800520c        0xc zephyr/libzephyr.a(usb_device.c.obj)
 .text.foreach_ep
                0x0000000008005218       0x64 zephyr/libzephyr.a(usb_device.c.obj)
 .text.class_handler
                0x000000000800527c       0x60 zephyr/libzephyr.a(usb_device.c.obj)
 .text.custom_handler
                0x00000000080052dc       0x68 zephyr/libzephyr.a(usb_device.c.obj)
 .text.vendor_handler
                0x0000000008005344       0x58 zephyr/libzephyr.a(usb_device.c.obj)
 .text.set_endpoint
                0x000000000800539c      0x108 zephyr/libzephyr.a(usb_device.c.obj)
 .text.usb_set_configuration
                0x00000000080054a4       0x78 zephyr/libzephyr.a(usb_device.c.obj)
 .text.usb_handle_std_device_req
                0x000000000800551c       0x6c zephyr/libzephyr.a(usb_device.c.obj)
 .text.reset_endpoint
                0x0000000008005588       0x7c zephyr/libzephyr.a(usb_device.c.obj)
 .text.usb_set_interface
                0x0000000008005604       0x64 zephyr/libzephyr.a(usb_device.c.obj)
 .text.usb_handle_std_endpoint_req
                0x0000000008005668      0x120 zephyr/libzephyr.a(usb_device.c.obj)
 .text.usb_handle_standard_request
                0x0000000008005788       0x70 zephyr/libzephyr.a(usb_device.c.obj)
 .text.composite_setup_ep_cb
                0x00000000080057f8       0x64 zephyr/libzephyr.a(usb_device.c.obj)
 .text.forward_status_cb
                0x000000000800585c       0x84 zephyr/libzephyr.a(usb_device.c.obj)
 .text.usb_write
                0x00000000080058e0       0x6c zephyr/libzephyr.a(usb_device.c.obj)
                0x00000000080058e0                usb_write
 .text.usb_data_to_host
                0x000000000800594c       0x58 zephyr/libzephyr.a(usb_device.c.obj)
 .text.usb_handle_control_transfer
                0x00000000080059a4      0x170 zephyr/libzephyr.a(usb_device.c.obj)
 .text.usb_set_config
                0x0000000008005b14       0x38 zephyr/libzephyr.a(usb_device.c.obj)
                0x0000000008005b14                usb_set_config
 .text.usb_device_init
                0x0000000008005b4c       0x54 zephyr/libzephyr.a(usb_device.c.obj)
 .text.usb_enable
                0x0000000008005ba0       0xd4 zephyr/libzephyr.a(usb_device.c.obj)
                0x0000000008005ba0                usb_enable
 .text.usb_get_cfg_data
                0x0000000008005c74       0x48 zephyr/libzephyr.a(usb_descriptor.c.obj)
 .text.usb_update_sn_string_descriptor
                0x0000000008005cbc       0x74 zephyr/libzephyr.a(usb_descriptor.c.obj)
                0x0000000008005cbc                usb_update_sn_string_descriptor
 .text.usb_fix_ascii_sn_string_descriptor
                0x0000000008005d30       0x60 zephyr/libzephyr.a(usb_descriptor.c.obj)
 .text.usb_fix_descriptor
                0x0000000008005d90      0x17c zephyr/libzephyr.a(usb_descriptor.c.obj)
 .text.usb_get_device_descriptor
                0x0000000008005f0c       0x44 zephyr/libzephyr.a(usb_descriptor.c.obj)
                0x0000000008005f0c                usb_get_device_descriptor
 .text.usb_ep_get_transfer
                0x0000000008005f50       0x2c zephyr/libzephyr.a(usb_transfer.c.obj)
 .text.usb_transfer_work
                0x0000000008005f7c      0x1bc zephyr/libzephyr.a(usb_transfer.c.obj)
 .text.usb_cancel_transfer
                0x0000000008006138       0x64 zephyr/libzephyr.a(usb_transfer.c.obj)
                0x0000000008006138                usb_cancel_transfer
 .text.usb_cancel_transfers
                0x000000000800619c       0x84 zephyr/libzephyr.a(usb_transfer.c.obj)
                0x000000000800619c                usb_cancel_transfers
 .text.usb_transfer_init
                0x0000000008006220       0x40 zephyr/libzephyr.a(usb_transfer.c.obj)
                0x0000000008006220                usb_transfer_init
 .text.get_flash_area_from_id
                0x0000000008006260       0x34 zephyr/libzephyr.a(flash_map.c.obj)
 .text.flash_area_open
                0x0000000008006294       0x28 zephyr/libzephyr.a(flash_map.c.obj)
                0x0000000008006294                flash_area_open
 .text.flash_area_get_sectors
                0x00000000080062bc       0x18 zephyr/libzephyr.a(flash_map.c.obj)
                0x00000000080062bc                flash_area_get_sectors
 .text.settings_save_one
                0x00000000080062d4       0x4c zephyr/libzephyr.a(settings_store.c.obj)
                0x00000000080062d4                settings_save_one
 .text.settings_src_register
                0x0000000008006320       0x20 zephyr/libzephyr.a(settings_store.c.obj)
                0x0000000008006320                settings_src_register
 .text.settings_dst_register
                0x0000000008006340        0xc zephyr/libzephyr.a(settings_store.c.obj)
                0x0000000008006340                settings_dst_register
 .text.settings_load_subtree
                0x000000000800634c       0x54 zephyr/libzephyr.a(settings_store.c.obj)
                0x000000000800634c                settings_load_subtree
 .text.settings_load_subtree_direct
                0x00000000080063a0       0x48 zephyr/libzephyr.a(settings_store.c.obj)
                0x00000000080063a0                settings_load_subtree_direct
 .text.settings_store_init
                0x00000000080063e8       0x10 zephyr/libzephyr.a(settings_store.c.obj)
                0x00000000080063e8                settings_store_init
 .text.settings_init
                0x00000000080063f8       0x14 zephyr/libzephyr.a(settings.c.obj)
                0x00000000080063f8                settings_init
 .text.settings_register
                0x000000000800640c       0x98 zephyr/libzephyr.a(settings.c.obj)
                0x000000000800640c                settings_register
 .text.settings_parse_and_lookup
                0x00000000080064a4       0xb8 zephyr/libzephyr.a(settings.c.obj)
                0x00000000080064a4                settings_parse_and_lookup
 .text.settings_call_set_handler
                0x000000000800655c       0xa0 zephyr/libzephyr.a(settings.c.obj)
                0x000000000800655c                settings_call_set_handler
 .text.settings_commit_subtree
                0x00000000080065fc       0x80 zephyr/libzephyr.a(settings.c.obj)
                0x00000000080065fc                settings_commit_subtree
 .text.settings_subsys_init
                0x000000000800667c       0x24 zephyr/libzephyr.a(settings_init.c.obj)
                0x000000000800667c                settings_subsys_init
 .text.settings_nvs_load
                0x00000000080066a0       0xc0 zephyr/libzephyr.a(settings_nvs.c.obj)
 .text.settings_nvs_src
                0x0000000008006760       0x14 zephyr/libzephyr.a(settings_nvs.c.obj)
                0x0000000008006760                settings_nvs_src
 .text.settings_nvs_dst
                0x0000000008006774       0x14 zephyr/libzephyr.a(settings_nvs.c.obj)
                0x0000000008006774                settings_nvs_dst
 .text.settings_backend_init
                0x0000000008006788       0x98 zephyr/libzephyr.a(settings_nvs.c.obj)
                0x0000000008006788                settings_backend_init
 .text.console_out
                0x0000000008006820       0x2c zephyr/libzephyr.a(uart_console.c.obj)
 .text.uart_console_hook_install
                0x000000000800684c       0x18 zephyr/libzephyr.a(uart_console.c.obj)
 .text.uart_console_init
                0x0000000008006864       0x1c zephyr/libzephyr.a(uart_console.c.obj)
 .text.__stm32_exti_isr
                0x0000000008006880       0x40 zephyr/libzephyr.a(intc_exti_stm32.c.obj)
 .text.stm32_exti_enable
                0x00000000080068c0       0x20 zephyr/libzephyr.a(intc_exti_stm32.c.obj)
                0x00000000080068c0                stm32_exti_enable
 .text.stm32_exti_disable
                0x00000000080068e0       0x18 zephyr/libzephyr.a(intc_exti_stm32.c.obj)
                0x00000000080068e0                stm32_exti_disable
 .text.stm32_exti_trigger
                0x00000000080068f8       0x70 zephyr/libzephyr.a(intc_exti_stm32.c.obj)
                0x00000000080068f8                stm32_exti_trigger
 .text.stm32_exti_set_callback
                0x0000000008006968       0x24 zephyr/libzephyr.a(intc_exti_stm32.c.obj)
                0x0000000008006968                stm32_exti_set_callback
 .text.stm32_exti_unset_callback
                0x000000000800698c       0x14 zephyr/libzephyr.a(intc_exti_stm32.c.obj)
                0x000000000800698c                stm32_exti_unset_callback
 .text.stm32_clock_control_on
                0x00000000080069a0       0x5c zephyr/libzephyr.a(clock_stm32_ll_common.c.obj)
 .text.stm32_clock_control_off
                0x00000000080069fc       0x48 zephyr/libzephyr.a(clock_stm32_ll_common.c.obj)
 .text.stm32_clock_control_get_subsys_rate
                0x0000000008006a44       0x50 zephyr/libzephyr.a(clock_stm32_ll_common.c.obj)
 .text.stm32_clock_switch_to_hsi
                0x0000000008006a94       0x44 zephyr/libzephyr.a(clock_stm32_ll_common.c.obj)
 .text.stm32_clock_control_init
                0x0000000008006ad8       0x4c zephyr/libzephyr.a(clock_stm32_ll_common.c.obj)
 .text.config_enable_default_clocks
                0x0000000008006b24       0x20 zephyr/libzephyr.a(clock_stm32f0_f3.c.obj)
                0x0000000008006b24                config_enable_default_clocks
 .text.enable_port
                0x0000000008006b44       0x40 zephyr/libzephyr.a(pinmux_stm32.c.obj)
 .text.stm32_setup_pins
                0x0000000008006b84       0x30 zephyr/libzephyr.a(pinmux_stm32.c.obj)
                0x0000000008006b84                stm32_setup_pins
 .text.usb_dc_stm32_get_ep_state
                0x0000000008006bb4       0x2c zephyr/libzephyr.a(usb_dc_stm32.c.obj)
 .text.usb_dc_stm32_clock_enable
                0x0000000008006be0       0x64 zephyr/libzephyr.a(usb_dc_stm32.c.obj)
 .text.usb_dc_stm32_init
                0x0000000008006c44       0xe0 zephyr/libzephyr.a(usb_dc_stm32.c.obj)
 .text.usb_dc_stm32_isr
                0x0000000008006d24       0x10 zephyr/libzephyr.a(usb_dc_stm32.c.obj)
 .text.usb_dc_attach
                0x0000000008006d34       0x5c zephyr/libzephyr.a(usb_dc_stm32.c.obj)
                0x0000000008006d34                usb_dc_attach
 .text.usb_dc_set_status_callback
                0x0000000008006d90        0xc zephyr/libzephyr.a(usb_dc_stm32.c.obj)
                0x0000000008006d90                usb_dc_set_status_callback
 .text.usb_dc_set_address
                0x0000000008006d9c       0x50 zephyr/libzephyr.a(usb_dc_stm32.c.obj)
                0x0000000008006d9c                usb_dc_set_address
 .text.usb_dc_ep_start_read
                0x0000000008006dec       0xa0 zephyr/libzephyr.a(usb_dc_stm32.c.obj)
                0x0000000008006dec                usb_dc_ep_start_read
 .text.usb_dc_ep_get_read_count
                0x0000000008006e8c       0x54 zephyr/libzephyr.a(usb_dc_stm32.c.obj)
                0x0000000008006e8c                usb_dc_ep_get_read_count
 .text.usb_dc_ep_check_cap
                0x0000000008006ee0       0x78 zephyr/libzephyr.a(usb_dc_stm32.c.obj)
                0x0000000008006ee0                usb_dc_ep_check_cap
 .text.usb_dc_ep_configure
                0x0000000008006f58       0x88 zephyr/libzephyr.a(usb_dc_stm32.c.obj)
                0x0000000008006f58                usb_dc_ep_configure
 .text.usb_dc_ep_set_stall
                0x0000000008006fe0       0x60 zephyr/libzephyr.a(usb_dc_stm32.c.obj)
                0x0000000008006fe0                usb_dc_ep_set_stall
 .text.usb_dc_ep_clear_stall
                0x0000000008007040       0x60 zephyr/libzephyr.a(usb_dc_stm32.c.obj)
                0x0000000008007040                usb_dc_ep_clear_stall
 .text.usb_dc_ep_enable
                0x00000000080070a0       0x7c zephyr/libzephyr.a(usb_dc_stm32.c.obj)
                0x00000000080070a0                usb_dc_ep_enable
 .text.usb_dc_ep_disable
                0x000000000800711c       0x5c zephyr/libzephyr.a(usb_dc_stm32.c.obj)
                0x000000000800711c                usb_dc_ep_disable
 .text.usb_dc_ep_write
                0x0000000008007178      0x130 zephyr/libzephyr.a(usb_dc_stm32.c.obj)
                0x0000000008007178                usb_dc_ep_write
 .text.usb_dc_ep_read_wait
                0x00000000080072a8       0xf8 zephyr/libzephyr.a(usb_dc_stm32.c.obj)
                0x00000000080072a8                usb_dc_ep_read_wait
 .text.usb_dc_ep_read_continue
                0x00000000080073a0       0x6c zephyr/libzephyr.a(usb_dc_stm32.c.obj)
                0x00000000080073a0                usb_dc_ep_read_continue
 .text.HAL_PCD_ResetCallback
                0x000000000800740c       0x50 zephyr/libzephyr.a(usb_dc_stm32.c.obj)
                0x000000000800740c                HAL_PCD_ResetCallback
 .text.HAL_PCD_SuspendCallback
                0x000000000800745c       0x18 zephyr/libzephyr.a(usb_dc_stm32.c.obj)
                0x000000000800745c                HAL_PCD_SuspendCallback
 .text.HAL_PCD_ResumeCallback
                0x0000000008007474       0x18 zephyr/libzephyr.a(usb_dc_stm32.c.obj)
                0x0000000008007474                HAL_PCD_ResumeCallback
 .text.HAL_PCD_SetupStageCallback
                0x000000000800748c       0x50 zephyr/libzephyr.a(usb_dc_stm32.c.obj)
                0x000000000800748c                HAL_PCD_SetupStageCallback
 .text.z_impl_hwinfo_get_device_id
                0x00000000080074dc       0x7c zephyr/libzephyr.a(hwinfo_stm32.c.obj)
                0x00000000080074dc                z_impl_hwinfo_get_device_id
 .text.flash_stm32_get_parameters
                0x0000000008007558        0x8 zephyr/libzephyr.a(flash_stm32.c.obj)
 .text.flash_stm32_write
                0x0000000008007560       0x7c zephyr/libzephyr.a(flash_stm32.c.obj)
 .text.flash_stm32_read
                0x00000000080075dc       0x60 zephyr/libzephyr.a(flash_stm32.c.obj)
 .text.flash_stm32_erase
                0x000000000800763c       0x78 zephyr/libzephyr.a(flash_stm32.c.obj)
 .text.flash_stm32_wait_flash_idle
                0x00000000080076b4       0x84 zephyr/libzephyr.a(flash_stm32.c.obj)
                0x00000000080076b4                flash_stm32_wait_flash_idle
 .text.flash_stm32_write_protection
                0x0000000008007738       0x60 zephyr/libzephyr.a(flash_stm32.c.obj)
 .text.stm32_flash_init
                0x0000000008007798       0x7c zephyr/libzephyr.a(flash_stm32.c.obj)
 .text.write_value
                0x0000000008007814       0x8c zephyr/libzephyr.a(flash_stm32_v1.c.obj)
 .text.flash_stm32_block_erase_loop
                0x00000000080078a0       0x90 zephyr/libzephyr.a(flash_stm32_v1.c.obj)
                0x00000000080078a0                flash_stm32_block_erase_loop
 .text.flash_stm32_page_layout
                0x0000000008007930       0x20 zephyr/libzephyr.a(flash_stm32_v1.c.obj)
                0x0000000008007930                flash_stm32_page_layout
 .text.reset_rx
                0x0000000008007950       0x1c zephyr/libzephyr.a(h4.c.obj)
 .text.h4_send  0x000000000800796c       0x24 zephyr/libzephyr.a(h4.c.obj)
 .text.get_rx   0x0000000008007990       0x34 zephyr/libzephyr.a(h4.c.obj)
 .text.rx_thread
                0x00000000080079c4       0xd8 zephyr/libzephyr.a(h4.c.obj)
 .text.process_rx
                0x0000000008007a9c      0x3ac zephyr/libzephyr.a(h4.c.obj)
 .text.bt_uart_isr
                0x0000000008007e48      0x1a0 zephyr/libzephyr.a(h4.c.obj)
 .text.bt_uart_init
                0x0000000008007fe8       0x2c zephyr/libzephyr.a(h4.c.obj)
 .text.bt_hci_transport_setup
                0x0000000008008014       0x14 zephyr/libzephyr.a(h4.c.obj)
                0x0000000008008014                bt_hci_transport_setup
 .text.h4_open  0x0000000008008028       0x80 zephyr/libzephyr.a(h4.c.obj)
 .text.elapsed  0x00000000080080a8       0x3c zephyr/libzephyr.a(cortex_m_systick.c.obj)
 .text.z_clock_isr
                0x00000000080080e4       0x48 zephyr/libzephyr.a(cortex_m_systick.c.obj)
                0x00000000080080e4                z_clock_isr
 .text.z_clock_driver_init
                0x000000000800812c       0x38 zephyr/libzephyr.a(cortex_m_systick.c.obj)
                0x000000000800812c                z_clock_driver_init
 .text.z_clock_set_timeout
                0x0000000008008164       0xf0 zephyr/libzephyr.a(cortex_m_systick.c.obj)
                0x0000000008008164                z_clock_set_timeout
 .text.z_clock_elapsed
                0x0000000008008254       0x40 zephyr/libzephyr.a(cortex_m_systick.c.obj)
                0x0000000008008254                z_clock_elapsed
 .text.tc_aes128_set_encrypt_key
                0x0000000008008294       0xbc zephyr/libzephyr.a(aes_encrypt.c.obj)
                0x0000000008008294                tc_aes128_set_encrypt_key
 .text.tc_aes_encrypt
                0x0000000008008350      0x74c zephyr/libzephyr.a(aes_encrypt.c.obj)
                0x0000000008008350                tc_aes_encrypt
 .text.compress
                0x0000000008008a9c      0x1b0 zephyr/libzephyr.a(sha256.c.obj)
 .text.tc_sha256_init
                0x0000000008008c4c       0x5c zephyr/libzephyr.a(sha256.c.obj)
                0x0000000008008c4c                tc_sha256_init
 .text.arch_swap
                0x0000000008008ca8       0x34 zephyr/arch/arch/arm/core/aarch32/libarch__arm__core__aarch32.a(swap.c.obj)
                0x0000000008008ca8                arch_swap
 .text.z_arm_pendsv
                0x0000000008008cdc       0x48 zephyr/arch/arch/arm/core/aarch32/libarch__arm__core__aarch32.a(swap_helper.S.obj)
                0x0000000008008cdc                z_arm_pendsv
 .text.z_arm_svc
                0x0000000008008d24       0x20 zephyr/arch/arch/arm/core/aarch32/libarch__arm__core__aarch32.a(swap_helper.S.obj)
                0x0000000008008d24                z_arm_svc
 .text.arch_irq_enable
                0x0000000008008d44       0x20 zephyr/arch/arch/arm/core/aarch32/libarch__arm__core__aarch32.a(irq_manage.c.obj)
                0x0000000008008d44                arch_irq_enable
 .text.arch_irq_disable
                0x0000000008008d64       0x28 zephyr/arch/arch/arm/core/aarch32/libarch__arm__core__aarch32.a(irq_manage.c.obj)
                0x0000000008008d64                arch_irq_disable
 .text.z_arm_irq_priority_set
                0x0000000008008d8c       0x2c zephyr/arch/arch/arm/core/aarch32/libarch__arm__core__aarch32.a(irq_manage.c.obj)
                0x0000000008008d8c                z_arm_irq_priority_set
 .text.arch_new_thread
                0x0000000008008db8       0x40 zephyr/arch/arch/arm/core/aarch32/libarch__arm__core__aarch32.a(thread.c.obj)
                0x0000000008008db8                arch_new_thread
 .text.arch_switch_to_main_thread
                0x0000000008008df8       0x30 zephyr/arch/arch/arm/core/aarch32/libarch__arm__core__aarch32.a(thread.c.obj)
                0x0000000008008df8                arch_switch_to_main_thread
 .text.z_arm_cpu_idle_init
                0x0000000008008e28        0xc zephyr/arch/arch/arm/core/aarch32/libarch__arm__core__aarch32.a(cpu_idle.S.obj)
                0x0000000008008e28                z_arm_cpu_idle_init
 .text.arch_cpu_idle
                0x0000000008008e34       0x1c zephyr/arch/arch/arm/core/aarch32/libarch__arm__core__aarch32.a(cpu_idle.S.obj)
                0x0000000008008e34                arch_cpu_idle
 .text.esf_dump
                0x0000000008008e50       0xa0 zephyr/arch/arch/arm/core/aarch32/libarch__arm__core__aarch32.a(fatal.c.obj)
 .text.z_SysNmiOnReset
                0x0000000008008ef0        0x8 zephyr/arch/arch/arm/core/aarch32/libarch__arm__core__aarch32.a(nmi_on_reset.S.obj)
                0x0000000008008ef0                z_SysNmiOnReset
 .text.z_arm_prep_c
                0x0000000008008ef8       0x6c zephyr/arch/arch/arm/core/aarch32/libarch__arm__core__aarch32.a(prep_c.c.obj)
                0x0000000008008ef8                z_arm_prep_c
 .text._isr_wrapper
                0x0000000008008f64       0x28 zephyr/arch/arch/arm/core/aarch32/libarch__arm__core__aarch32.a(isr_wrapper.S.obj)
                0x0000000008008f64                _isr_wrapper
 .text._reset_section
                0x0000000008008f8c       0x2c zephyr/arch/arch/arm/core/aarch32/cortex_m/libarch__arm__core__aarch32__cortex_m.a(reset.S.obj)
                0x0000000008008f8c                z_arm_reset
                0x0000000008008f8c                __start
 .text.__fault  0x0000000008008fb8       0x14 zephyr/arch/arch/arm/core/aarch32/cortex_m/libarch__arm__core__aarch32__cortex_m.a(fault_s.S.obj)
                0x0000000008008fb8                z_arm_bus_fault
                0x0000000008008fb8                z_arm_usage_fault
                0x0000000008008fb8                z_arm_mpu_fault
                0x0000000008008fb8                z_arm_exc_spurious
                0x0000000008008fb8                z_arm_debug_monitor
                0x0000000008008fb8                z_arm_hard_fault
 .text.usage_fault
                0x0000000008008fcc      0x174 zephyr/arch/arch/arm/core/aarch32/cortex_m/libarch__arm__core__aarch32__cortex_m.a(fault.c.obj)
 .text.debug_monitor
                0x0000000008009140       0x34 zephyr/arch/arch/arm/core/aarch32/cortex_m/libarch__arm__core__aarch32__cortex_m.a(fault.c.obj)
 .text.mem_manage_fault
                0x0000000008009174      0x18c zephyr/arch/arch/arm/core/aarch32/cortex_m/libarch__arm__core__aarch32__cortex_m.a(fault.c.obj)
 .text.bus_fault
                0x0000000008009300      0x1c0 zephyr/arch/arch/arm/core/aarch32/cortex_m/libarch__arm__core__aarch32__cortex_m.a(fault.c.obj)
 .text.hard_fault
                0x00000000080094c0       0xe8 zephyr/arch/arch/arm/core/aarch32/cortex_m/libarch__arm__core__aarch32__cortex_m.a(fault.c.obj)
 .text.reserved_exception
                0x00000000080095a8       0x48 zephyr/arch/arch/arm/core/aarch32/cortex_m/libarch__arm__core__aarch32__cortex_m.a(fault.c.obj)
 .text.z_arm_fault
                0x00000000080095f0       0xc4 zephyr/arch/arch/arm/core/aarch32/cortex_m/libarch__arm__core__aarch32__cortex_m.a(fault.c.obj)
                0x00000000080095f0                z_arm_fault
 .text.z_arm_fault_init
                0x00000000080096b4       0x10 zephyr/arch/arch/arm/core/aarch32/cortex_m/libarch__arm__core__aarch32__cortex_m.a(fault.c.obj)
                0x00000000080096b4                z_arm_fault_init
 .text._HandlerModeExit
                0x00000000080096c4       0x1c zephyr/arch/arch/arm/core/aarch32/cortex_m/libarch__arm__core__aarch32__cortex_m.a(exc_exit.S.obj)
                0x00000000080096c4                z_arm_exc_exit
                0x00000000080096c4                z_arm_int_exit
 .text.z_arm_interrupt_init
                0x00000000080096e0       0x34 zephyr/arch/arch/arm/core/aarch32/cortex_m/libarch__arm__core__aarch32__cortex_m.a(irq_init.c.obj)
                0x00000000080096e0                z_arm_interrupt_init
 .text.z_impl_k_thread_abort
                0x0000000008009714       0x58 zephyr/arch/arch/arm/core/aarch32/cortex_m/libarch__arm__core__aarch32__cortex_m.a(thread_abort.c.obj)
                0x0000000008009714                z_impl_k_thread_abort
 .text.__stdout_hook_install
                0x000000000800976c        0xc zephyr/lib/libc/minimal/liblib__libc__minimal.a(stdout_console.c.obj)
                0x000000000800976c                __stdout_hook_install
 .text.sprintf  0x0000000008009778       0x34 zephyr/lib/libc/minimal/liblib__libc__minimal.a(sprintf.c.obj)
                0x0000000008009778                sprintf
 .text.pinmux_stm32_init
                0x00000000080097ac       0x14 zephyr/boards/boards/arm/proton_c/lib..__app__boards__arm__proton_c.a(pinmux.c.obj)
 .text.bt_hex_real
                0x00000000080097c0       0x50 zephyr/subsys/bluetooth/common/libsubsys__bluetooth__common.a(log.c.obj)
                0x00000000080097c0                bt_hex_real
 .text.bt_addr_le_str_real
                0x0000000008009810       0x90 zephyr/subsys/bluetooth/common/libsubsys__bluetooth__common.a(log.c.obj)
                0x0000000008009810                bt_addr_le_str_real
 .text.save_id  0x00000000080098a0       0x74 zephyr/subsys/bluetooth/host/libsubsys__bluetooth__host.a(settings.c.obj)
 .text.set      0x0000000008009914      0x144 zephyr/subsys/bluetooth/host/libsubsys__bluetooth__host.a(settings.c.obj)
 .text.bt_settings_encode_key
                0x0000000008009a58       0x78 zephyr/subsys/bluetooth/host/libsubsys__bluetooth__host.a(settings.c.obj)
                0x0000000008009a58                bt_settings_encode_key
 .text.bt_settings_save_id
                0x0000000008009ad0       0x38 zephyr/subsys/bluetooth/host/libsubsys__bluetooth__host.a(settings.c.obj)
                0x0000000008009ad0                bt_settings_save_id
 .text.commit   0x0000000008009b08       0x98 zephyr/subsys/bluetooth/host/libsubsys__bluetooth__host.a(settings.c.obj)
 .text.bt_settings_init
                0x0000000008009ba0       0x40 zephyr/subsys/bluetooth/host/libsubsys__bluetooth__host.a(settings.c.obj)
                0x0000000008009ba0                bt_settings_init
 .text.uuid_to_uuid128
                0x0000000008009be0       0x64 zephyr/subsys/bluetooth/host/libsubsys__bluetooth__host.a(uuid.c.obj)
 .text.bt_adv_foreach
                0x0000000008009c44       0x10 zephyr/subsys/bluetooth/host/libsubsys__bluetooth__host.a(hci_core.c.obj)
 .text.adv_new_legacy
                0x0000000008009c54        0x8 zephyr/subsys/bluetooth/host/libsubsys__bluetooth__host.a(hci_core.c.obj)
 .text.le_dhkey_complete
                0x0000000008009c5c       0x24 zephyr/subsys/bluetooth/host/libsubsys__bluetooth__host.a(hci_core.c.obj)
 .text.read_local_ver_complete
                0x0000000008009c80       0x28 zephyr/subsys/bluetooth/host/libsubsys__bluetooth__host.a(hci_core.c.obj)
 .text.le_read_supp_states_complete
                0x0000000008009ca8       0x3c zephyr/subsys/bluetooth/host/libsubsys__bluetooth__host.a(hci_core.c.obj)
 .text.le_read_resolving_list_size_complete
                0x0000000008009ce4       0x10 zephyr/subsys/bluetooth/host/libsubsys__bluetooth__host.a(hci_core.c.obj)
 .text.ver_str  0x0000000008009cf4       0x3c zephyr/subsys/bluetooth/host/libsubsys__bluetooth__host.a(hci_core.c.obj)
 .text.hci_reset_complete
                0x0000000008009d30       0x34 zephyr/subsys/bluetooth/host/libsubsys__bluetooth__host.a(hci_core.c.obj)
 .text.read_local_features_complete
                0x0000000008009d64       0x14 zephyr/subsys/bluetooth/host/libsubsys__bluetooth__host.a(hci_core.c.obj)
 .text.read_supported_commands_complete
                0x0000000008009d78       0x14 zephyr/subsys/bluetooth/host/libsubsys__bluetooth__host.a(hci_core.c.obj)
 .text.read_le_features_complete
                0x0000000008009d8c       0x14 zephyr/subsys/bluetooth/host/libsubsys__bluetooth__host.a(hci_core.c.obj)
 .text.set_data_add
                0x0000000008009da0       0xbc zephyr/subsys/bluetooth/host/libsubsys__bluetooth__host.a(hci_core.c.obj)
 .text.le_read_buffer_size_complete
                0x0000000008009e5c       0x24 zephyr/subsys/bluetooth/host/libsubsys__bluetooth__host.a(hci_core.c.obj)
 .text.read_buffer_size_complete
                0x0000000008009e80       0x28 zephyr/subsys/bluetooth/host/libsubsys__bluetooth__host.a(hci_core.c.obj)
 .text.pending_id_keys_update_set
                0x0000000008009ea8       0x28 zephyr/subsys/bluetooth/host/libsubsys__bluetooth__host.a(hci_core.c.obj)
 .text.hci_data_buf_overflow
                0x0000000008009ed0       0x38 zephyr/subsys/bluetooth/host/libsubsys__bluetooth__host.a(hci_core.c.obj)
 .text.id_find  0x0000000008009f08       0x34 zephyr/subsys/bluetooth/host/libsubsys__bluetooth__host.a(hci_core.c.obj)
 .text.valid_adv_ext_param
                0x0000000008009f3c       0x84 zephyr/subsys/bluetooth/host/libsubsys__bluetooth__host.a(hci_core.c.obj)
 .text.update_sec_level
                0x0000000008009fc0       0x7c zephyr/subsys/bluetooth/host/libsubsys__bluetooth__host.a(hci_core.c.obj)
 .text.unpair   0x000000000800a03c       0x64 zephyr/subsys/bluetooth/host/libsubsys__bluetooth__host.a(hci_core.c.obj)
 .text.find_pending_connect
                0x000000000800a0a0       0x4c zephyr/subsys/bluetooth/host/libsubsys__bluetooth__host.a(hci_core.c.obj)
 .text.le_pkey_complete
                0x000000000800a0ec       0x78 zephyr/subsys/bluetooth/host/libsubsys__bluetooth__host.a(hci_core.c.obj)
 .text.pending_id_keys_update
                0x000000000800a164       0x38 zephyr/subsys/bluetooth/host/libsubsys__bluetooth__host.a(hci_core.c.obj)
 .text.hci_hardware_error
                0x000000000800a19c       0x3c zephyr/subsys/bluetooth/host/libsubsys__bluetooth__host.a(hci_core.c.obj)
 .text.le_data_len_change
                0x000000000800a1d8       0x48 zephyr/subsys/bluetooth/host/libsubsys__bluetooth__host.a(hci_core.c.obj)
 .text.hci_disconn_complete_prio
                0x000000000800a220       0x58 zephyr/subsys/bluetooth/host/libsubsys__bluetooth__host.a(hci_core.c.obj)
 .text.hci_disconn_complete
                0x000000000800a278       0x70 zephyr/subsys/bluetooth/host/libsubsys__bluetooth__host.a(hci_core.c.obj)
 .text.le_adv_stop_free_conn
                0x000000000800a2e8       0x68 zephyr/subsys/bluetooth/host/libsubsys__bluetooth__host.a(hci_core.c.obj)
 .text.hci_cmd_done
                0x000000000800a350      0x170 zephyr/subsys/bluetooth/host/libsubsys__bluetooth__host.a(hci_core.c.obj)
 .text.hci_cmd_status
                0x000000000800a4c0       0x28 zephyr/subsys/bluetooth/host/libsubsys__bluetooth__host.a(hci_core.c.obj)
 .text.hci_cmd_complete
                0x000000000800a4e8       0x2c zephyr/subsys/bluetooth/host/libsubsys__bluetooth__host.a(hci_core.c.obj)
 .text.hci_acl  0x000000000800a514       0xd8 zephyr/subsys/bluetooth/host/libsubsys__bluetooth__host.a(hci_core.c.obj)
 .text.le_phy_update_complete
                0x000000000800a5ec       0x68 zephyr/subsys/bluetooth/host/libsubsys__bluetooth__host.a(hci_core.c.obj)
 .text.slave_update_conn_param
                0x000000000800a654       0x2c zephyr/subsys/bluetooth/host/libsubsys__bluetooth__host.a(hci_core.c.obj)
 .text.le_conn_update_complete
                0x000000000800a680       0xc8 zephyr/subsys/bluetooth/host/libsubsys__bluetooth__host.a(hci_core.c.obj)
 .text.bt_dev_show_info
                0x000000000800a748      0x120 zephyr/subsys/bluetooth/host/libsubsys__bluetooth__host.a(hci_core.c.obj)
 .text.le_adv_start_add_conn
                0x000000000800a868       0xb8 zephyr/subsys/bluetooth/host/libsubsys__bluetooth__host.a(hci_core.c.obj)
 .text.hci_num_completed_packets
                0x000000000800a920      0x174 zephyr/subsys/bluetooth/host/libsubsys__bluetooth__host.a(hci_core.c.obj)
 .text.hci_le_meta_event
                0x000000000800aa94       0xb0 zephyr/subsys/bluetooth/host/libsubsys__bluetooth__host.a(hci_core.c.obj)
 .text.hci_event
                0x000000000800ab44      0x13c zephyr/subsys/bluetooth/host/libsubsys__bluetooth__host.a(hci_core.c.obj)
 .text.bt_hci_cmd_create
                0x000000000800ac80       0x78 zephyr/subsys/bluetooth/host/libsubsys__bluetooth__host.a(hci_core.c.obj)
                0x000000000800ac80                bt_hci_cmd_create
 .text.bt_hci_cmd_send_sync
                0x000000000800acf8      0x108 zephyr/subsys/bluetooth/host/libsubsys__bluetooth__host.a(hci_core.c.obj)
                0x000000000800acf8                bt_hci_cmd_send_sync
 .text.set_flow_control
                0x000000000800ae00       0xb0 zephyr/subsys/bluetooth/host/libsubsys__bluetooth__host.a(hci_core.c.obj)
 .text.common_init
                0x000000000800aeb0       0xa4 zephyr/subsys/bluetooth/host/libsubsys__bluetooth__host.a(hci_core.c.obj)
 .text.hci_le_read_max_data_len
                0x000000000800af54       0x64 zephyr/subsys/bluetooth/host/libsubsys__bluetooth__host.a(hci_core.c.obj)
 .text.le_set_event_mask
                0x000000000800afb8       0xb4 zephyr/subsys/bluetooth/host/libsubsys__bluetooth__host.a(hci_core.c.obj)
 .text.le_init  0x000000000800b06c      0x184 zephyr/subsys/bluetooth/host/libsubsys__bluetooth__host.a(hci_core.c.obj)
 .text.br_init  0x000000000800b1f0       0x38 zephyr/subsys/bluetooth/host/libsubsys__bluetooth__host.a(hci_core.c.obj)
 .text.set_event_mask
                0x000000000800b228       0x74 zephyr/subsys/bluetooth/host/libsubsys__bluetooth__host.a(hci_core.c.obj)
 .text.hci_init
                0x000000000800b29c       0x3c zephyr/subsys/bluetooth/host/libsubsys__bluetooth__host.a(hci_core.c.obj)
 .text.set_le_adv_enable_legacy
                0x000000000800b2d8       0x68 zephyr/subsys/bluetooth/host/libsubsys__bluetooth__host.a(hci_core.c.obj)
 .text.le_set_privacy_mode
                0x000000000800b340       0x84 zephyr/subsys/bluetooth/host/libsubsys__bluetooth__host.a(hci_core.c.obj)
 .text.bt_read_public_addr
                0x000000000800b3c4       0xa0 zephyr/subsys/bluetooth/host/libsubsys__bluetooth__host.a(hci_core.c.obj)
 .text.set_random_address
                0x000000000800b464       0x64 zephyr/subsys/bluetooth/host/libsubsys__bluetooth__host.a(hci_core.c.obj)
 .text.le_adv_set_random_addr
                0x000000000800b4c8       0xa4 zephyr/subsys/bluetooth/host/libsubsys__bluetooth__host.a(hci_core.c.obj)
 .text.bt_adv_lookup_legacy
                0x000000000800b56c        0x8 zephyr/subsys/bluetooth/host/libsubsys__bluetooth__host.a(hci_core.c.obj)
                0x000000000800b56c                bt_adv_lookup_legacy
 .text.le_conn_complete_adv_timeout
                0x000000000800b574       0x70 zephyr/subsys/bluetooth/host/libsubsys__bluetooth__host.a(hci_core.c.obj)
 .text.bt_unpair
                0x000000000800b5e4       0x50 zephyr/subsys/bluetooth/host/libsubsys__bluetooth__host.a(hci_core.c.obj)
                0x000000000800b5e4                bt_unpair
 .text.hci_encrypt_key_refresh_complete
                0x000000000800b634       0x84 zephyr/subsys/bluetooth/host/libsubsys__bluetooth__host.a(hci_core.c.obj)
 .text.hci_encrypt_change
                0x000000000800b6b8       0x8c zephyr/subsys/bluetooth/host/libsubsys__bluetooth__host.a(hci_core.c.obj)
 .text.bt_id_add
                0x000000000800b744      0x1b4 zephyr/subsys/bluetooth/host/libsubsys__bluetooth__host.a(hci_core.c.obj)
                0x000000000800b744                bt_id_add
 .text.bt_id_del
                0x000000000800b8f8      0x128 zephyr/subsys/bluetooth/host/libsubsys__bluetooth__host.a(hci_core.c.obj)
                0x000000000800b8f8                bt_id_del
 .text.id_create
                0x000000000800ba20       0x80 zephyr/subsys/bluetooth/host/libsubsys__bluetooth__host.a(hci_core.c.obj)
 .text.bt_send  0x000000000800baa0       0x14 zephyr/subsys/bluetooth/host/libsubsys__bluetooth__host.a(hci_core.c.obj)
                0x000000000800baa0                bt_send
 .text.bt_hci_cmd_send
                0x000000000800bab4       0x78 zephyr/subsys/bluetooth/host/libsubsys__bluetooth__host.a(hci_core.c.obj)
                0x000000000800bab4                bt_hci_cmd_send
 .text.le_ltk_reply
                0x000000000800bb2c       0x64 zephyr/subsys/bluetooth/host/libsubsys__bluetooth__host.a(hci_core.c.obj)
 .text.le_ltk_neg_reply
                0x000000000800bb90       0x58 zephyr/subsys/bluetooth/host/libsubsys__bluetooth__host.a(hci_core.c.obj)
 .text.le_ltk_request
                0x000000000800bbe8       0x74 zephyr/subsys/bluetooth/host/libsubsys__bluetooth__host.a(hci_core.c.obj)
 .text.le_conn_param_neg_reply
                0x000000000800bc5c       0x5c zephyr/subsys/bluetooth/host/libsubsys__bluetooth__host.a(hci_core.c.obj)
 .text.le_conn_param_req
                0x000000000800bcb8       0x88 zephyr/subsys/bluetooth/host/libsubsys__bluetooth__host.a(hci_core.c.obj)
 .text.conn_auto_initiate
                0x000000000800bd40       0xb8 zephyr/subsys/bluetooth/host/libsubsys__bluetooth__host.a(hci_core.c.obj)
 .text.le_remote_feat_complete
                0x000000000800bdf8       0x7c zephyr/subsys/bluetooth/host/libsubsys__bluetooth__host.a(hci_core.c.obj)
 .text.report_completed_packet
                0x000000000800be74      0x10c zephyr/subsys/bluetooth/host/libsubsys__bluetooth__host.a(hci_core.c.obj)
 .text.send_cmd
                0x000000000800bf80      0x110 zephyr/subsys/bluetooth/host/libsubsys__bluetooth__host.a(hci_core.c.obj)
 .text.process_events
                0x000000000800c090       0x64 zephyr/subsys/bluetooth/host/libsubsys__bluetooth__host.a(hci_core.c.obj)
 .text.hci_tx_thread
                0x000000000800c0f4       0x64 zephyr/subsys/bluetooth/host/libsubsys__bluetooth__host.a(hci_core.c.obj)
 .text.hci_event_prio
                0x000000000800c158      0x168 zephyr/subsys/bluetooth/host/libsubsys__bluetooth__host.a(hci_core.c.obj)
                0x000000000800c158                hci_event_prio
 .text.bt_recv  0x000000000800c2c0       0x58 zephyr/subsys/bluetooth/host/libsubsys__bluetooth__host.a(hci_core.c.obj)
                0x000000000800c2c0                bt_recv
 .text.bt_recv_prio
                0x000000000800c318       0x3c zephyr/subsys/bluetooth/host/libsubsys__bluetooth__host.a(hci_core.c.obj)
                0x000000000800c318                bt_recv_prio
 .text.bt_hci_driver_register
                0x000000000800c354       0x30 zephyr/subsys/bluetooth/host/libsubsys__bluetooth__host.a(hci_core.c.obj)
                0x000000000800c354                bt_hci_driver_register
 .text.bt_finalize_init
                0x000000000800c384       0x28 zephyr/subsys/bluetooth/host/libsubsys__bluetooth__host.a(hci_core.c.obj)
                0x000000000800c384                bt_finalize_init
 .text.bt_init  0x000000000800c3ac       0x74 zephyr/subsys/bluetooth/host/libsubsys__bluetooth__host.a(hci_core.c.obj)
 .text.init_work
                0x000000000800c420       0x14 zephyr/subsys/bluetooth/host/libsubsys__bluetooth__host.a(hci_core.c.obj)
 .text.bt_enable
                0x000000000800c434      0x144 zephyr/subsys/bluetooth/host/libsubsys__bluetooth__host.a(hci_core.c.obj)
                0x000000000800c434                bt_enable
 .text.bt_get_name
                0x000000000800c578        0x8 zephyr/subsys/bluetooth/host/libsubsys__bluetooth__host.a(hci_core.c.obj)
                0x000000000800c578                bt_get_name
 .text.bt_id_create
                0x000000000800c580       0xa0 zephyr/subsys/bluetooth/host/libsubsys__bluetooth__host.a(hci_core.c.obj)
                0x000000000800c580                bt_id_create
 .text.bt_setup_public_id_addr
                0x000000000800c620       0x28 zephyr/subsys/bluetooth/host/libsubsys__bluetooth__host.a(hci_core.c.obj)
                0x000000000800c620                bt_setup_public_id_addr
 .text.bt_le_adv_start_legacy
                0x000000000800c648      0x388 zephyr/subsys/bluetooth/host/libsubsys__bluetooth__host.a(hci_core.c.obj)
                0x000000000800c648                bt_le_adv_start_legacy
 .text.bt_le_adv_stop
                0x000000000800c9d0       0x94 zephyr/subsys/bluetooth/host/libsubsys__bluetooth__host.a(hci_core.c.obj)
                0x000000000800c9d0                bt_le_adv_stop
 .text.enh_conn_complete
                0x000000000800ca64      0x1a8 zephyr/subsys/bluetooth/host/libsubsys__bluetooth__host.a(hci_core.c.obj)
 .text.bt_buf_get_rx
                0x000000000800cc0c       0x34 zephyr/subsys/bluetooth/host/libsubsys__bluetooth__host.a(hci_core.c.obj)
                0x000000000800cc0c                bt_buf_get_rx
 .text.bt_buf_get_cmd_complete
                0x000000000800cc40       0x50 zephyr/subsys/bluetooth/host/libsubsys__bluetooth__host.a(hci_core.c.obj)
                0x000000000800cc40                bt_buf_get_cmd_complete
 .text.bt_buf_get_evt
                0x000000000800cc90       0x64 zephyr/subsys/bluetooth/host/libsubsys__bluetooth__host.a(hci_core.c.obj)
                0x000000000800cc90                bt_buf_get_evt
 .text.bt_pub_key_gen
                0x000000000800ccf4       0xf0 zephyr/subsys/bluetooth/host/libsubsys__bluetooth__host.a(hci_core.c.obj)
                0x000000000800ccf4                bt_pub_key_gen
 .text.bt_pub_key_get
                0x000000000800cde4       0x24 zephyr/subsys/bluetooth/host/libsubsys__bluetooth__host.a(hci_core.c.obj)
                0x000000000800cde4                bt_pub_key_get
 .text.bt_dh_key_gen
                0x000000000800ce08       0x8c zephyr/subsys/bluetooth/host/libsubsys__bluetooth__host.a(hci_core.c.obj)
                0x000000000800ce08                bt_dh_key_gen
 .text.prng_reseed
                0x000000000800ce94       0x98 zephyr/subsys/bluetooth/host/libsubsys__bluetooth__host.a(crypto.c.obj)
 .text.prng_init
                0x000000000800cf2c       0x84 zephyr/subsys/bluetooth/host/libsubsys__bluetooth__host.a(crypto.c.obj)
                0x000000000800cf2c                prng_init
 .text.bt_rand  0x000000000800cfb0       0x3c zephyr/subsys/bluetooth/host/libsubsys__bluetooth__host.a(crypto.c.obj)
                0x000000000800cfb0                bt_rand
 .text.notify_disconnected
                0x000000000800cfec       0x24 zephyr/subsys/bluetooth/host/libsubsys__bluetooth__host.a(conn.c.obj)
 .text.tx_free  0x000000000800d010       0x18 zephyr/subsys/bluetooth/host/libsubsys__bluetooth__host.a(conn.c.obj)
 .text.conn_tx_alloc
                0x000000000800d028       0x30 zephyr/subsys/bluetooth/host/libsubsys__bluetooth__host.a(conn.c.obj)
 .text.notify_connected
                0x000000000800d058       0x30 zephyr/subsys/bluetooth/host/libsubsys__bluetooth__host.a(conn.c.obj)
 .text.bt_conn_get_pkts
                0x000000000800d088        0x8 zephyr/subsys/bluetooth/host/libsubsys__bluetooth__host.a(conn.c.obj)
                0x000000000800d088                bt_conn_get_pkts
 .text.send_frag
                0x000000000800d090      0x128 zephyr/subsys/bluetooth/host/libsubsys__bluetooth__host.a(conn.c.obj)
 .text.notify_le_param_updated
                0x000000000800d1b8       0x78 zephyr/subsys/bluetooth/host/libsubsys__bluetooth__host.a(conn.c.obj)
                0x000000000800d1b8                notify_le_param_updated
 .text.notify_le_phy_updated
                0x000000000800d230       0x24 zephyr/subsys/bluetooth/host/libsubsys__bluetooth__host.a(conn.c.obj)
                0x000000000800d230                notify_le_phy_updated
 .text.le_param_req
                0x000000000800d254       0x40 zephyr/subsys/bluetooth/host/libsubsys__bluetooth__host.a(conn.c.obj)
                0x000000000800d254                le_param_req
 .text.acl_conn_new
                0x000000000800d294       0x30 zephyr/subsys/bluetooth/host/libsubsys__bluetooth__host.a(conn.c.obj)
 .text.bt_conn_identity_resolved
                0x000000000800d2c4       0x34 zephyr/subsys/bluetooth/host/libsubsys__bluetooth__host.a(conn.c.obj)
                0x000000000800d2c4                bt_conn_identity_resolved
 .text.bt_conn_security_changed
                0x000000000800d2f8       0x34 zephyr/subsys/bluetooth/host/libsubsys__bluetooth__host.a(conn.c.obj)
                0x000000000800d2f8                bt_conn_security_changed
 .text.bt_conn_cb_register
                0x000000000800d32c       0x10 zephyr/subsys/bluetooth/host/libsubsys__bluetooth__host.a(conn.c.obj)
                0x000000000800d32c                bt_conn_cb_register
 .text.conn_cleanup
                0x000000000800d33c       0x44 zephyr/subsys/bluetooth/host/libsubsys__bluetooth__host.a(conn.c.obj)
 .text.bt_conn_recv
                0x000000000800d380      0x174 zephyr/subsys/bluetooth/host/libsubsys__bluetooth__host.a(conn.c.obj)
                0x000000000800d380                bt_conn_recv
 .text.bt_conn_send_cb
                0x000000000800d4f4       0xe8 zephyr/subsys/bluetooth/host/libsubsys__bluetooth__host.a(conn.c.obj)
                0x000000000800d4f4                bt_conn_send_cb
 .text.bt_conn_prepare_events
                0x000000000800d5dc       0x44 zephyr/subsys/bluetooth/host/libsubsys__bluetooth__host.a(conn.c.obj)
                0x000000000800d5dc                bt_conn_prepare_events
 .text.bt_conn_lookup_handle
                0x000000000800d620       0x14 zephyr/subsys/bluetooth/host/libsubsys__bluetooth__host.a(conn.c.obj)
                0x000000000800d620                bt_conn_lookup_handle
 .text.bt_conn_lookup_addr_le
                0x000000000800d634       0x5c zephyr/subsys/bluetooth/host/libsubsys__bluetooth__host.a(conn.c.obj)
                0x000000000800d634                bt_conn_lookup_addr_le
 .text.bt_conn_lookup_state_le
                0x000000000800d690       0x84 zephyr/subsys/bluetooth/host/libsubsys__bluetooth__host.a(conn.c.obj)
                0x000000000800d690                bt_conn_lookup_state_le
 .text.bt_conn_exists_le
                0x000000000800d714       0xa8 zephyr/subsys/bluetooth/host/libsubsys__bluetooth__host.a(conn.c.obj)
                0x000000000800d714                bt_conn_exists_le
 .text.bt_conn_set_state
                0x000000000800d7bc      0x1f0 zephyr/subsys/bluetooth/host/libsubsys__bluetooth__host.a(conn.c.obj)
                0x000000000800d7bc                bt_conn_set_state
 .text.bt_conn_get_info
                0x000000000800d9ac       0x68 zephyr/subsys/bluetooth/host/libsubsys__bluetooth__host.a(conn.c.obj)
                0x000000000800d9ac                bt_conn_get_info
 .text.bt_conn_disconnect
                0x000000000800da14       0x74 zephyr/subsys/bluetooth/host/libsubsys__bluetooth__host.a(conn.c.obj)
                0x000000000800da14                bt_conn_disconnect
 .text.send_conn_le_param_update
                0x000000000800da88       0x68 zephyr/subsys/bluetooth/host/libsubsys__bluetooth__host.a(conn.c.obj)
 .text.bt_conn_create_pdu_timeout
                0x000000000800daf0       0x58 zephyr/subsys/bluetooth/host/libsubsys__bluetooth__host.a(conn.c.obj)
                0x000000000800daf0                bt_conn_create_pdu_timeout
 .text.bt_conn_create_frag_timeout
                0x000000000800db48       0x10 zephyr/subsys/bluetooth/host/libsubsys__bluetooth__host.a(conn.c.obj)
                0x000000000800db48                bt_conn_create_frag_timeout
 .text.create_frag
                0x000000000800db58       0x68 zephyr/subsys/bluetooth/host/libsubsys__bluetooth__host.a(conn.c.obj)
 .text.send_buf
                0x000000000800dbc0       0x7c zephyr/subsys/bluetooth/host/libsubsys__bluetooth__host.a(conn.c.obj)
 .text.bt_conn_process_tx
                0x000000000800dc3c       0x7c zephyr/subsys/bluetooth/host/libsubsys__bluetooth__host.a(conn.c.obj)
                0x000000000800dc3c                bt_conn_process_tx
 .text.bt_conn_auth_cb_register
                0x000000000800dcb8       0x50 zephyr/subsys/bluetooth/host/libsubsys__bluetooth__host.a(conn.c.obj)
                0x000000000800dcb8                bt_conn_auth_cb_register
 .text.bt_conn_index
                0x000000000800dd08       0x18 zephyr/subsys/bluetooth/host/libsubsys__bluetooth__host.a(conn.c.obj)
                0x000000000800dd08                bt_conn_index
 .text.bt_conn_lookup_index
                0x000000000800dd20       0x38 zephyr/subsys/bluetooth/host/libsubsys__bluetooth__host.a(conn.c.obj)
                0x000000000800dd20                bt_conn_lookup_index
 .text.bt_conn_init
                0x000000000800dd58       0x38 zephyr/subsys/bluetooth/host/libsubsys__bluetooth__host.a(conn.c.obj)
                0x000000000800dd58                bt_conn_init
 .text.get_ident
                0x000000000800dd90       0x1c zephyr/subsys/bluetooth/host/libsubsys__bluetooth__host.a(l2cap.c.obj)
 .text.le_conn_param_rsp
                0x000000000800ddac       0x3c zephyr/subsys/bluetooth/host/libsubsys__bluetooth__host.a(l2cap.c.obj)
 .text.l2cap_accept
                0x000000000800dde8       0x68 zephyr/subsys/bluetooth/host/libsubsys__bluetooth__host.a(l2cap.c.obj)
 .text.l2cap_rtx_timeout
                0x000000000800de50       0x4c zephyr/subsys/bluetooth/host/libsubsys__bluetooth__host.a(l2cap.c.obj)
 .text.l2cap_chan_add
                0x000000000800de9c       0x70 zephyr/subsys/bluetooth/host/libsubsys__bluetooth__host.a(l2cap.c.obj)
 .text.bt_l2cap_connected
                0x000000000800df0c       0x78 zephyr/subsys/bluetooth/host/libsubsys__bluetooth__host.a(l2cap.c.obj)
                0x000000000800df0c                bt_l2cap_connected
 .text.l2cap_create_le_sig_pdu
                0x000000000800df84       0x6c zephyr/subsys/bluetooth/host/libsubsys__bluetooth__host.a(l2cap.c.obj)
 .text.l2cap_recv
                0x000000000800dff0       0xf4 zephyr/subsys/bluetooth/host/libsubsys__bluetooth__host.a(l2cap.c.obj)
 .text.bt_l2cap_recv
                0x000000000800e0e4       0x90 zephyr/subsys/bluetooth/host/libsubsys__bluetooth__host.a(l2cap.c.obj)
                0x000000000800e0e4                bt_l2cap_recv
 .text.att_cfm_sent
                0x000000000800e174       0x14 zephyr/subsys/bluetooth/host/libsubsys__bluetooth__host.a(att.c.obj)
 .text.att_rsp_sent
                0x000000000800e188       0x14 zephyr/subsys/bluetooth/host/libsubsys__bluetooth__host.a(att.c.obj)
 .text.att_req_sent
                0x000000000800e19c       0x14 zephyr/subsys/bluetooth/host/libsubsys__bluetooth__host.a(att.c.obj)
 .text.att_cb   0x000000000800e1b0       0x40 zephyr/subsys/bluetooth/host/libsubsys__bluetooth__host.a(att.c.obj)
 .text.chan_cb  0x000000000800e1f0       0x38 zephyr/subsys/bluetooth/host/libsubsys__bluetooth__host.a(att.c.obj)
 .text.att_get  0x000000000800e228       0xb0 zephyr/subsys/bluetooth/host/libsubsys__bluetooth__host.a(att.c.obj)
 .text.att_chan_new
                0x000000000800e2d8       0xfc zephyr/subsys/bluetooth/host/libsubsys__bluetooth__host.a(att.c.obj)
 .text.bt_att_accept
                0x000000000800e3d4       0x84 zephyr/subsys/bluetooth/host/libsubsys__bluetooth__host.a(att.c.obj)
 .text.bt_att_released
                0x000000000800e458       0x1c zephyr/subsys/bluetooth/host/libsubsys__bluetooth__host.a(att.c.obj)
 .text.chan_send
                0x000000000800e474       0xbc zephyr/subsys/bluetooth/host/libsubsys__bluetooth__host.a(att.c.obj)
 .text.chan_req_sent
                0x000000000800e530       0x20 zephyr/subsys/bluetooth/host/libsubsys__bluetooth__host.a(att.c.obj)
 .text.read_group_cb
                0x000000000800e550       0xb4 zephyr/subsys/bluetooth/host/libsubsys__bluetooth__host.a(att.c.obj)
 .text.read_type_cb
                0x000000000800e604       0xac zephyr/subsys/bluetooth/host/libsubsys__bluetooth__host.a(att.c.obj)
 .text.find_type_cb
                0x000000000800e6b0      0x1b0 zephyr/subsys/bluetooth/host/libsubsys__bluetooth__host.a(att.c.obj)
 .text.bt_att_connected
                0x000000000800e860       0x44 zephyr/subsys/bluetooth/host/libsubsys__bluetooth__host.a(att.c.obj)
 .text.bt_att_chan_create_pdu
                0x000000000800e8a4       0xb0 zephyr/subsys/bluetooth/host/libsubsys__bluetooth__host.a(att.c.obj)
                0x000000000800e8a4                bt_att_chan_create_pdu
 .text.send_err_rsp
                0x000000000800e954       0x40 zephyr/subsys/bluetooth/host/libsubsys__bluetooth__host.a(att.c.obj)
 .text.bt_att_recv
                0x000000000800e994      0x1ac zephyr/subsys/bluetooth/host/libsubsys__bluetooth__host.a(att.c.obj)
 .text.att_write_rsp
                0x000000000800eb40       0xd0 zephyr/subsys/bluetooth/host/libsubsys__bluetooth__host.a(att.c.obj)
 .text.bt_att_create_pdu
                0x000000000800ec10       0xa0 zephyr/subsys/bluetooth/host/libsubsys__bluetooth__host.a(att.c.obj)
                0x000000000800ec10                bt_att_create_pdu
 .text.att_read_group_rsp
                0x000000000800ecb0       0x90 zephyr/subsys/bluetooth/host/libsubsys__bluetooth__host.a(att.c.obj)
 .text.att_read_mult_req
                0x000000000800ed40       0x8c zephyr/subsys/bluetooth/host/libsubsys__bluetooth__host.a(att.c.obj)
 .text.att_read_rsp
                0x000000000800edcc       0xa4 zephyr/subsys/bluetooth/host/libsubsys__bluetooth__host.a(att.c.obj)
 .text.att_read_type_rsp
                0x000000000800ee70       0x94 zephyr/subsys/bluetooth/host/libsubsys__bluetooth__host.a(att.c.obj)
 .text.att_find_type_rsp
                0x000000000800ef04       0x94 zephyr/subsys/bluetooth/host/libsubsys__bluetooth__host.a(att.c.obj)
 .text.att_find_info_rsp
                0x000000000800ef98       0x74 zephyr/subsys/bluetooth/host/libsubsys__bluetooth__host.a(att.c.obj)
 .text.att_mtu_req
                0x000000000800f00c       0x6c zephyr/subsys/bluetooth/host/libsubsys__bluetooth__host.a(att.c.obj)
 .text.bt_att_req_alloc
                0x000000000800f078       0x30 zephyr/subsys/bluetooth/host/libsubsys__bluetooth__host.a(att.c.obj)
                0x000000000800f078                bt_att_req_alloc
 .text.bt_att_req_free
                0x000000000800f0a8       0x18 zephyr/subsys/bluetooth/host/libsubsys__bluetooth__host.a(att.c.obj)
                0x000000000800f0a8                bt_att_req_free
 .text.att_handle_rsp
                0x000000000800f0c0       0xb8 zephyr/subsys/bluetooth/host/libsubsys__bluetooth__host.a(att.c.obj)
 .text.att_reset
                0x000000000800f178       0x74 zephyr/subsys/bluetooth/host/libsubsys__bluetooth__host.a(att.c.obj)
 .text.att_timeout
                0x000000000800f1ec       0x5c zephyr/subsys/bluetooth/host/libsubsys__bluetooth__host.a(att.c.obj)
 .text.db_hash_store
                0x000000000800f248       0x4c zephyr/subsys/bluetooth/host/libsubsys__bluetooth__host.a(gatt.c.obj)
 .text.db_hash_set
                0x000000000800f294       0x4c zephyr/subsys/bluetooth/host/libsubsys__bluetooth__host.a(gatt.c.obj)
 .text.find_cf_cfg
                0x000000000800f2e0       0x54 zephyr/subsys/bluetooth/host/libsubsys__bluetooth__host.a(gatt.c.obj)
 .text.find_sc_cfg
                0x000000000800f334       0x48 zephyr/subsys/bluetooth/host/libsubsys__bluetooth__host.a(gatt.c.obj)
 .text.ccc_save
                0x000000000800f37c       0x40 zephyr/subsys/bluetooth/host/libsubsys__bluetooth__host.a(gatt.c.obj)
 .text.find_cf_cfg_by_addr
                0x000000000800f3bc       0x3c zephyr/subsys/bluetooth/host/libsubsys__bluetooth__host.a(gatt.c.obj)
 .text.bt_gatt_attr_write_ccc
                0x000000000800f3f8       0xe0 zephyr/subsys/bluetooth/host/libsubsys__bluetooth__host.a(gatt.c.obj)
                0x000000000800f3f8                bt_gatt_attr_write_ccc
 .text.cf_write
                0x000000000800f4d8       0xb0 zephyr/subsys/bluetooth/host/libsubsys__bluetooth__host.a(gatt.c.obj)
 .text.sc_store
                0x000000000800f588       0x7c zephyr/subsys/bluetooth/host/libsubsys__bluetooth__host.a(gatt.c.obj)
 .text.sc_save  0x000000000800f604       0xa0 zephyr/subsys/bluetooth/host/libsubsys__bluetooth__host.a(gatt.c.obj)
 .text.bt_gatt_store_cf
                0x000000000800f6a4       0xa0 zephyr/subsys/bluetooth/host/libsubsys__bluetooth__host.a(gatt.c.obj)
 .text.bt_gatt_clear_sc
                0x000000000800f744       0x84 zephyr/subsys/bluetooth/host/libsubsys__bluetooth__host.a(gatt.c.obj)
 .text.sc_clear
                0x000000000800f7c8       0x64 zephyr/subsys/bluetooth/host/libsubsys__bluetooth__host.a(gatt.c.obj)
 .text.remove_peer_from_attr
                0x000000000800f82c       0x2c zephyr/subsys/bluetooth/host/libsubsys__bluetooth__host.a(gatt.c.obj)
 .text.sc_indicate_rsp
                0x000000000800f858       0x7c zephyr/subsys/bluetooth/host/libsubsys__bluetooth__host.a(gatt.c.obj)
 .text.sc_commit
                0x000000000800f8d4       0x50 zephyr/subsys/bluetooth/host/libsubsys__bluetooth__host.a(gatt.c.obj)
 .text.sc_indicate
                0x000000000800f924       0x74 zephyr/subsys/bluetooth/host/libsubsys__bluetooth__host.a(gatt.c.obj)
 .text.disconnected_cb
                0x000000000800f998       0xc4 zephyr/subsys/bluetooth/host/libsubsys__bluetooth__host.a(gatt.c.obj)
 .text.gatt_send
                0x000000000800fa5c       0x8c zephyr/subsys/bluetooth/host/libsubsys__bluetooth__host.a(gatt.c.obj)
 .text.gatt_indicate
                0x000000000800fae8       0xa0 zephyr/subsys/bluetooth/host/libsubsys__bluetooth__host.a(gatt.c.obj)
 .text.gatt_notify
                0x000000000800fb88       0x80 zephyr/subsys/bluetooth/host/libsubsys__bluetooth__host.a(gatt.c.obj)
 .text.notify_cb
                0x000000000800fc08      0x11c zephyr/subsys/bluetooth/host/libsubsys__bluetooth__host.a(gatt.c.obj)
 .text.ccc_set_direct
                0x000000000800fd24       0x60 zephyr/subsys/bluetooth/host/libsubsys__bluetooth__host.a(gatt.c.obj)
 .text.sc_set   0x000000000800fd84      0x158 zephyr/subsys/bluetooth/host/libsubsys__bluetooth__host.a(gatt.c.obj)
 .text.cf_set   0x000000000800fedc      0x140 zephyr/subsys/bluetooth/host/libsubsys__bluetooth__host.a(gatt.c.obj)
 .text.bt_gatt_clear_cf
                0x000000000801001c       0x50 zephyr/subsys/bluetooth/host/libsubsys__bluetooth__host.a(gatt.c.obj)
 .text.bt_gatt_init
                0x000000000801006c       0x9c zephyr/subsys/bluetooth/host/libsubsys__bluetooth__host.a(gatt.c.obj)
                0x000000000801006c                bt_gatt_init
 .text.bt_gatt_attr_get_handle
                0x0000000008010108       0x60 zephyr/subsys/bluetooth/host/libsubsys__bluetooth__host.a(gatt.c.obj)
                0x0000000008010108                bt_gatt_attr_get_handle
 .text.bt_gatt_attr_value_handle
                0x0000000008010168       0x30 zephyr/subsys/bluetooth/host/libsubsys__bluetooth__host.a(gatt.c.obj)
                0x0000000008010168                bt_gatt_attr_value_handle
 .text.bt_gatt_foreach_attr_type
                0x0000000008010198       0x94 zephyr/subsys/bluetooth/host/libsubsys__bluetooth__host.a(gatt.c.obj)
                0x0000000008010198                bt_gatt_foreach_attr_type
 .text.db_hash_gen
                0x000000000801022c       0xc4 zephyr/subsys/bluetooth/host/libsubsys__bluetooth__host.a(gatt.c.obj)
 .text.db_hash_commit
                0x00000000080102f0       0x64 zephyr/subsys/bluetooth/host/libsubsys__bluetooth__host.a(gatt.c.obj)
 .text.bt_gatt_clear_ccc
                0x0000000008010354       0x68 zephyr/subsys/bluetooth/host/libsubsys__bluetooth__host.a(gatt.c.obj)
 .text.gatt_find_by_uuid
                0x00000000080103bc       0x30 zephyr/subsys/bluetooth/host/libsubsys__bluetooth__host.a(gatt.c.obj)
 .text.bt_gatt_notify_cb
                0x00000000080103ec       0xe0 zephyr/subsys/bluetooth/host/libsubsys__bluetooth__host.a(gatt.c.obj)
                0x00000000080103ec                bt_gatt_notify_cb
 .text.bt_gatt_indicate
                0x00000000080104cc       0xe0 zephyr/subsys/bluetooth/host/libsubsys__bluetooth__host.a(gatt.c.obj)
                0x00000000080104cc                bt_gatt_indicate
 .text.sc_process
                0x00000000080105ac       0x84 zephyr/subsys/bluetooth/host/libsubsys__bluetooth__host.a(gatt.c.obj)
 .text.sc_restore
                0x0000000008010630       0x98 zephyr/subsys/bluetooth/host/libsubsys__bluetooth__host.a(gatt.c.obj)
 .text.update_ccc
                0x00000000080106c8       0xcc zephyr/subsys/bluetooth/host/libsubsys__bluetooth__host.a(gatt.c.obj)
 .text.bt_gatt_connected
                0x0000000008010794       0x94 zephyr/subsys/bluetooth/host/libsubsys__bluetooth__host.a(gatt.c.obj)
                0x0000000008010794                bt_gatt_connected
 .text.bt_gatt_encrypt_change
                0x0000000008010828       0x2c zephyr/subsys/bluetooth/host/libsubsys__bluetooth__host.a(gatt.c.obj)
                0x0000000008010828                bt_gatt_encrypt_change
 .text.db_hash_read
                0x0000000008010854       0x4c zephyr/subsys/bluetooth/host/libsubsys__bluetooth__host.a(gatt.c.obj)
 .text.bt_gatt_store_ccc
                0x00000000080108a0       0xc0 zephyr/subsys/bluetooth/host/libsubsys__bluetooth__host.a(gatt.c.obj)
                0x00000000080108a0                bt_gatt_store_ccc
 .text.bt_gatt_disconnected
                0x0000000008010960       0x78 zephyr/subsys/bluetooth/host/libsubsys__bluetooth__host.a(gatt.c.obj)
                0x0000000008010960                bt_gatt_disconnected
 .text.le_sc_supported
                0x00000000080109d8       0x18 zephyr/subsys/bluetooth/host/libsubsys__bluetooth__host.a(smp.c.obj)
 .text.get_io_capa
                0x00000000080109f0       0x50 zephyr/subsys/bluetooth/host/libsubsys__bluetooth__host.a(smp.c.obj)
 .text.get_pair_method
                0x0000000008010a40       0x50 zephyr/subsys/bluetooth/host/libsubsys__bluetooth__host.a(smp.c.obj)
 .text.smp_pairing_accept_query
                0x0000000008010a90       0x50 zephyr/subsys/bluetooth/host/libsubsys__bluetooth__host.a(smp.c.obj)
 .text.get_auth
                0x0000000008010ae0       0x40 zephyr/subsys/bluetooth/host/libsubsys__bluetooth__host.a(smp.c.obj)
 .text.sec_level_reachable
                0x0000000008010b20       0x78 zephyr/subsys/bluetooth/host/libsubsys__bluetooth__host.a(smp.c.obj)
 .text.smp_chan_get
                0x0000000008010b98       0x40 zephyr/subsys/bluetooth/host/libsubsys__bluetooth__host.a(smp.c.obj)
 .text.smp_create_pdu
                0x0000000008010bd8       0x5c zephyr/subsys/bluetooth/host/libsubsys__bluetooth__host.a(smp.c.obj)
 .text.sc_smp_check_confirm
                0x0000000008010c34       0x6c zephyr/subsys/bluetooth/host/libsubsys__bluetooth__host.a(smp.c.obj)
 .text.smp_f5   0x0000000008010ca0      0x144 zephyr/subsys/bluetooth/host/libsubsys__bluetooth__host.a(smp.c.obj)
 .text.smp_g2   0x0000000008010de4       0xac zephyr/subsys/bluetooth/host/libsubsys__bluetooth__host.a(smp.c.obj)
 .text.smp_send
                0x0000000008010e90       0x30 zephyr/subsys/bluetooth/host/libsubsys__bluetooth__host.a(smp.c.obj)
 .text.smp_send_pairing_confirm
                0x0000000008010ec0       0xa4 zephyr/subsys/bluetooth/host/libsubsys__bluetooth__host.a(smp.c.obj)
 .text.sc_send_public_key
                0x0000000008010f64       0x48 zephyr/subsys/bluetooth/host/libsubsys__bluetooth__host.a(smp.c.obj)
 .text.smp_pairing_complete
                0x0000000008010fac       0xb4 zephyr/subsys/bluetooth/host/libsubsys__bluetooth__host.a(smp.c.obj)
 .text.bt_smp_dhkey_ready
                0x0000000008011060       0xec zephyr/subsys/bluetooth/host/libsubsys__bluetooth__host.a(smp.c.obj)
 .text.smp_timeout
                0x000000000801114c       0x5c zephyr/subsys/bluetooth/host/libsubsys__bluetooth__host.a(smp.c.obj)
 .text.display_passkey
                0x00000000080111a8       0x74 zephyr/subsys/bluetooth/host/libsubsys__bluetooth__host.a(smp.c.obj)
 .text.smp_pairing_random
                0x000000000801121c      0x1b8 zephyr/subsys/bluetooth/host/libsubsys__bluetooth__host.a(smp.c.obj)
 .text.smp_init
                0x00000000080113d4       0x4c zephyr/subsys/bluetooth/host/libsubsys__bluetooth__host.a(smp.c.obj)
 .text.smp_pairing_req
                0x0000000008011420      0x240 zephyr/subsys/bluetooth/host/libsubsys__bluetooth__host.a(smp.c.obj)
 .text.bt_smp_accept
                0x0000000008011660       0x6c zephyr/subsys/bluetooth/host/libsubsys__bluetooth__host.a(smp.c.obj)
 .text.smp_pairing_failed
                0x00000000080116cc       0x98 zephyr/subsys/bluetooth/host/libsubsys__bluetooth__host.a(smp.c.obj)
 .text.bt_smp_distribute_keys
                0x0000000008011764       0x50 zephyr/subsys/bluetooth/host/libsubsys__bluetooth__host.a(smp.c.obj)
 .text.bt_smp_recv
                0x00000000080117b4      0x18c zephyr/subsys/bluetooth/host/libsubsys__bluetooth__host.a(smp.c.obj)
 .text.generate_dhkey
                0x0000000008011940       0x34 zephyr/subsys/bluetooth/host/libsubsys__bluetooth__host.a(smp.c.obj)
 .text.smp_public_key_slave
                0x0000000008011974       0xe4 zephyr/subsys/bluetooth/host/libsubsys__bluetooth__host.a(smp.c.obj)
 .text.smp_public_key
                0x0000000008011a58       0xb8 zephyr/subsys/bluetooth/host/libsubsys__bluetooth__host.a(smp.c.obj)
 .text.smp_ident_info
                0x0000000008011b10       0x94 zephyr/subsys/bluetooth/host/libsubsys__bluetooth__host.a(smp.c.obj)
 .text.smp_ident_addr_info
                0x0000000008011ba4      0x18c zephyr/subsys/bluetooth/host/libsubsys__bluetooth__host.a(smp.c.obj)
 .text.bt_smp_connected
                0x0000000008011d30       0x1c zephyr/subsys/bluetooth/host/libsubsys__bluetooth__host.a(smp.c.obj)
 .text.bt_smp_pkey_ready
                0x0000000008011d4c       0x88 zephyr/subsys/bluetooth/host/libsubsys__bluetooth__host.a(smp.c.obj)
 .text.bt_smp_update_keys
                0x0000000008011dd4      0x150 zephyr/subsys/bluetooth/host/libsubsys__bluetooth__host.a(smp.c.obj)
                0x0000000008011dd4                bt_smp_update_keys
 .text.bt_smp_init
                0x0000000008011f24       0x54 zephyr/subsys/bluetooth/host/libsubsys__bluetooth__host.a(smp.c.obj)
                0x0000000008011f24                bt_smp_init
 .text.bt_keys_get_addr
                0x0000000008011f78       0x80 zephyr/subsys/bluetooth/host/libsubsys__bluetooth__host.a(keys.c.obj)
                0x0000000008011f78                bt_keys_get_addr
 .text.bt_foreach_bond
                0x0000000008011ff8       0x48 zephyr/subsys/bluetooth/host/libsubsys__bluetooth__host.a(keys.c.obj)
                0x0000000008011ff8                bt_foreach_bond
 .text.bt_keys_foreach
                0x0000000008012040       0x30 zephyr/subsys/bluetooth/host/libsubsys__bluetooth__host.a(keys.c.obj)
                0x0000000008012040                bt_keys_foreach
 .text.keys_commit
                0x0000000008012070       0x14 zephyr/subsys/bluetooth/host/libsubsys__bluetooth__host.a(keys.c.obj)
 .text.bt_keys_find
                0x0000000008012084       0x4c zephyr/subsys/bluetooth/host/libsubsys__bluetooth__host.a(keys.c.obj)
                0x0000000008012084                bt_keys_find
 .text.bt_keys_find_irk
                0x00000000080120d0       0xbc zephyr/subsys/bluetooth/host/libsubsys__bluetooth__host.a(keys.c.obj)
                0x00000000080120d0                bt_keys_find_irk
 .text.bt_keys_find_addr
                0x000000000801218c       0x3c zephyr/subsys/bluetooth/host/libsubsys__bluetooth__host.a(keys.c.obj)
                0x000000000801218c                bt_keys_find_addr
 .text.bt_keys_clear
                0x00000000080121c8       0x5c zephyr/subsys/bluetooth/host/libsubsys__bluetooth__host.a(keys.c.obj)
                0x00000000080121c8                bt_keys_clear
 .text.keys_set
                0x0000000008012224      0x1b4 zephyr/subsys/bluetooth/host/libsubsys__bluetooth__host.a(keys.c.obj)
 .text.bt_keys_store
                0x00000000080123d8       0x80 zephyr/subsys/bluetooth/host/libsubsys__bluetooth__host.a(keys.c.obj)
                0x00000000080123d8                bt_keys_store
 .text.pool_id  0x0000000008012458       0x18 zephyr/subsys/net/libsubsys__net.a(buf.c.obj)
 .text.net_buf_pool_get
                0x0000000008012470       0x10 zephyr/subsys/net/libsubsys__net.a(buf.c.obj)
                0x0000000008012470                net_buf_pool_get
 .text.net_buf_id
                0x0000000008012480       0x1c zephyr/subsys/net/libsubsys__net.a(buf.c.obj)
                0x0000000008012480                net_buf_id
 .text.hid_do_status_cb
                0x000000000801249c      0x1a8 zephyr/subsys/usb/class/hid/libsubsys__usb__class__hid.a(core.c.obj)
 .text.hid_int_in
                0x0000000008012644       0x5c zephyr/subsys/usb/class/hid/libsubsys__usb__class__hid.a(core.c.obj)
 .text.hid_custom_handle_req
                0x00000000080126a0       0xf0 zephyr/subsys/usb/class/hid/libsubsys__usb__class__hid.a(core.c.obj)
 .text.hid_class_handle_req
                0x0000000008012790      0x1bc zephyr/subsys/usb/class/hid/libsubsys__usb__class__hid.a(core.c.obj)
 .text.hid_status_cb
                0x000000000801294c       0x54 zephyr/subsys/usb/class/hid/libsubsys__usb__class__hid.a(core.c.obj)
 .text.usb_hid_register_device
                0x00000000080129a0       0x34 zephyr/subsys/usb/class/hid/libsubsys__usb__class__hid.a(core.c.obj)
                0x00000000080129a0                usb_hid_register_device
 .text.hid_int_ep_write
                0x00000000080129d4       0x4c zephyr/subsys/usb/class/hid/libsubsys__usb__class__hid.a(core.c.obj)
                0x00000000080129d4                hid_int_ep_write
 .text.gpio_stm32_set_exti_source
                0x0000000008012a20       0x5c zephyr/drivers/gpio/libdrivers__gpio.a(gpio_stm32.c.obj)
 .text.gpio_stm32_get_exti_source
                0x0000000008012a7c       0x4c zephyr/drivers/gpio/libdrivers__gpio.a(gpio_stm32.c.obj)
 .text.gpio_stm32_enable_int
                0x0000000008012ac8       0x3c zephyr/drivers/gpio/libdrivers__gpio.a(gpio_stm32.c.obj)
 .text.gpio_stm32_pin_interrupt_configure
                0x0000000008012b04       0x94 zephyr/drivers/gpio/libdrivers__gpio.a(gpio_stm32.c.obj)